Component: Arm Compiler for Embedded 6.23 Tool: armlink [5f102400]

==============================================================================

Section Cross References

    startup_stm32h503xx.o(RESET) refers to startup_stm32h503xx.o(STACK) for __initial_sp
    startup_stm32h503xx.o(RESET) refers to startup_stm32h503xx.o(.text) for Reset_Handler
    startup_stm32h503xx.o(RESET) refers to stm32h5xx_it.o(.text.NMI_Handler) for NMI_Handler
    startup_stm32h503xx.o(RESET) refers to stm32h5xx_it.o(.text.HardFault_Handler) for HardFault_Handler
    startup_stm32h503xx.o(RESET) refers to stm32h5xx_it.o(.text.MemManage_Handler) for MemManage_Handler
    startup_stm32h503xx.o(RESET) refers to stm32h5xx_it.o(.text.BusFault_Handler) for BusFault_Handler
    startup_stm32h503xx.o(RESET) refers to stm32h5xx_it.o(.text.UsageFault_Handler) for UsageFault_Handler
    startup_stm32h503xx.o(RESET) refers to stm32h5xx_it.o(.text.SVC_Handler) for SVC_Handler
    startup_stm32h503xx.o(RESET) refers to stm32h5xx_it.o(.text.DebugMon_Handler) for DebugMon_Handler
    startup_stm32h503xx.o(RESET) refers to stm32h5xx_it.o(.text.PendSV_Handler) for PendSV_Handler
    startup_stm32h503xx.o(RESET) refers to stm32h5xx_it.o(.text.SysTick_Handler) for SysTick_Handler
    startup_stm32h503xx.o(RESET) refers to stm32h5xx_it.o(.text.GPDMA1_Channel0_IRQHandler) for GPDMA1_Channel0_IRQHandler
    startup_stm32h503xx.o(RESET) refers to stm32h5xx_it.o(.text.USART1_IRQHandler) for USART1_IRQHandler
    startup_stm32h503xx.o(RESET) refers to stm32h5xx_it.o(.text.USART2_IRQHandler) for USART2_IRQHandler
    startup_stm32h503xx.o(RESET) refers to stm32h5xx_it.o(.text.USART3_IRQHandler) for USART3_IRQHandler
    startup_stm32h503xx.o(.text) refers to system_stm32h5xx.o(.text.SystemInit) for SystemInit
    startup_stm32h503xx.o(.text) refers to entry.o(.ARM.Collect$$$$00000000) for __main
    dts6012m.o(.text.dts6012_start) refers to usart.o(.bss.huart3) for huart3
    dts6012m.o(.text.dts6012_start) refers to dts6012m.o(.data.dts6012m_start_cmd) for dts6012m_start_cmd
    dts6012m.o(.text.dts6012_start) refers to stm32h5xx_hal_uart.o(.text.HAL_UART_Transmit) for HAL_UART_Transmit
    dts6012m.o(.ARM.exidx.text.dts6012_start) refers to dts6012m.o(.text.dts6012_start) for [Anonymous Symbol]
    dts6012m.o(.text.dts6012m_Stop) refers to usart.o(.bss.huart3) for huart3
    dts6012m.o(.text.dts6012m_Stop) refers to dts6012m.o(.data.dts6012m_stop_cmd) for dts6012m_stop_cmd
    dts6012m.o(.text.dts6012m_Stop) refers to stm32h5xx_hal_uart.o(.text.HAL_UART_Transmit) for HAL_UART_Transmit
    dts6012m.o(.ARM.exidx.text.dts6012m_Stop) refers to dts6012m.o(.text.dts6012m_Stop) for [Anonymous Symbol]
    dts6012m.o(.text.dts6012_getDepthAndAmp) refers to main.o(.bss.dts6012_DMAdata) for dts6012_DMAdata
    dts6012m.o(.ARM.exidx.text.dts6012_getDepthAndAmp) refers to dts6012m.o(.text.dts6012_getDepthAndAmp) for [Anonymous Symbol]
    sensorapplogic.o(.text.DistanceThresholdLearning) refers to sensorapplogic.o(.bss..L_MergedGlobals.1) for .L_MergedGlobals.1
    sensorapplogic.o(.text.DistanceThresholdLearning) refers to dts6012m.o(.text.dts6012_getDepthAndAmp) for dts6012_getDepthAndAmp
    sensorapplogic.o(.text.DistanceThresholdLearning) refers to sensorparatable.o(.bss.PARA_TABLE_USE) for PARA_TABLE_USE
    sensorapplogic.o(.text.DistanceThresholdLearning) refers to sensorapplogic.o(.bss.nd06_data) for nd06_data
    sensorapplogic.o(.text.DistanceThresholdLearning) refers to nd06av1c_app.o(.data.g_nd06av1c_device) for g_nd06av1c_device
    sensorapplogic.o(.text.DistanceThresholdLearning) refers to nd06av1c_data.o(.text.ND06AV1C_GetDepthAndAmpData) for ND06AV1C_GetDepthAndAmpData
    sensorapplogic.o(.text.DistanceThresholdLearning) refers to sensorapplogic.o(.data..L_MergedGlobals) for .L_MergedGlobals
    sensorapplogic.o(.ARM.exidx.text.DistanceThresholdLearning) refers to sensorapplogic.o(.text.DistanceThresholdLearning) for [Anonymous Symbol]
    sensorapplogic.o(.text.cargolift_DistanceThresholdLearning) refers to sensorapplogic.o(.bss..L_MergedGlobals.1) for .L_MergedGlobals.1
    sensorapplogic.o(.text.cargolift_DistanceThresholdLearning) refers to dts6012m.o(.text.dts6012_getDepthAndAmp) for dts6012_getDepthAndAmp
    sensorapplogic.o(.text.cargolift_DistanceThresholdLearning) refers to sensorparatable.o(.bss.PARA_TABLE_USE) for PARA_TABLE_USE
    sensorapplogic.o(.text.cargolift_DistanceThresholdLearning) refers to sensorparatable.o(.text.paraTable_Write) for paraTable_Write
    sensorapplogic.o(.text.cargolift_DistanceThresholdLearning) refers to sensorapplogic.o(.bss.nd06_data) for nd06_data
    sensorapplogic.o(.text.cargolift_DistanceThresholdLearning) refers to nd06av1c_app.o(.data.g_nd06av1c_device) for g_nd06av1c_device
    sensorapplogic.o(.text.cargolift_DistanceThresholdLearning) refers to nd06av1c_data.o(.text.ND06AV1C_GetDepthAndAmpData) for ND06AV1C_GetDepthAndAmpData
[...]
    [Anonymous Symbol]                       0x20000296   Section        0  main.o(.bss..L_MergedGlobals)
    .L_MergedGlobals                         0x200002b8   Data          60  usart.o(.bss..L_MergedGlobals)
    [Anonymous Symbol]                       0x200002b8   Section        0  usart.o(.bss..L_MergedGlobals)
    .L_MergedGlobals                         0x200002f4   Data          40  platform.o(.bss..L_MergedGlobals)
    [Anonymous Symbol]                       0x200002f4   Section        0  platform.o(.bss..L_MergedGlobals)
    .L_MergedGlobals                         0x2000031c   Data           8  nd06av1c_comm.o(.bss..L_MergedGlobals)
    [Anonymous Symbol]                       0x2000031c   Section        0  nd06av1c_comm.o(.bss..L_MergedGlobals)
    .L_MergedGlobals                         0x20000324   Data          12  nd06av1c_dev.o(.bss..L_MergedGlobals)
    [Anonymous Symbol]                       0x20000324   Section        0  nd06av1c_dev.o(.bss..L_MergedGlobals)
    .L_MergedGlobals.1                       0x20000330   Data          90  sensorapplogic.o(.bss..L_MergedGlobals.1)
    [Anonymous Symbol]                       0x20000330   Section        0  sensorapplogic.o(.bss..L_MergedGlobals.1)
    ClosingTimeLearning.learningStarted      0x20000339   Data           1  sensorapplogic.o(.bss..L_MergedGlobals.1)
    cargoLift_ObjectDetection.IOoutDelayFlag 0x2000033e   Data           1  sensorapplogic.o(.bss..L_MergedGlobals.1)
    cargoLift_ObjectDetection.IOoutDelayCnt  0x20000342   Data           2  sensorapplogic.o(.bss..L_MergedGlobals.1)
    cargoLift_ObjectDetection.nd06AV1C_objDetectFlagOLD 0x20000344   Data           2  sensorapplogic.o(.bss..L_MergedGlobals.1)
    cargoLift_ObjectDetection.dts6012ObjDetectFlagOLD 0x20000346   Data           2  sensorapplogic.o(.bss..L_MergedGlobals.1)
    ClosingTimeLearning.startTick            0x2000037c   Data           4  sensorapplogic.o(.bss..L_MergedGlobals.1)
    .L_MergedGlobals.1                       0x2000038c   Data          84  rs485.o(.bss..L_MergedGlobals.1)
    [Anonymous Symbol]                       0x2000038c   Section        0  rs485.o(.bss..L_MergedGlobals.1)
    STACK                                    0x20000c18   Section     1024  startup_stm32h503xx.o(STACK)

    Global Symbols

    Symbol Name                              Value     Ov Type        Size  Object(Section)

    BuildAttributes$$THM_ISAv4$E$P$D$K$B$S$7EM$8M$VFPi5$EXTD16$VFPS$VFMA$PE$A:L22UL41UL21$X:L11$S22US41US21$IEEE1$IW$~IW$USESV6$~STKCKD$USESV7$~SHL$OTIME$ROPI$EBA8$MICROLIB$REQ8$PRES8$EABIv2 0x00000000   Number         0  anon$$obj.o ABSOLUTE
    __cpp_initialize__aeabi_                  - Undefined Weak Reference
    __cxa_finalize                            - Undefined Weak Reference
    _clock_init                               - Undefined Weak Reference
    _microlib_exit                            - Undefined Weak Reference
    __Vectors_Size                           0x00000258   Number         0  startup_stm32h503xx.o ABSOLUTE
    __Vectors                                0x08000000   Data           4  startup_stm32h503xx.o(RESET)
    __Vectors_End                            0x08000258   Data           0  startup_stm32h503xx.o(RESET)
    __main                                   0x08000259   Thumb Code     0  entry.o(.ARM.Collect$$$$00000000)
    _main_stk                                0x08000259   Thumb Code     0  entry2.o(.ARM.Collect$$$$00000001)
    _main_scatterload                        0x0800025d   Thumb Code     0  entry5.o(.ARM.Collect$$$$00000004)
    __main_after_scatterload                 0x08000261   Thumb Code     0  entry5.o(.ARM.Collect$$$$00000004)
    _main_clock                              0x08000261   Thumb Code     0  entry7b.o(.ARM.Collect$$$$00000008)
    _main_cpp_init                           0x08000261   Thumb Code     0  entry8b.o(.ARM.Collect$$$$0000000A)
    _main_init                               0x08000261   Thumb Code     0  entry9a.o(.ARM.Collect$$$$0000000B)
    __rt_final_cpp                           0x08000269   Thumb Code     0  entry10a.o(.ARM.Collect$$$$0000000D)
    __rt_final_exit                          0x08000269   Thumb Code     0  entry11a.o(.ARM.Collect$$$$0000000F)
    Reset_Handler                            0x0800026d   Thumb Code     8  startup_stm32h503xx.o(.text)
    SecureFault_Handler                      0x0800027f   Thumb Code     2  startup_stm32h503xx.o(.text)
    ADC1_IRQHandler                          0x08000289   Thumb Code     0  startup_stm32h503xx.o(.text)
    COMP1_IRQHandler                         0x08000289   Thumb Code     0  startup_stm32h503xx.o(.text)
    CRS_IRQHandler                           0x08000289   Thumb Code     0  startup_stm32h503xx.o(.text)
    DAC1_IRQHandler                          0x08000289   Thumb Code     0  startup_stm32h503xx.o(.text)
    DTS_IRQHandler                           0x08000289   Thumb Code     0  startup_stm32h503xx.o(.text)
    EXTI0_IRQHandler                         0x08000289   Thumb Code     0  startup_stm32h503xx.o(.text)
    EXTI10_IRQHandler                        0x08000289   Thumb Code     0  startup_stm32h503xx.o(.text)
    EXTI11_IRQHandler                        0x08000289   Thumb Code     0  startup_stm32h503xx.o(.text)
    EXTI12_IRQHandler                        0x08000289   Thumb Code     0  startup_stm32h503xx.o(.text)
    EXTI13_IRQHandler                        0x08000289   Thumb Code     0  startup_stm32h503xx.o(.text)
    EXTI14_IRQHandler                        0x08000289   Thumb Code     0  startup_stm32h503xx.o(.text)
    EXTI15_IRQHandler                        0x08000289   Thumb Code     0  startup_stm32h503xx.o(.text)
    EXTI1_IRQHandler                         0x08000289   Thumb Code     0  startup_stm32h503xx.o(.text)
    EXTI2_IRQHandler                         0x08000289   Thumb Code     0  startup_stm32h503xx.o(.text)
    EXTI3_IRQHandler                         0x08000289   Thumb Code     0  startup_stm32h503xx.o(.text)
    EXTI4_IRQHandler                         0x08000289   Thumb Code     0  startup_stm32h503xx.o(.text)
    EXTI5_IRQHandler                         0x08000289   Thumb Code     0  startup_stm32h503xx.o(.text)
    EXTI6_IRQHandler                         0x08000289   Thumb Code     0  startup_stm32h503xx.o(.text)
    EXTI7_IRQHandler                         0x08000289   Thumb Code     0  startup_stm32h503xx.o(.text)
    EXTI8_IRQHandler                         0x08000289   Thumb Code     0  startup_stm32h503xx.o(.text)
    EXTI9_IRQHandler                         0x08000289   Thumb Code     0  startup_stm32h503xx.o(.text)
    FDCAN1_IT0_IRQHandler                    0x08000289   Thumb Code     0  startup_stm32h503xx.o(.text)
    FDCAN1_IT1_IRQHandler                    0x08000289   Thumb Code     0  startup_stm32h503xx.o(.text)
    FLASH_IRQHandler                         0x08000289   Thumb Code     0  startup_stm32h503xx.o(.text)
    FPU_IRQHandler                           0x08000289   Thumb Code     0  startup_stm32h503xx.o(.text)
    GPDMA1_Channel1_IRQHandler               0x08000289   Thumb Code     0  startup_stm32h503xx.o(.text)
    GPDMA1_Channel2_IRQHandler               0x08000289   Thumb Code     0  startup_stm32h503xx.o(.text)
    GPDMA1_Channel3_IRQHandler               0x08000289   Thumb Code     0  startup_stm32h503xx.o(.text)
    GPDMA1_Channel4_IRQHandler               0x08000289   Thumb Code     0  startup_stm32h503xx.o(.text)
    GPDMA1_Channel5_IRQHandler               0x08000289   Thumb Code     0  startup_stm32h503xx.o(.text)
    GPDMA1_Channel6_IRQHandler               0x08000289   Thumb Code     0  startup_stm32h503xx.o(.text)
    GPDMA1_Channel7_IRQHandler               0x08000289   Thumb Code     0  startup_stm32h503xx.o(.text)
    GPDMA2_Channel0_IRQHandler               0x08000289   Thumb Code     0  startup_stm32h503xx.o(.text)
    GPDMA2_Channel1_IRQHandler               0x08000289   Thumb Code     0  startup_stm32h503xx.o(.text)
    GPDMA2_Channel2_IRQHandler               0x08000289   Thumb Code     0  startup_stm32h503xx.o(.text)
    GPDMA2_Channel3_IRQHandler               0x08000289   Thumb Code     0  startup_stm32h503xx.o(.text)
    GPDMA2_Channel4_IRQHandler               0x08000289   Thumb Code     0  startup_stm32h503xx.o(.text)
    GPDMA2_Channel5_IRQHandler               0x08000289   Thumb Code     0  startup_stm32h503xx.o(.text)
    GPDMA2_Channel6_IRQHandler               0x08000289   Thumb Code     0  startup_stm32h503xx.o(.text)
    GPDMA2_Channel7_IRQHandler               0x08000289   Thumb Code     0  startup_stm32h503xx.o(.text)
    GTZC_IRQHandler                          0x08000289   Thumb Code     0  startup_stm32h503xx.o(.text)
    HASH_IRQHandler                          0x08000289   Thumb Code     0  startup_stm32h503xx.o(.text)
    I2C1_ER_IRQHandler                       0x08000289   Thumb Code     0  startup_stm32h503xx.o(.text)
    I2C1_EV_IRQHandler                       0x08000289   Thumb Code     0  startup_stm32h503xx.o(.text)
    I2C2_ER_IRQHandler                       0x08000289   Thumb Code     0  startup_stm32h503xx.o(.text)
    I2C2_EV_IRQHandler                       0x08000289   Thumb Code     0  startup_stm32h503xx.o(.text)
    I3C1_ER_IRQHandler                       0x08000289   Thumb Code     0  startup_stm32h503xx.o(.text)
    I3C1_EV_IRQHandler                       0x08000289   Thumb Code     0  startup_stm32h503xx.o(.text)
    I3C2_ER_IRQHandler                       0x08000289   Thumb Code     0  startup_stm32h503xx.o(.text)
    I3C2_EV_IRQHandler                       0x08000289   Thumb Code     0  startup_stm32h503xx.o(.text)
    ICACHE_IRQHandler                        0x08000289   Thumb Code     0  startup_stm32h503xx.o(.text)
    IWDG_IRQHandler                          0x08000289   Thumb Code     0  startup_stm32h503xx.o(.text)
    LPTIM1_IRQHandler                        0x08000289   Thumb Code     0  startup_stm32h503xx.o(.text)
    LPTIM2_IRQHandler                        0x08000289   Thumb Code     0  startup_stm32h503xx.o(.text)
    LPUART1_IRQHandler                       0x08000289   Thumb Code     0  startup_stm32h503xx.o(.text)
    PVD_AVD_IRQHandler                       0x08000289   Thumb Code     0  startup_stm32h503xx.o(.text)
    RAMCFG_IRQHandler                        0x08000289   Thumb Code     0  startup_stm32h503xx.o(.text)
    RCC_IRQHandler                           0x08000289   Thumb Code     0  startup_stm32h503xx.o(.text)
    RNG_IRQHandler                           0x08000289   Thumb Code     0  startup_stm32h503xx.o(.text)
    RTC_IRQHandler                           0x08000289   Thumb Code     0  startup_stm32h503xx.o(.text)
    SPI1_IRQHandler                          0x08000289   Thumb Code     0  startup_stm32h503xx.o(.text)
    SPI2_IRQHandler                          0x08000289   Thumb Code     0  startup_stm32h503xx.o(.text)
    SPI3_IRQHandler                          0x08000289   Thumb Code     0  startup_stm32h503xx.o(.text)
    TAMP_IRQHandler                          0x08000289   Thumb Code     0  startup_stm32h503xx.o(.text)
    TIM1_BRK_IRQHandler                      0x08000289   Thumb Code     0  startup_stm32h503xx.o(.text)
    TIM1_CC_IRQHandler                       0x08000289   Thumb Code     0  startup_stm32h503xx.o(.text)
    TIM1_TRG_COM_IRQHandler                  0x08000289   Thumb Code     0  startup_stm32h503xx.o(.text)
    TIM1_UP_IRQHandler                       0x08000289   Thumb Code     0  startup_stm32h503xx.o(.text)
    TIM2_IRQHandler                          0x08000289   Thumb Code     0  startup_stm32h503xx.o(.text)
    TIM3_IRQHandler                          0x08000289   Thumb Code     0  startup_stm32h503xx.o(.text)
    TIM6_IRQHandler                          0x08000289   Thumb Code     0  startup_stm32h503xx.o(.text)
    TIM7_IRQHandler                          0x08000289   Thumb Code     0  startup_stm32h503xx.o(.text)
    USB_DRD_FS_IRQHandler                    0x08000289   Thumb Code     0  startup_stm32h503xx.o(.text)
    WWDG_IRQHandler                          0x08000289   Thumb Code     0  startup_stm32h503xx.o(.text)
    __aeabi_uldivmod                         0x08000295   Thumb Code    98  uldiv.o(.text)
    __aeabi_memcpy                           0x080002f7   Thumb Code    36  memcpya.o(.text)
    __aeabi_memcpy4                          0x080002f7   Thumb Code     0  memcpya.o(.text)
    __aeabi_memcpy8                          0x080002f7   Thumb Code     0  memcpya.o(.text)
    __aeabi_memset                           0x0800031b   Thumb Code    14  memseta.o(.text)
    __aeabi_memset4                          0x0800031b   Thumb Code     0  memseta.o(.text)
    __aeabi_memset8                          0x0800031b   Thumb Code     0  memseta.o(.text)
    __aeabi_memclr                           0x08000329   Thumb Code     4  memseta.o(.text)
    __aeabi_memclr4                          0x08000329   Thumb Code     0  memseta.o(.text)
    __aeabi_memclr8                          0x08000329   Thumb Code     0  memseta.o(.text)
    _memset$wrapper                          0x0800032d   Thumb Code    18  memseta.o(.text)
    __aeabi_llsl                             0x0800033f   Thumb Code    30  llshl.o(.text)
    _ll_shift_l                              0x0800033f   Thumb Code     0  llshl.o(.text)
    __aeabi_llsr                             0x0800035d   Thumb Code    32  llushr.o(.text)
    _ll_ushift_r                             0x0800035d   Thumb Code     0  llushr.o(.text)
    __scatterload                            0x0800037d   Thumb Code    38  init.o(.text)
    __scatterload_rt2                        0x0800037d   Thumb Code     0  init.o(.text)
    __decompress                             0x080003ad   Thumb Code     0  __dczerorl2.o(.text)
    __decompress1                            0x080003ad   Thumb Code    86  __dczerorl2.o(.text)
    BusFault_Handler                         0x08000405   Thumb Code     2  stm32h5xx_it.o(.text.BusFault_Handler)
    ClosingTimeLearning                      0x08000409   Thumb Code   260  sensorapplogic.o(.text.ClosingTimeLearning)
    DebugMon_Handler                         0x080006e1   Thumb Code     2  stm32h5xx_it.o(.text.DebugMon_Handler)
    DistanceThresholdLearning                0x080006e5   Thumb Code   206  sensorapplogic.o(.text.DistanceThresholdLearning)
    ElevatorSignaMonitoring                  0x080007b5   Thumb Code    94  elevatorsignalmonitor.o(.text.ElevatorSignaMonitoring)
    Error_Handler                            0x08000815   Thumb Code     6  main.o(.text.Error_Handler)
    FLASH_WaitForLastOperation               0x0800081d   Thumb Code   144  stm32h5xx_hal_flash.o(.text.FLASH_WaitForLastOperation)
    GPDMA1_Channel0_IRQHandler               0x080008ad   Thumb Code    12  stm32h5xx_it.o(.text.GPDMA1_Channel0_IRQHandler)
    HAL_DMAEx_List_BuildNode                 0x080008b9   Thumb Code   372  stm32h5xx_hal_dma_ex.o(.text.HAL_DMAEx_List_BuildNode)
    HAL_DMAEx_List_Init                      0x08000a2d   Thumb Code   226  stm32h5xx_hal_dma_ex.o(.text.HAL_DMAEx_List_Init)
    HAL_DMAEx_List_InsertNode                0x08000b11   Thumb Code   298  stm32h5xx_hal_dma_ex.o(.text.HAL_DMAEx_List_InsertNode)
    HAL_DMAEx_List_LinkQ                     0x08000c3d   Thumb Code   166  stm32h5xx_hal_dma_ex.o(.text.HAL_DMAEx_List_LinkQ)
    HAL_DMAEx_List_SetCircularMode           0x08000ce5   Thumb Code   278  stm32h5xx_hal_dma_ex.o(.text.HAL_DMAEx_List_SetCircularMode)
    HAL_DMAEx_List_Start_IT                  0x08000dfd   Thumb Code   200  stm32h5xx_hal_dma_ex.o(.text.HAL_DMAEx_List_Start_IT)
    HAL_DMA_Abort                            0x08000ec5   Thumb Code   168  stm32h5xx_hal_dma.o(.text.HAL_DMA_Abort)
    HAL_DMA_Abort_IT                         0x08000f6d   Thumb Code    40  stm32h5xx_hal_dma.o(.text.HAL_DMA_Abort_IT)
    HAL_DMA_ConfigChannelAttributes          0x08000f95   Thumb Code    58  stm32h5xx_hal_dma.o(.text.HAL_DMA_ConfigChannelAttributes)
    HAL_DMA_DeInit                           0x08000fd1   Thumb Code   222  stm32h5xx_hal_dma.o(.text.HAL_DMA_DeInit)
    HAL_DMA_GetError                         0x080010b1   Thumb Code     4  stm32h5xx_hal_dma.o(.text.HAL_DMA_GetError)
    HAL_DMA_IRQHandler                       0x080010b5   Thumb Code   424  stm32h5xx_hal_dma.o(.text.HAL_DMA_IRQHandler)
    HAL_DMA_Start_IT                         0x0800125d   Thumb Code   166  stm32h5xx_hal_dma.o(.text.HAL_DMA_Start_IT)
    HAL_Delay                                0x08001305   Thumb Code    40  stm32h5xx_hal.o(.text.HAL_Delay)
    HAL_FLASHEx_Erase                        0x0800132d   Thumb Code   300  stm32h5xx_hal_flash_ex.o(.text.HAL_FLASHEx_Erase)
    HAL_FLASH_Lock                           0x08001459   Thumb Code    26  stm32h5xx_hal_flash.o(.text.HAL_FLASH_Lock)
    HAL_FLASH_Program                        0x08001475   Thumb Code   288  stm32h5xx_hal_flash.o(.text.HAL_FLASH_Program)
    HAL_FLASH_Unlock                         0x08001595   Thumb Code    46  stm32h5xx_hal_flash.o(.text.HAL_FLASH_Unlock)
    HAL_GPIO_DeInit                          0x080015c5   Thumb Code   260  stm32h5xx_hal_gpio.o(.text.HAL_GPIO_DeInit)
    HAL_GPIO_Init                            0x080016c9   Thumb Code   410  stm32h5xx_hal_gpio.o(.text.HAL_GPIO_Init)
    HAL_GPIO_ReadPin                         0x08001865   Thumb Code    10  stm32h5xx_hal_gpio.o(.text.HAL_GPIO_ReadPin)
    HAL_GPIO_TogglePin                       0x08001871   Thumb Code    16  stm32h5xx_hal_gpio.o(.text.HAL_GPIO_TogglePin)
    HAL_GPIO_WritePin                        0x08001881   Thumb Code    12  stm32h5xx_hal_gpio.o(.text.HAL_GPIO_WritePin)
    HAL_GetTick                              0x0800188d   Thumb Code    12  stm32h5xx_hal.o(.text.HAL_GetTick)
    HAL_I2CEx_ConfigAnalogFilter             0x08001899   Thumb Code    74  stm32h5xx_hal_i2c_ex.o(.text.HAL_I2CEx_ConfigAnalogFilter)
    HAL_I2CEx_ConfigDigitalFilter            0x080018e5   Thumb Code    72  stm32h5xx_hal_i2c_ex.o(.text.HAL_I2CEx_ConfigDigitalFilter)
    HAL_I2C_Init                             0x0800192d   Thumb Code   174  stm32h5xx_hal_i2c.o(.text.HAL_I2C_Init)
    HAL_I2C_Mem_Read                         0x080019dd   Thumb Code   572  stm32h5xx_hal_i2c.o(.text.HAL_I2C_Mem_Read)
    HAL_I2C_Mem_Write                        0x08001c19   Thumb Code   568  stm32h5xx_hal_i2c.o(.text.HAL_I2C_Mem_Write)
    HAL_I2C_MspInit                          0x08001e51   Thumb Code   150  i2c.o(.text.HAL_I2C_MspInit)
    HAL_ICACHE_ConfigAssociativityMode       0x08001ee9   Thumb Code    32  stm32h5xx_hal_icache.o(.text.HAL_ICACHE_ConfigAssociativityMode)
    HAL_ICACHE_Disable                       0x08001f09   Thumb Code    68  stm32h5xx_hal_icache.o(.text.HAL_ICACHE_Disable)
    HAL_ICACHE_Enable                        0x08001f4d   Thumb Code    20  stm32h5xx_hal_icache.o(.text.HAL_ICACHE_Enable)
    HAL_IWDG_Init                            0x08001f61   Thumb Code   160  stm32h5xx_hal_iwdg.o(.text.HAL_IWDG_Init)
    HAL_IWDG_MspInit                         0x08002001   Thumb Code     2  stm32h5xx_hal_iwdg.o(.text.HAL_IWDG_MspInit)
    HAL_IWDG_Refresh                         0x08002005   Thumb Code    12  stm32h5xx_hal_iwdg.o(.text.HAL_IWDG_Refresh)
    HAL_IncTick                              0x08002011   Thumb Code    26  stm32h5xx_hal.o(.text.HAL_IncTick)
    HAL_Init                                 0x0800202d   Thumb Code    76  stm32h5xx_hal.o(.text.HAL_Init)
    HAL_InitTick                             0x08002079   Thumb Code   168  stm32h5xx_hal.o(.text.HAL_InitTick)
    HAL_MspInit                              0x08002121   Thumb Code     2  stm32h5xx_hal_msp.o(.text.HAL_MspInit)
    HAL_NVIC_DisableIRQ                      0x08002125   Thumb Code    42  stm32h5xx_hal_cortex.o(.text.HAL_NVIC_DisableIRQ)
    HAL_NVIC_EnableIRQ                       0x08002151   Thumb Code    34  stm32h5xx_hal_cortex.o(.text.HAL_NVIC_EnableIRQ)
    HAL_NVIC_SetPriority                     0x08002175   Thumb Code    86  stm32h5xx_hal_cortex.o(.text.HAL_NVIC_SetPriority)
    HAL_NVIC_SetPriorityGrouping             0x080021cd   Thumb Code    32  stm32h5xx_hal_cortex.o(.text.HAL_NVIC_SetPriorityGrouping)
    HAL_NVIC_SystemReset                     0x080021ed   Thumb Code     4  stm32h5xx_hal_cortex.o(.text.HAL_NVIC_SystemReset)
    HAL_RCCEx_GetPLL1ClockFreq               0x080021f1   Thumb Code   408  stm32h5xx_hal_rcc_ex.o(.text.HAL_RCCEx_GetPLL1ClockFreq)
    HAL_RCCEx_GetPLL2ClockFreq               0x08002395   Thumb Code   408  stm32h5xx_hal_rcc_ex.o(.text.HAL_RCCEx_GetPLL2ClockFreq)
    HAL_RCCEx_GetPeriphCLKFreq               0x08002539   Thumb Code  1832  stm32h5xx_hal_rcc_ex.o(.text.HAL_RCCEx_GetPeriphCLKFreq)
    HAL_RCCEx_PeriphCLKConfig                0x08002c61   Thumb Code  1696  stm32h5xx_hal_rcc_ex.o(.text.HAL_RCCEx_PeriphCLKConfig)
    HAL_RCC_ClockConfig                      0x08003301   Thumb Code   606  stm32h5xx_hal_rcc.o(.text.HAL_RCC_ClockConfig)
    HAL_RCC_GetHCLKFreq                      0x08003561   Thumb Code    48  stm32h5xx_hal_rcc.o(.text.HAL_RCC_GetHCLKFreq)
    HAL_RCC_GetPCLK1Freq                     0x08003591   Thumb Code    70  stm32h5xx_hal_rcc.o(.text.HAL_RCC_GetPCLK1Freq)
    HAL_RCC_GetPCLK2Freq                     0x080035d9   Thumb Code    70  stm32h5xx_hal_rcc.o(.text.HAL_RCC_GetPCLK2Freq)
    HAL_RCC_GetPCLK3Freq                     0x08003621   Thumb Code    70  stm32h5xx_hal_rcc.o(.text.HAL_RCC_GetPCLK3Freq)
    HAL_RCC_GetSysClockFreq                  0x08003669   Thumb Code   284  stm32h5xx_hal_rcc.o(.text.HAL_RCC_GetSysClockFreq)
    HAL_RCC_OscConfig                        0x08003795   Thumb Code  1602  stm32h5xx_hal_rcc.o(.text.HAL_RCC_OscConfig)
    HAL_RTCEx_PrivilegeModeSet               0x08003dd9   Thumb Code    58  stm32h5xx_hal_rtc_ex.o(.text.HAL_RTCEx_PrivilegeModeSet)
    HAL_RTC_Init                             0x08003e15   Thumb Code   226  stm32h5xx_hal_rtc.o(.text.HAL_RTC_Init)
    HAL_RTC_MspInit                          0x08003ef9   Thumb Code   104  rtc.o(.text.HAL_RTC_MspInit)
    HAL_SYSTICK_CLKSourceConfig              0x08003f61   Thumb Code   118  stm32h5xx_hal_cortex.o(.text.HAL_SYSTICK_CLKSourceConfig)
    HAL_SYSTICK_Callback                     0x08003fd9   Thumb Code   128  platform.o(.text.HAL_SYSTICK_Callback)
    HAL_SYSTICK_Config                       0x08004059   Thumb Code    36  stm32h5xx_hal_cortex.o(.text.HAL_SYSTICK_Config)
    HAL_SYSTICK_GetCLKSourceConfig           0x0800407d   Thumb Code    40  stm32h5xx_hal_cortex.o(.text.HAL_SYSTICK_GetCLKSourceConfig)
    HAL_SYSTICK_IRQHandler                   0x080040b5   Thumb Code     4  stm32h5xx_hal_cortex.o(.text.HAL_SYSTICK_IRQHandler)
    HAL_UARTEx_DisableFifoMode               0x080040b9   Thumb Code    54  stm32h5xx_hal_uart_ex.o(.text.HAL_UARTEx_DisableFifoMode)
    HAL_UARTEx_RxEventCallback               0x080040f1   Thumb Code     2  stm32h5xx_hal_uart.o(.text.HAL_UARTEx_RxEventCallback)
    HAL_UARTEx_RxFifoFullCallback            0x080040f5   Thumb Code     2  stm32h5xx_hal_uart_ex.o(.text.HAL_UARTEx_RxFifoFullCallback)
    HAL_UARTEx_SetRxFifoThreshold            0x080040f9   Thumb Code   140  stm32h5xx_hal_uart_ex.o(.text.HAL_UARTEx_SetRxFifoThreshold)
    HAL_UARTEx_SetTxFifoThreshold            0x08004185   Thumb Code   140  stm32h5xx_hal_uart_ex.o(.text.HAL_UARTEx_SetTxFifoThreshold)
    HAL_UARTEx_TxFifoEmptyCallback           0x08004211   Thumb Code     2  stm32h5xx_hal_uart_ex.o(.text.HAL_UARTEx_TxFifoEmptyCallback)
    HAL_UARTEx_WakeupCallback                0x08004215   Thumb Code     2  stm32h5xx_hal_uart_ex.o(.text.HAL_UARTEx_WakeupCallback)
    HAL_UART_DMAStop                         0x08004219   Thumb Code   652  stm32h5xx_hal_uart.o(.text.HAL_UART_DMAStop)
    HAL_UART_DeInit                          0x080044a5   Thumb Code    64  stm32h5xx_hal_uart.o(.text.HAL_UART_DeInit)
    HAL_UART_ErrorCallback                   0x080044e5   Thumb Code     2  stm32h5xx_hal_uart.o(.text.HAL_UART_ErrorCallback)
    HAL_UART_IRQHandler                      0x080044e9   Thumb Code  1462  stm32h5xx_hal_uart.o(.text.HAL_UART_IRQHandler)
    HAL_UART_Init                            0x08004aa1   Thumb Code   100  stm32h5xx_hal_uart.o(.text.HAL_UART_Init)
    HAL_UART_MspDeInit                       0x08004b05   Thumb Code   184  usart.o(.text.HAL_UART_MspDeInit)
    HAL_UART_MspInit                         0x08004bbd   Thumb Code   666  usart.o(.text.HAL_UART_MspInit)
    HAL_UART_Receive_DMA                     0x08004e59   Thumb Code   170  stm32h5xx_hal_uart.o(.text.HAL_UART_Receive_DMA)
    HAL_UART_Receive_IT                      0x08004f05   Thumb Code   190  stm32h5xx_hal_uart.o(.text.HAL_UART_Receive_IT)
    HAL_UART_RxCpltCallback                  0x08004fc5   Thumb Code   758  rs485.o(.text.HAL_UART_RxCpltCallback)
    HAL_UART_RxHalfCpltCallback              0x080052bd   Thumb Code     2  stm32h5xx_hal_uart.o(.text.HAL_UART_RxHalfCpltCallback)
    HAL_UART_Transmit                        0x080052c1   Thumb Code   424  stm32h5xx_hal_uart.o(.text.HAL_UART_Transmit)
    HAL_UART_Transmit_IT                     0x08005469   Thumb Code   318  stm32h5xx_hal_uart.o(.text.HAL_UART_Transmit_IT)
    HAL_UART_TxCpltCallback                  0x080055a9   Thumb Code    66  rs485.o(.text.HAL_UART_TxCpltCallback)
    HandleControl                            0x080055ed   Thumb Code   888  pda_communication.o(.text.HandleControl)
    HandleHandshake                          0x08005965   Thumb Code   310  pda_communication.o(.text.HandleHandshake)
    HandleHeartbeat                          0x08005a9d   Thumb Code   664  pda_communication.o(.text.HandleHeartbeat)
    HandleParamRead                          0x08005d3d   Thumb Code   856  pda_communication.o(.text.HandleParamRead)
    HandleParamWrite                         0x08006095   Thumb Code   430  pda_communication.o(.text.HandleParamWrite)
    HardFault_Handler                        0x08006245   Thumb Code     2  stm32h5xx_it.o(.text.HardFault_Handler)
    MX_GPDMA1_Init                           0x080065c5   Thumb Code    52  gpdma.o(.text.MX_GPDMA1_Init)
    MX_GPIO_DTS6012_Init                     0x080065f9   Thumb Code    90  gpio.o(.text.MX_GPIO_DTS6012_Init)
    MX_GPIO_Init                             0x08006655   Thumb Code   252  gpio.o(.text.MX_GPIO_Init)
    MX_I2C1_Init                             0x08006751   Thumb Code   112  i2c.o(.text.MX_I2C1_Init)
    MX_ICACHE_Init                           0x080067c1   Thumb Code    34  icache.o(.text.MX_ICACHE_Init)
    MX_IWDG_Init                             0x080067e5   Thumb Code    58  iwdg.o(.text.MX_IWDG_Init)
    MX_RTC_Init                              0x08006821   Thumb Code   108  rtc.o(.text.MX_RTC_Init)
    MX_USART1_UART_Init                      0x0800688d   Thumb Code   132  usart.o(.text.MX_USART1_UART_Init)
    MX_USART2_UART_Init                      0x08006911   Thumb Code   132  usart.o(.text.MX_USART2_UART_Init)
    MX_USART3_UART_Init                      0x08006995   Thumb Code   140  usart.o(.text.MX_USART3_UART_Init)
    MemManage_Handler                        0x08006a21   Thumb Code     2  stm32h5xx_it.o(.text.MemManage_Handler)
    ND06AV1C_GetDepthAndAmpData              0x08006a25   Thumb Code   482  nd06av1c_data.o(.text.ND06AV1C_GetDepthAndAmpData)
    ND06AV1C_I2CErrCallback                  0x08006c09   Thumb Code   194  nd06av1c_dev.o(.text.ND06AV1C_I2CErrCallback)
    ND06AV1C_Init                            0x08006ccd   Thumb Code   104  nd06av1c_app.o(.text.ND06AV1C_Init)
    ND06AV1C_InitDevice                      0x08006d35   Thumb Code    22  nd06av1c_dev.o(.text.ND06AV1C_InitDevice)
    ND06AV1C_ReadNWords                      0x08006d4d   Thumb Code   164  nd06av1c_comm.o(.text.ND06AV1C_ReadNWords)
    ND06AV1C_ReadWord                        0x08006df1   Thumb Code   162  nd06av1c_comm.o(.text.ND06AV1C_ReadWord)
    ND06AV1C_RegisteredIICApi                0x08006e95   Thumb Code    14  nd06av1c_comm.o(.text.ND06AV1C_RegisteredIICApi)
    ND06AV1C_RegisteredPlatformApi           0x08006ea5   Thumb Code    28  nd06av1c_dev.o(.text.ND06AV1C_RegisteredPlatformApi)
    ND06AV1C_WaitDeviceBootUp                0x08006ec1   Thumb Code   422  nd06av1c_dev.o(.text.ND06AV1C_WaitDeviceBootUp)
    ND06AV1C_WriteByte                       0x08007069   Thumb Code    34  nd06av1c_comm.o(.text.ND06AV1C_WriteByte)
    ND06AV1C_WriteWord                       0x0800708d   Thumb Code   142  nd06av1c_comm.o(.text.ND06AV1C_WriteWord)
    NMI_Handler                              0x0800711d   Thumb Code     2  stm32h5xx_it.o(.text.NMI_Handler)
    ObjectDetection                          0x08007121   Thumb Code   568  sensorapplogic.o(.text.ObjectDetection)
    PendSV_Handler                           0x08007359   Thumb Code     2  stm32h5xx_it.o(.text.PendSV_Handler)
    Process485Tooling                        0x0800735d   Thumb Code   206  rs485.o(.text.Process485Tooling)
    ProcessDTSDMAData                        0x0800742d   Thumb Code    54  main.o(.text.ProcessDTSDMAData)
    ProcessElevatorData                      0x08007465   Thumb Code   468  rs485.o(.text.ProcessElevatorData)
    ProcessGHPTooling                        0x08007639   Thumb Code   332  rs485.o(.text.ProcessGHPTooling)
    ProcessPacket                            0x08007785   Thumb Code   332  pda_communication.o(.text.ProcessPacket)
    RS485_Elevator_Init                      0x080079bd   Thumb Code    56  rs485.o(.text.RS485_Elevator_Init)
    RTC_ExitInitMode                         0x080079f5   Thumb Code   160  stm32h5xx_hal_rtc.o(.text.RTC_ExitInitMode)
    SVC_Handler                              0x08007a95   Thumb Code     2  stm32h5xx_it.o(.text.SVC_Handler)
    SysTick_Handler                          0x08007a99   Thumb Code    14  stm32h5xx_it.o(.text.SysTick_Handler)
    SystemClock_Config                       0x08007aa9   Thumb Code   202  main.o(.text.SystemClock_Config)
    SystemInit                               0x08007b75   Thumb Code   168  system_stm32h5xx.o(.text.SystemInit)
    TOOLING_USART1_UART_Init                 0x08007c1d   Thumb Code   148  toolingtest.o(.text.TOOLING_USART1_UART_Init)
    TOOLING_USART2_UART_Init                 0x08007cb1   Thumb Code   148  toolingtest.o(.text.TOOLING_USART2_UART_Init)
    UART_AdvFeatureConfig                    0x08007d45   Thumb Code   230  stm32h5xx_hal_uart.o(.text.UART_AdvFeatureConfig)
    UART_CheckIdleState                      0x08007e2d   Thumb Code   362  stm32h5xx_hal_uart.o(.text.UART_CheckIdleState)
    UART_SetConfig                           0x08008c61   Thumb Code   412  stm32h5xx_hal_uart.o(.text.UART_SetConfig)
    UART_Start_Receive_DMA                   0x08008dfd   Thumb Code   390  stm32h5xx_hal_uart.o(.text.UART_Start_Receive_DMA)
    UART_Start_Receive_IT                    0x08008f85   Thumb Code   610  stm32h5xx_hal_uart.o(.text.UART_Start_Receive_IT)
    UART_WaitOnFlagUntilTimeout              0x08009539   Thumb Code   818  stm32h5xx_hal_uart.o(.text.UART_WaitOnFlagUntilTimeout)
    USART1_IRQHandler                        0x0800986d   Thumb Code    12  stm32h5xx_it.o(.text.USART1_IRQHandler)
    USART2_IRQHandler                        0x08009879   Thumb Code    12  stm32h5xx_it.o(.text.USART2_IRQHandler)
    USART3_IRQHandler                        0x08009885   Thumb Code   228  stm32h5xx_it.o(.text.USART3_IRQHandler)
    UpdateDoorStateMachine                   0x08009969   Thumb Code   202  elevatorsignalmonitor.o(.text.UpdateDoorStateMachine)
    UsageFault_Handler                       0x08009a35   Thumb Code     2  stm32h5xx_it.o(.text.UsageFault_Handler)
    cargoLift_ObjectDetection                0x08009a65   Thumb Code   648  sensorapplogic.o(.text.cargoLift_ObjectDetection)
    cargoLift_sensor_action_control          0x08009ced   Thumb Code   186  sensorapplogic.o(.text.cargoLift_sensor_action_control)
    cargoLift_sensor_status_control          0x08009da9   Thumb Code   204  sensorapplogic.o(.text.cargoLift_sensor_status_control)
    cargolift_DistanceThresholdLearning      0x08009e75   Thumb Code  1500  sensorapplogic.o(.text.cargolift_DistanceThresholdLearning)
    delay_10us                               0x0800a451   Thumb Code   102  platform.o(.text.delay_10us)
    delay_1ms                                0x0800a4b9   Thumb Code     4  platform.o(.text.delay_1ms)
    detectError                              0x0800a4bd   Thumb Code   250  sensorapplogic.o(.text.detectError)
    dts6012_getDepthAndAmp                   0x0800a5b9   Thumb Code    22  dts6012m.o(.text.dts6012_getDepthAndAmp)
    dts6012_start                            0x0800a5d1   Thumb Code    24  dts6012m.o(.text.dts6012_start)
    dts6012m_Stop                            0x0800a5e9   Thumb Code    24  dts6012m.o(.text.dts6012m_Stop)
    get_now_time_us                          0x0800a601   Thumb Code     6  platform.o(.text.get_now_time_us)
    i2c_read_nbytes                          0x0800a609   Thumb Code    48  platform.o(.text.i2c_read_nbytes)
    i2c_write_nbytes                         0x0800a639   Thumb Code    48  platform.o(.text.i2c_write_nbytes)
    initTooling                              0x0800a669   Thumb Code    14  toolingtest.o(.text.initTooling)
    main                                     0x0800a679   Thumb Code   532  main.o(.text.main)
    normalWork                               0x0800a88d   Thumb Code   312  main.o(.text.normalWork)
    paraTable_Init                           0x0800a9c5   Thumb Code    86  sensorparatable.o(.text.paraTable_Init)
    paraTable_Write                          0x0800aa1d   Thumb Code   190  sensorparatable.o(.text.paraTable_Write)
    sensor_action_control                    0x0800aadd   Thumb Code   312  sensorapplogic.o(.text.sensor_action_control)
    sensor_status_control                    0x0800ac15   Thumb Code    90  sensorapplogic.o(.text.sensor_status_control)
    set_xshut_pin_level                      0x0800ac71   Thumb Code    16  platform.o(.text.set_xshut_pin_level)
    stmflash_read                            0x0800ac81   Thumb Code   100  stmflash.o(.text.stmflash_read)
    stmflash_read_word                       0x0800ace5   Thumb Code     4  stmflash.o(.text.stmflash_read_word)
    stmflash_write                           0x0800ace9   Thumb Code   576  stmflash.o(.text.stmflash_write)
    testDTS                                  0x0800af29   Thumb Code    62  toolingtest.o(.text.testDTS)
    testIO                                   0x0800af69   Thumb Code    18  toolingtest.o(.text.testIO)
    testND06                                 0x0800af7d   Thumb Code   374  toolingtest.o(.text.testND06)
    __scatterload_copy                       0x0800b0f3   Thumb Code    14  handlers.o(i.__scatterload_copy)
    __scatterload_null                       0x0800b101   Thumb Code     2  handlers.o(i.__scatterload_null)
    __scatterload_zeroinit                   0x0800b103   Thumb Code    14  handlers.o(i.__scatterload_zeroinit)
    AHBPrescTable                            0x0800b110   Data          16  system_stm32h5xx.o(.rodata.AHBPrescTable)
    APBPrescTable                            0x0800b120   Data           8  system_stm32h5xx.o(.rodata.APBPrescTable)
    UARTPrescTable                           0x0800b128   Data          24  stm32h5xx_hal_uart.o(.rodata.UARTPrescTable)
    auchCRCHi                                0x0800b140   Data         256  pda_communication.o(.rodata.auchCRCHi)
    auchCRCLo                                0x0800b240   Data         256  pda_communication.o(.rodata.auchCRCLo)
    Region$$Table$$Base                      0x0800b350   Number         0  anon$$obj.o(Region$$Table)
    Region$$Table$$Limit                     0x0800b370   Number         0  anon$$obj.o(Region$$Table)
    sensor_status                            0x20000000   Data           4  sensorapplogic.o(.data..L_MergedGlobals)
    sensor_old_status                        0x20000004   Data           4  sensorapplogic.o(.data..L_MergedGlobals)
    isSixBytes                               0x20000008   Data           1  rs485.o(.data..L_MergedGlobals)
    rxSize                                   0x2000000a   Data           2  rs485.o(.data..L_MergedGlobals)
    resultUp                                 0x2000000c   Data          20  rs485.o(.data..L_MergedGlobals)
    resultUp485GHP                           0x20000020   Data          20  rs485.o(.data..L_MergedGlobals)
    uwTickFreq                               0x20000034   Data           1  stm32h5xx_hal.o(.data..L_MergedGlobals)
    uwTickPrio                               0x20000038   Data           4  stm32h5xx_hal.o(.data..L_MergedGlobals)
    ParaTable_Default                        0x2000003c   Data         144  sensorparatable.o(.data.ParaTable_Default)
    SystemCoreClock                          0x200000cc   Data           4  system_stm32h5xx.o(.data.SystemCoreClock)
    ToolingTestFlag                          0x200000d0   Data           4  producttoolinginspection.o(.data.ToolingTestFlag)
    closingDoorTimeThreshold                 0x200000d4   Data           4  pda_communication.o(.data.closingDoorTimeThreshold)
    dts6012m_start_cmd                       0x200000d8   Data           9  dts6012m.o(.data.dts6012m_start_cmd)
    dts6012m_stop_cmd                        0x200000e1   Data           9  dts6012m.o(.data.dts6012m_stop_cmd)
    gLookupTableCRC8                         0x200000ea   Data         256  rs485.o(.data.gLookupTableCRC8)
    g_nd06av1c_device                        0x200001ec   Data          16  nd06av1c_app.o(.data.g_nd06av1c_device)
    isToolingTest                            0x200001fc   Data           1  main.o(.data.isToolingTest)
    pFlash                                   0x20000200   Data          28  stm32h5xx_hal_flash.o(.data.pFlash)
    readDataWaitCnt                          0x2000021c   Data           4  nd06av1c_data.o(.data.readDataWaitCnt)
    tryTimesToolingN                         0x20000220   Data           2  toolingtest.o(.data.tryTimesToolingN)
    currentDoorState                         0x20000228   Data           1  elevatorsignalmonitor.o(.bss..L_MergedGlobals)
    pastDoorState                            0x20000229   Data           1  elevatorsignalmonitor.o(.bss..L_MergedGlobals)
    IdleFlg                                  0x2000022c   Data           4  elevatorsignalmonitor.o(.bss..L_MergedGlobals)
    ds6012OutputEN                           0x20000230   Data           4  elevatorsignalmonitor.o(.bss..L_MergedGlobals)
    nd06OutputEN                             0x20000234   Data           4  elevatorsignalmonitor.o(.bss..L_MergedGlobals)
    closingPhaseTimer                        0x20000238   Data           4  elevatorsignalmonitor.o(.bss..L_MergedGlobals)
    m_sensorType111                          0x2000023c   Data           1  pda_communication.o(.bss..L_MergedGlobals)
    STOP_DistanceThresholdLearning_ReqFlg    0x2000023d   Data           1  pda_communication.o(.bss..L_MergedGlobals)
    STOP_ClosingTimeLearningReqFlg           0x2000023e   Data           1  pda_communication.o(.bss..L_MergedGlobals)
    show_pktcrc                              0x20000240   Data           2  pda_communication.o(.bss..L_MergedGlobals)
    show_crc                                 0x20000242   Data           2  pda_communication.o(.bss..L_MergedGlobals)
    DistanceThresholdLearningReqFlg          0x20000244   Data           4  pda_communication.o(.bss..L_MergedGlobals)
    ClosingTimeLearningReqFlg                0x20000248   Data           4  pda_communication.o(.bss..L_MergedGlobals)
    txBuffer5                                0x2000024c   Data          24  pda_communication.o(.bss..L_MergedGlobals)
    txBuffer1                                0x20000264   Data          50  pda_communication.o(.bss..L_MergedGlobals)
    waitToolingTimes                         0x20000296   Data           1  main.o(.bss..L_MergedGlobals)
    getIN_IO                                 0x20000297   Data           1  main.o(.bss..L_MergedGlobals)
    rxBuf                                    0x20000298   Data          30  main.o(.bss..L_MergedGlobals)
    List_GPDMA1_Channel0                     0x200002b8   Data          24  usart.o(.bss..L_MergedGlobals)
    Node_GPDMA1_Channel0                     0x200002d0   Data          36  usart.o(.bss..L_MergedGlobals)
    count1ms                                 0x200002f4   Data           4  platform.o(.bss..L_MergedGlobals)
    count5ms                                 0x200002f8   Data           4  platform.o(.bss..L_MergedGlobals)
    count10ms                                0x200002fc   Data           4  platform.o(.bss..L_MergedGlobals)
    count100ms                               0x20000300   Data           4  platform.o(.bss..L_MergedGlobals)
    count1s                                  0x20000304   Data           4  platform.o(.bss..L_MergedGlobals)
    TIME_1MS_FLAG                            0x20000308   Data           4  platform.o(.bss..L_MergedGlobals)
    TIME_5MS_FLAG                            0x2000030c   Data           4  platform.o(.bss..L_MergedGlobals)
    TIME_10MS_FLAG                           0x20000310   Data           4  platform.o(.bss..L_MergedGlobals)
    TIME_100MS_FLAG                          0x20000314   Data           4  platform.o(.bss..L_MergedGlobals)
    TIME_1S_FLAG                             0x20000318   Data           4  platform.o(.bss..L_MergedGlobals)
    I2C_ReadNBytesLib                        0x2000031c   Data           4  nd06av1c_comm.o(.bss..L_MergedGlobals)
    I2C_WriteNBytesLib                       0x20000320   Data           4  nd06av1c_comm.o(.bss..L_MergedGlobals)
    Delay1msLib                              0x20000324   Data           4  nd06av1c_dev.o(.bss..L_MergedGlobals)
    Delay10usLib                             0x20000328   Data           4  nd06av1c_dev.o(.bss..L_MergedGlobals)
    GetNowTimeUsLib                          0x2000032c   Data           4  nd06av1c_dev.o(.bss..L_MergedGlobals)
    IO_dts6012                               0x20000330   Data           1  sensorapplogic.o(.bss..L_MergedGlobals.1)
    IO_ND06                                  0x20000331   Data           1  sensorapplogic.o(.bss..L_MergedGlobals.1)
    fingerDetected_flag                      0x20000332   Data           1  sensorapplogic.o(.bss..L_MergedGlobals.1)
    regionalObjectDetected_flag_ND06         0x20000333   Data           1  sensorapplogic.o(.bss..L_MergedGlobals.1)
    now_DistanceThresholdLearning_Flg        0x20000334   Data           1  sensorapplogic.o(.bss..L_MergedGlobals.1)
    DistanceThresholdLearningFailed_Flg      0x20000335   Data           1  sensorapplogic.o(.bss..L_MergedGlobals.1)
    times_DistanceThresholdLearn             0x20000336   Data           1  sensorapplogic.o(.bss..L_MergedGlobals.1)
    now_ClosingTimeLearning_Flg              0x20000337   Data           1  sensorapplogic.o(.bss..L_MergedGlobals.1)
    times_ClosingTimeLearning                0x20000338   Data           1  sensorapplogic.o(.bss..L_MergedGlobals.1)
    ObjectIsDetectedFlag                     0x2000033a   Data           1  sensorapplogic.o(.bss..L_MergedGlobals.1)
    nd06AV1C_objDetectFlag                   0x2000033b   Data           1  sensorapplogic.o(.bss..L_MergedGlobals.1)
    prevFlag                                 0x2000033c   Data           1  sensorapplogic.o(.bss..L_MergedGlobals.1)
    timesND06Failed                          0x2000033d   Data           1  sensorapplogic.o(.bss..L_MergedGlobals.1)
    objectDetectionErrorCnt                  0x2000033f   Data           1  sensorapplogic.o(.bss..L_MergedGlobals.1)
    stopIOOutputFlag                         0x20000340   Data           1  sensorapplogic.o(.bss..L_MergedGlobals.1)
    closingNoObjectCnt                       0x20000341   Data           1  sensorapplogic.o(.bss..L_MergedGlobals.1)
    ledCnt                                   0x20000348   Data           2  sensorapplogic.o(.bss..L_MergedGlobals.1)
    ErrData                                  0x2000034c   Data           4  sensorapplogic.o(.bss..L_MergedGlobals.1)
    DistanceThresholdLearningSuccessFlg      0x20000350   Data           4  sensorapplogic.o(.bss..L_MergedGlobals.1)
    dts6012DistancdLearnValue                0x20000354   Data           4  sensorapplogic.o(.bss..L_MergedGlobals.1)
    nd06DistancdLearnValue                   0x20000358   Data           4  sensorapplogic.o(.bss..L_MergedGlobals.1)
    dts6012DistanceThresholdLearningSuccessFlg 0x2000035c   Data           4  sensorapplogic.o(.bss..L_MergedGlobals.1)
    nd06DistanceThresholdLearningSuccessFlg  0x20000360   Data           4  sensorapplogic.o(.bss..L_MergedGlobals.1)
    objectDCnt_P                             0x20000364   Data           4  sensorapplogic.o(.bss..L_MergedGlobals.1)
    objectDCnt_H                             0x20000368   Data           4  sensorapplogic.o(.bss..L_MergedGlobals.1)
    nd06AddCnt                               0x2000036c   Data           4  sensorapplogic.o(.bss..L_MergedGlobals.1)
    dts6012AddCnt                            0x20000370   Data           4  sensorapplogic.o(.bss..L_MergedGlobals.1)
    ClosingTimeLearningSuccessFlg            0x20000374   Data           4  sensorapplogic.o(.bss..L_MergedGlobals.1)
    pixelOccludedFlag                        0x20000378   Data           4  sensorapplogic.o(.bss..L_MergedGlobals.1)
    dts6012_data                             0x20000380   Data          10  sensorapplogic.o(.bss..L_MergedGlobals.1)
    rxDataBuffElevator                       0x2000038c   Data           1  rs485.o(.bss..L_MergedGlobals.1)
    isFixBytes                               0x2000038d   Data           1  rs485.o(.bss..L_MergedGlobals.1)
    iindex                                   0x2000038e   Data           1  rs485.o(.bss..L_MergedGlobals.1)
    gotToolingHandshake                      0x2000038f   Data           1  rs485.o(.bss..L_MergedGlobals.1)
    masterElevator_LevelingSignal            0x20000390   Data           1  rs485.o(.bss..L_MergedGlobals.1)
    rxDataEleHeander                         0x20000391   Data           1  rs485.o(.bss..L_MergedGlobals.1)
    res1                                     0x20000392   Data           1  rs485.o(.bss..L_MergedGlobals.1)
    res2                                     0x20000393   Data           1  rs485.o(.bss..L_MergedGlobals.1)
    RxElevatorCnt                            0x20000394   Data           2  rs485.o(.bss..L_MergedGlobals.1)
    headerIsFoundFlag                        0x20000396   Data           2  rs485.o(.bss..L_MergedGlobals.1)
    testii                                   0x20000398   Data           2  rs485.o(.bss..L_MergedGlobals.1)
    rxIndex                                  0x2000039a   Data           2  rs485.o(.bss..L_MergedGlobals.1)
    total_len                                0x2000039c   Data           2  rs485.o(.bss..L_MergedGlobals.1)
    rxIndexTooling                           0x2000039e   Data           2  rs485.o(.bss..L_MergedGlobals.1)
    rxIndexTooling2                          0x200003a0   Data           2  rs485.o(.bss..L_MergedGlobals.1)
    global_pkt                               0x200003a4   Data           4  rs485.o(.bss..L_MergedGlobals.1)
    rx_data_Elevator                         0x200003a8   Data           6  rs485.o(.bss..L_MergedGlobals.1)
    tx_data_Door                             0x200003ae   Data           7  rs485.o(.bss..L_MergedGlobals.1)
    rxDBuffTooling1                          0x200003b5   Data          10  rs485.o(.bss..L_MergedGlobals.1)
    rxDBuffTooling2                          0x200003bf   Data          10  rs485.o(.bss..L_MergedGlobals.1)
    CSpara                                   0x200003cc   Data          20  rs485.o(.bss..L_MergedGlobals.1)
    ClosingTimeLearningFailed_Flg            0x200003e0   Data           1  sensorapplogic.o(.bss.ClosingTimeLearningFailed_Flg)
    ND06AV1C_REG_OFS                         0x200003e2   Data           2  nd06av1c_comm.o(.bss.ND06AV1C_REG_OFS)
    ND06AV1C_WaitDataReadyFlag               0x200003e4   Data           2  nd06av1c_data.o(.bss.ND06AV1C_WaitDataReadyFlag)
    ND06DataTooling                          0x200003e6   Data          64  toolingtest.o(.bss.ND06DataTooling)
    PARA_TABLE_USE                           0x20000428   Data         144  sensorparatable.o(.bss.PARA_TABLE_USE)
    ParaTableSave                            0x200004b8   Data         148  sensorparatable.o(.bss.ParaTableSave)
    cargoLift_IN                             0x2000054c   Data           1  main.o(.bss.cargoLift_IN)
    closeTimeCnt                             0x20000550   Data           4  sensorapplogic.o(.bss.closeTimeCnt)
    dev_op                                   0x20000554   Data          20  nd06av1c_app.o(.bss.dev_op)
    dts6012_DMAdata                          0x20000568   Data          10  main.o(.bss.dts6012_DMAdata)
    handle_GPDMA1_Channel0                   0x20000574   Data         120  usart.o(.bss.handle_GPDMA1_Channel0)
    hi2c1                                    0x200005ec   Data          84  i2c.o(.bss.hi2c1)
    hiwdg                                    0x20000640   Data          20  iwdg.o(.bss.hiwdg)
    hrtc                                     0x20000654   Data          48  rtc.o(.bss.hrtc)
    huart1                                   0x20000684   Data         148  usart.o(.bss.huart1)
    huart2                                   0x20000718   Data         148  usart.o(.bss.huart2)
    huart3                                   0x200007ac   Data         148  usart.o(.bss.huart3)
    nd06PixelAddCnt                          0x20000840   Data          64  sensorapplogic.o(.bss.nd06PixelAddCnt)
    nd06StudyDep                             0x20000880   Data          64  sensorapplogic.o(.bss.nd06StudyDep)
    nd06_data                                0x200008c0   Data          64  sensorapplogic.o(.bss.nd06_data)
    receivedLength                           0x20000900   Data           2  main.o(.bss.receivedLength)
    rxDBuffPDA                               0x20000904   Data         128  rs485.o(.bss.rxDBuffPDA)
    rx_DBuffPDA                              0x20000984   Data         128  rs485.o(.bss.rx_DBuffPDA)
    testArr                                  0x20000a04   Data         100  rs485.o(.bss.testArr)
    txBuffer2                                0x20000a68   Data         144  pda_communication.o(.bss.txBuffer2)
    txBuffer3                                0x20000af8   Data         116  pda_communication.o(.bss.txBuffer3)
    txBuffer4                                0x20000b6c   Data         162  pda_communication.o(.bss.txBuffer4)
    uwTick                                   0x20000c10   Data           4  stm32h5xx_hal.o(.bss.uwTick)
    __initial_sp                             0x20001018   Data           0  startup_stm32h503xx.o(STACK)



==============================================================================

Memory Map of the image

  Image Entry point : 0x08000259

  Load Region LR_IROM1 (Base: 0x08000000, Size: 0x0000b598, Max: 0x00020000, ABSOLUTE, COMPRESSED[0x0000b4d8])

    Execution Region ER_IROM1 (Exec base: 0x08000000, Load base: 0x08000000, Size: 0x0000b370, Max: 0x00020000, ABSOLUTE)

    Exec Addr    Load Addr    Size         Type   Attr      Idx    E Section Name        Object

    0x08000000   0x08000000   0x00000258   Data   RO            3    RESET               startup_stm32h503xx.o
    0x08000258   0x08000258   0x00000000   Code   RO         1842  * .ARM.Collect$$$$00000000  mc_w.l(entry.o)
    0x08000258   0x08000258   0x00000004   Code   RO         1861    .ARM.Collect$$$$00000001  mc_w.l(entry2.o)
    0x0800025c   0x0800025c   0x00000004   Code   RO         1864    .ARM.Collect$$$$00000004  mc_w.l(entry5.o)
    0x08000260   0x08000260   0x00000000   Code   RO         1866    .ARM.Collect$$$$00000008  mc_w.l(entry7b.o)
    0x08000260   0x08000260   0x00000000   Code   RO         1868    .ARM.Collect$$$$0000000A  mc_w.l(entry8b.o)
    0x08000260   0x08000260   0x00000008   Code   RO         1869    .ARM.Collect$$$$0000000B  mc_w.l(entry9a.o)
    0x08000268   0x08000268   0x00000000   Code   RO         1871    .ARM.Collect$$$$0000000D  mc_w.l(entry10a.o)
    0x08000268   0x08000268   0x00000000   Code   RO         1873    .ARM.Collect$$$$0000000F  mc_w.l(entry11a.o)
    0x08000268   0x08000268   0x00000004   Code   RO         1862    .ARM.Collect$$$$00002712  mc_w.l(entry2.o)
    0x0800026c   0x0800026c   0x00000028   Code   RO            4    .text               startup_stm32h503xx.o
    0x08000294   0x08000294   0x00000062   Code   RO         1845    .text               mc_w.l(uldiv.o)
    0x080002f6   0x080002f6   0x00000024   Code   RO         1847    .text               mc_w.l(memcpya.o)
    0x0800031a   0x0800031a   0x00000024   Code   RO         1849    .text               mc_w.l(memseta.o)
    0x0800033e   0x0800033e   0x0000001e   Code   RO         1875    .text               mc_w.l(llshl.o)
    0x0800035c   0x0800035c   0x00000020   Code   RO         1877    .text               mc_w.l(llushr.o)
    0x0800037c   0x0800037c   0x00000030   Code   RO         1882    .text               mc_w.l(init.o)
    0x080003ac   0x080003ac   0x00000056   Code   RO         1892    .text               mc_w.l(__dczerorl2.o)
    0x08000402   0x08000402   0x00000002   PAD
    0x08000404   0x08000404   0x00000002   Code   RO          368    .text.BusFault_Handler  stm32h5xx_it.o
    0x08000406   0x08000406   0x00000002   PAD
    0x08000408   0x08000408   0x00000104   Code   RO           34    .text.ClosingTimeLearning  sensorapplogic.o
    0x0800050c   0x0800050c   0x000001d2   Code   RO          510    .text.DMA_List_FindNode  stm32h5xx_hal_dma_ex.o
    0x080006de   0x080006de   0x00000002   PAD
    0x080006e0   0x080006e0   0x00000002   Code   RO          374    .text.DebugMon_Handler  stm32h5xx_it.o
    0x080006e2   0x080006e2   0x00000002   PAD
    0x080006e4   0x080006e4   0x000000ce   Code   RO           30    .text.DistanceThresholdLearning  sensorapplogic.o
    0x080007b2   0x080007b2   0x00000002   PAD
    0x080007b4   0x080007b4   0x0000005e   Code   RO           93    .text.ElevatorSignaMonitoring  elevatorsignalmonitor.o
    0x08000812   0x08000812   0x00000002   PAD
    0x08000814   0x08000814   0x00000006   Code   RO          249    .text.Error_Handler  main.o
    0x0800081a   0x0800081a   0x00000002   PAD
    0x0800081c   0x0800081c   0x00000090   Code   RO          675    .text.FLASH_WaitForLastOperation  stm32h5xx_hal_flash.o
    0x080008ac   0x080008ac   0x0000000c   Code   RO          380    .text.GPDMA1_Channel0_IRQHandler  stm32h5xx_it.o
    0x080008b8   0x080008b8   0x00000174   Code   RO          502    .text.HAL_DMAEx_List_BuildNode  stm32h5xx_hal_dma_ex.o
    0x08000a2c   0x08000a2c   0x000000e2   Code   RO          494    .text.HAL_DMAEx_List_Init  stm32h5xx_hal_dma_ex.o
    0x08000b0e   0x08000b0e   0x00000002   PAD
    0x08000b10   0x08000b10   0x0000012a   Code   RO          506    .text.HAL_DMAEx_List_InsertNode  stm32h5xx_hal_dma_ex.o
    0x08000c3a   0x08000c3a   0x00000002   PAD
    0x08000c3c   0x08000c3c   0x000000a6   Code   RO          546    .text.HAL_DMAEx_List_LinkQ  stm32h5xx_hal_dma_ex.o
    0x08000ce2   0x08000ce2   0x00000002   PAD
    0x08000ce4   0x08000ce4   0x00000116   Code   RO          538    .text.HAL_DMAEx_List_SetCircularMode  stm32h5xx_hal_dma_ex.o
    0x08000dfa   0x08000dfa   0x00000002   PAD
    0x08000dfc   0x08000dfc   0x000000c8   Code   RO          500    .text.HAL_DMAEx_List_Start_IT  stm32h5xx_hal_dma_ex.o
    0x08000ec4   0x08000ec4   0x000000a8   Code   RO          466    .text.HAL_DMA_Abort  stm32h5xx_hal_dma.o
    0x08000f6c   0x08000f6c   0x00000028   Code   RO          468    .text.HAL_DMA_Abort_IT  stm32h5xx_hal_dma.o
    0x08000f94   0x08000f94   0x0000003a   Code   RO          482    .text.HAL_DMA_ConfigChannelAttributes  stm32h5xx_hal_dma.o
    0x08000fce   0x08000fce   0x00000002   PAD
    0x08000fd0   0x08000fd0   0x000000de   Code   RO          460    .text.HAL_DMA_DeInit  stm32h5xx_hal_dma.o
    0x080010ae   0x080010ae   0x00000002   PAD
    0x080010b0   0x080010b0   0x00000004   Code   RO          480    .text.HAL_DMA_GetError  stm32h5xx_hal_dma.o
    0x080010b4   0x080010b4   0x000001a8   Code   RO          472    .text.HAL_DMA_IRQHandler  stm32h5xx_hal_dma.o
    0x0800125c   0x0800125c   0x000000a6   Code   RO          464    .text.HAL_DMA_Start_IT  stm32h5xx_hal_dma.o
    0x08001302   0x08001302   0x00000002   PAD
    0x08001304   0x08001304   0x00000028   Code   RO          914    .text.HAL_Delay     stm32h5xx_hal.o
    0x0800132c   0x0800132c   0x0000012c   Code   RO          706    .text.HAL_FLASHEx_Erase  stm32h5xx_hal_flash_ex.o
    0x08001458   0x08001458   0x0000001a   Code   RO          687    .text.HAL_FLASH_Lock  stm32h5xx_hal_flash.o
    0x08001472   0x08001472   0x00000002   PAD
    0x08001474   0x08001474   0x00000120   Code   RO          673    .text.HAL_FLASH_Program  stm32h5xx_hal_flash.o
    0x08001594   0x08001594   0x0000002e   Code   RO          685    .text.HAL_FLASH_Unlock  stm32h5xx_hal_flash.o
    0x080015c2   0x080015c2   0x00000002   PAD
    0x080015c4   0x080015c4   0x00000104   Code   RO          750    .text.HAL_GPIO_DeInit  stm32h5xx_hal_gpio.o
    0x080016c8   0x080016c8   0x0000019a   Code   RO          748    .text.HAL_GPIO_Init  stm32h5xx_hal_gpio.o
    0x08001862   0x08001862   0x00000002   PAD
    0x08001864   0x08001864   0x0000000a   Code   RO          752    .text.HAL_GPIO_ReadPin  stm32h5xx_hal_gpio.o
    0x0800186e   0x0800186e   0x00000002   PAD
    0x08001870   0x08001870   0x00000010   Code   RO          758    .text.HAL_GPIO_TogglePin  stm32h5xx_hal_gpio.o
    0x08001880   0x08001880   0x0000000c   Code   RO          754    .text.HAL_GPIO_WritePin  stm32h5xx_hal_gpio.o
    0x0800188c   0x0800188c   0x0000000c   Code   RO          906    .text.HAL_GetTick   stm32h5xx_hal.o
    0x08001898   0x08001898   0x0000004a   Code   RO         1186    .text.HAL_I2CEx_ConfigAnalogFilter  stm32h5xx_hal_i2c_ex.o
    0x080018e2   0x080018e2   0x00000002   PAD
    0x080018e4   0x080018e4   0x00000048   Code   RO         1188    .text.HAL_I2CEx_ConfigDigitalFilter  stm32h5xx_hal_i2c_ex.o
    0x0800192c   0x0800192c   0x000000ae   Code   RO         1032    .text.HAL_I2C_Init  stm32h5xx_hal_i2c.o
    0x080019da   0x080019da   0x00000002   PAD
    0x080019dc   0x080019dc   0x0000023c   Code   RO         1092    .text.HAL_I2C_Mem_Read  stm32h5xx_hal_i2c.o
    0x08001c18   0x08001c18   0x00000238   Code   RO         1090    .text.HAL_I2C_Mem_Write  stm32h5xx_hal_i2c.o
    0x08001e50   0x08001e50   0x00000096   Code   RO          293    .text.HAL_I2C_MspInit  i2c.o
    0x08001ee6   0x08001ee6   0x00000002   PAD
    0x08001ee8   0x08001ee8   0x00000020   Code   RO         1204    .text.HAL_ICACHE_ConfigAssociativityMode  stm32h5xx_hal_icache.o
    0x08001f08   0x08001f08   0x00000044   Code   RO         1210    .text.HAL_ICACHE_Disable  stm32h5xx_hal_icache.o
    0x08001f4c   0x08001f4c   0x00000014   Code   RO         1208    .text.HAL_ICACHE_Enable  stm32h5xx_hal_icache.o
    0x08001f60   0x08001f60   0x000000a0   Code   RO         1244    .text.HAL_IWDG_Init  stm32h5xx_hal_iwdg.o
    0x08002000   0x08002000   0x00000002   Code   RO         1246    .text.HAL_IWDG_MspInit  stm32h5xx_hal_iwdg.o
    0x08002002   0x08002002   0x00000002   PAD
    0x08002004   0x08002004   0x0000000c   Code   RO         1248    .text.HAL_IWDG_Refresh  stm32h5xx_hal_iwdg.o
    0x08002010   0x08002010   0x0000001a   Code   RO          904    .text.HAL_IncTick   stm32h5xx_hal.o
    0x0800202a   0x0800202a   0x00000002   PAD
    0x0800202c   0x0800202c   0x0000004c   Code   RO          894    .text.HAL_Init      stm32h5xx_hal.o
    0x08002078   0x08002078   0x000000a8   Code   RO          896    .text.HAL_InitTick  stm32h5xx_hal.o
    0x08002120   0x08002120   0x00000002   Code   RO          396    .text.HAL_MspInit   stm32h5xx_hal_msp.o
    0x08002122   0x08002122   0x00000002   PAD
    0x08002124   0x08002124   0x0000002a   Code   RO          410    .text.HAL_NVIC_DisableIRQ  stm32h5xx_hal_cortex.o
    0x0800214e   0x0800214e   0x00000002   PAD
    0x08002150   0x08002150   0x00000022   Code   RO          408    .text.HAL_NVIC_EnableIRQ  stm32h5xx_hal_cortex.o
    0x08002172   0x08002172   0x00000002   PAD
    0x08002174   0x08002174   0x00000056   Code   RO          406    .text.HAL_NVIC_SetPriority  stm32h5xx_hal_cortex.o
    0x080021ca   0x080021ca   0x00000002   PAD
    0x080021cc   0x080021cc   0x00000020   Code   RO          404    .text.HAL_NVIC_SetPriorityGrouping  stm32h5xx_hal_cortex.o
    0x080021ec   0x080021ec   0x00000004   Code   RO          412    .text.HAL_NVIC_SystemReset  stm32h5xx_hal_cortex.o
    0x080021f0   0x080021f0   0x000001a4   Code   RO          621    .text.HAL_RCCEx_GetPLL1ClockFreq  stm32h5xx_hal_rcc_ex.o
    0x08002394   0x08002394   0x000001a4   Code   RO          623    .text.HAL_RCCEx_GetPLL2ClockFreq  stm32h5xx_hal_rcc_ex.o
    0x08002538   0x08002538   0x00000728   Code   RO          625    .text.HAL_RCCEx_GetPeriphCLKFreq  stm32h5xx_hal_rcc_ex.o
    0x08002c60   0x08002c60   0x000006a0   Code   RO          615    .text.HAL_RCCEx_PeriphCLKConfig  stm32h5xx_hal_rcc_ex.o
    0x08003300   0x08003300   0x0000025e   Code   RO          579    .text.HAL_RCC_ClockConfig  stm32h5xx_hal_rcc.o
    0x0800355e   0x0800355e   0x00000002   PAD
    0x08003560   0x08003560   0x00000030   Code   RO          577    .text.HAL_RCC_GetHCLKFreq  stm32h5xx_hal_rcc.o
    0x08003590   0x08003590   0x00000046   Code   RO          585    .text.HAL_RCC_GetPCLK1Freq  stm32h5xx_hal_rcc.o
    0x080035d6   0x080035d6   0x00000002   PAD
    0x080035d8   0x080035d8   0x00000046   Code   RO          587    .text.HAL_RCC_GetPCLK2Freq  stm32h5xx_hal_rcc.o
    0x0800361e   0x0800361e   0x00000002   PAD
    0x08003620   0x08003620   0x00000046   Code   RO          589    .text.HAL_RCC_GetPCLK3Freq  stm32h5xx_hal_rcc.o
    0x08003666   0x08003666   0x00000002   PAD
    0x08003668   0x08003668   0x0000012c   Code   RO          581    .text.HAL_RCC_GetSysClockFreq  stm32h5xx_hal_rcc.o
    0x08003794   0x08003794   0x00000642   Code   RO          575    .text.HAL_RCC_OscConfig  stm32h5xx_hal_rcc.o
    0x08003dd6   0x08003dd6   0x00000002   PAD
    0x08003dd8   0x08003dd8   0x0000003a   Code   RO         1468    .text.HAL_RTCEx_PrivilegeModeSet  stm32h5xx_hal_rtc_ex.o
    0x08003e12   0x08003e12   0x00000002   PAD
    0x08003e14   0x08003e14   0x000000e2   Code   RO         1264    .text.HAL_RTC_Init  stm32h5xx_hal_rtc.o
    0x08003ef6   0x08003ef6   0x00000002   PAD
    0x08003ef8   0x08003ef8   0x00000068   Code   RO          326    .text.HAL_RTC_MspInit  rtc.o
    0x08003f60   0x08003f60   0x00000076   Code   RO          430    .text.HAL_SYSTICK_CLKSourceConfig  stm32h5xx_hal_cortex.o
    0x08003fd6   0x08003fd6   0x00000002   PAD
    0x08003fd8   0x08003fd8   0x00000080   Code   RO         1693    .text.HAL_SYSTICK_Callback  platform.o
    0x08004058   0x08004058   0x00000024   Code   RO          428    .text.HAL_SYSTICK_Config  stm32h5xx_hal_cortex.o
    0x0800407c   0x0800407c   0x00000038   Code   RO          432    .text.HAL_SYSTICK_GetCLKSourceConfig  stm32h5xx_hal_cortex.o
    0x080040b4   0x080040b4   0x00000004   Code   RO          434    .text.HAL_SYSTICK_IRQHandler  stm32h5xx_hal_cortex.o
    0x080040b8   0x080040b8   0x00000036   Code   RO         1641    .text.HAL_UARTEx_DisableFifoMode  stm32h5xx_hal_uart_ex.o
    0x080040ee   0x080040ee   0x00000002   PAD
    0x080040f0   0x080040f0   0x00000002   Code   RO         1570    .text.HAL_UARTEx_RxEventCallback  stm32h5xx_hal_uart.o
    0x080040f2   0x080040f2   0x00000002   PAD
    0x080040f4   0x080040f4   0x00000002   Code   RO         1627    .text.HAL_UARTEx_RxFifoFullCallback  stm32h5xx_hal_uart_ex.o
    0x080040f6   0x080040f6   0x00000002   PAD
    0x080040f8   0x080040f8   0x0000008c   Code   RO         1645    .text.HAL_UARTEx_SetRxFifoThreshold  stm32h5xx_hal_uart_ex.o
    0x08004184   0x08004184   0x0000008c   Code   RO         1643    .text.HAL_UARTEx_SetTxFifoThreshold  stm32h5xx_hal_uart_ex.o
    0x08004210   0x08004210   0x00000002   Code   RO         1629    .text.HAL_UARTEx_TxFifoEmptyCallback  stm32h5xx_hal_uart_ex.o
    0x08004212   0x08004212   0x00000002   PAD
    0x08004214   0x08004214   0x00000002   Code   RO         1625    .text.HAL_UARTEx_WakeupCallback  stm32h5xx_hal_uart_ex.o
    0x08004216   0x08004216   0x00000002   PAD
    0x08004218   0x08004218   0x0000028c   Code   RO         1536    .text.HAL_UART_DMAStop  stm32h5xx_hal_uart.o
    0x080044a4   0x080044a4   0x00000040   Code   RO         1496    .text.HAL_UART_DeInit  stm32h5xx_hal_uart.o
    0x080044e4   0x080044e4   0x00000002   Code   RO         1568    .text.HAL_UART_ErrorCallback  stm32h5xx_hal_uart.o
    0x080044e6   0x080044e6   0x00000002   PAD
    0x080044e8   0x080044e8   0x000005b6   Code   RO         1564    .text.HAL_UART_IRQHandler  stm32h5xx_hal_uart.o
    0x08004a9e   0x08004a9e   0x00000002   PAD
    0x08004aa0   0x08004aa0   0x00000064   Code   RO         1480    .text.HAL_UART_Init  stm32h5xx_hal_uart.o
    0x08004b04   0x08004b04   0x000000b8   Code   RO          347    .text.HAL_UART_MspDeInit  usart.o
    0x08004bbc   0x08004bbc   0x0000029a   Code   RO          345    .text.HAL_UART_MspInit  usart.o
    0x08004e56   0x08004e56   0x00000002   PAD
    0x08004e58   0x08004e58   0x000000aa   Code   RO         1528    .text.HAL_UART_Receive_DMA  stm32h5xx_hal_uart.o
    0x08004f02   0x08004f02   0x00000002   PAD
    0x08004f04   0x08004f04   0x000000be   Code   RO         1516    .text.HAL_UART_Receive_IT  stm32h5xx_hal_uart.o
    0x08004fc2   0x08004fc2   0x00000002   PAD
    0x08004fc4   0x08004fc4   0x000002f6   Code   RO          151    .text.HAL_UART_RxCpltCallback  rs485.o
    0x080052ba   0x080052ba   0x00000002   PAD
    0x080052bc   0x080052bc   0x00000002   Code   RO         1578    .text.HAL_UART_RxHalfCpltCallback  stm32h5xx_hal_uart.o
    0x080052be   0x080052be   0x00000002   PAD
    0x080052c0   0x080052c0   0x000001a8   Code   RO         1500    .text.HAL_UART_Transmit  stm32h5xx_hal_uart.o
    0x08005468   0x08005468   0x0000013e   Code   RO         1506    .text.HAL_UART_Transmit_IT  stm32h5xx_hal_uart.o
    0x080055a6   0x080055a6   0x00000002   PAD
    0x080055a8   0x080055a8   0x00000042   Code   RO          163    .text.HAL_UART_TxCpltCallback  rs485.o
    0x080055ea   0x080055ea   0x00000002   PAD
    0x080055ec   0x080055ec   0x00000378   Code   RO          117    .text.HandleControl  pda_communication.o
    0x08005964   0x08005964   0x00000136   Code   RO          113    .text.HandleHandshake  pda_communication.o
    0x08005a9a   0x08005a9a   0x00000002   PAD
    0x08005a9c   0x08005a9c   0x000002a0   Code   RO          115    .text.HandleHeartbeat  pda_communication.o
    0x08005d3c   0x08005d3c   0x00000358   Code   RO          119    .text.HandleParamRead  pda_communication.o
    0x08006094   0x08006094   0x000001ae   Code   RO          121    .text.HandleParamWrite  pda_communication.o
    0x08006242   0x08006242   0x00000002   PAD
    0x08006244   0x08006244   0x00000002   Code   RO          364    .text.HardFault_Handler  stm32h5xx_it.o
    0x08006246   0x08006246   0x00000002   PAD
    0x08006248   0x08006248   0x00000160   Code   RO         1176    .text.I2C_IsErrorOccurred  stm32h5xx_hal_i2c.o
    0x080063a8   0x080063a8   0x000000f8   Code   RO         1042    .text.I2C_WaitOnFlagUntilTimeout  stm32h5xx_hal_i2c.o
    0x080064a0   0x080064a0   0x0000007c   Code   RO         1046    .text.I2C_WaitOnSTOPFlagUntilTimeout  stm32h5xx_hal_i2c.o
    0x0800651c   0x0800651c   0x000000a6   Code   RO         1044    .text.I2C_WaitOnTXISFlagUntilTimeout  stm32h5xx_hal_i2c.o
    0x080065c2   0x080065c2   0x00000002   PAD
    0x080065c4   0x080065c4   0x00000034   Code   RO          282    .text.MX_GPDMA1_Init  gpdma.o
    0x080065f8   0x080065f8   0x0000005a   Code   RO          273    .text.MX_GPIO_DTS6012_Init  gpio.o
    0x08006652   0x08006652   0x00000002   PAD
    0x08006654   0x08006654   0x000000fc   Code   RO          271    .text.MX_GPIO_Init  gpio.o
    0x08006750   0x08006750   0x00000070   Code   RO          291    .text.MX_I2C1_Init  i2c.o
    0x080067c0   0x080067c0   0x00000022   Code   RO          306    .text.MX_ICACHE_Init  icache.o
    0x080067e2   0x080067e2   0x00000002   PAD
    0x080067e4   0x080067e4   0x0000003a   Code   RO          314    .text.MX_IWDG_Init  iwdg.o
    0x0800681e   0x0800681e   0x00000002   PAD
    0x08006820   0x08006820   0x0000006c   Code   RO          324    .text.MX_RTC_Init   rtc.o
    0x0800688c   0x0800688c   0x00000084   Code   RO          339    .text.MX_USART1_UART_Init  usart.o
    0x08006910   0x08006910   0x00000084   Code   RO          341    .text.MX_USART2_UART_Init  usart.o
    0x08006994   0x08006994   0x0000008c   Code   RO          343    .text.MX_USART3_UART_Init  usart.o
    0x08006a20   0x08006a20   0x00000002   Code   RO          366    .text.MemManage_Handler  stm32h5xx_it.o
    0x08006a22   0x08006a22   0x00000002   PAD
    0x08006a24   0x08006a24   0x000001e2   Code   RO         1734    .text.ND06AV1C_GetDepthAndAmpData  nd06av1c_data.o
    0x08006c06   0x08006c06   0x00000002   PAD
    0x08006c08   0x08006c08   0x000000c2   Code   RO         1803    .text.ND06AV1C_I2CErrCallback  nd06av1c_dev.o
    0x08006cca   0x08006cca   0x00000002   PAD
    0x08006ccc   0x08006ccc   0x00000068   Code   RO           73    .text.ND06AV1C_Init  nd06av1c_app.o
    0x08006d34   0x08006d34   0x00000016   Code   RO         1785    .text.ND06AV1C_InitDevice  nd06av1c_dev.o
    0x08006d4a   0x08006d4a   0x00000002   PAD
    0x08006d4c   0x08006d4c   0x000000a4   Code   RO         1714    .text.ND06AV1C_ReadNWords  nd06av1c_comm.o
    0x08006df0   0x08006df0   0x000000a2   Code   RO         1710    .text.ND06AV1C_ReadWord  nd06av1c_comm.o
    0x08006e92   0x08006e92   0x00000002   PAD
    0x08006e94   0x08006e94   0x0000000e   Code   RO         1704    .text.ND06AV1C_RegisteredIICApi  nd06av1c_comm.o
    0x08006ea2   0x08006ea2   0x00000002   PAD
    0x08006ea4   0x08006ea4   0x0000001c   Code   RO         1761    .text.ND06AV1C_RegisteredPlatformApi  nd06av1c_dev.o
    0x08006ec0   0x08006ec0   0x000001a6   Code   RO         1791    .text.ND06AV1C_WaitDeviceBootUp  nd06av1c_dev.o
    0x08007066   0x08007066   0x00000002   PAD
    0x08007068   0x08007068   0x00000022   Code   RO         1706    .text.ND06AV1C_WriteByte  nd06av1c_comm.o
    0x0800708a   0x0800708a   0x00000002   PAD
    0x0800708c   0x0800708c   0x0000008e   Code   RO         1708    .text.ND06AV1C_WriteWord  nd06av1c_comm.o
    0x0800711a   0x0800711a   0x00000002   PAD
    0x0800711c   0x0800711c   0x00000002   Code   RO          362    .text.NMI_Handler   stm32h5xx_it.o
    0x0800711e   0x0800711e   0x00000002   PAD
    0x08007120   0x08007120   0x00000238   Code   RO           36    .text.ObjectDetection  sensorapplogic.o
    0x08007358   0x08007358   0x00000002   Code   RO          376    .text.PendSV_Handler  stm32h5xx_it.o
    0x0800735a   0x0800735a   0x00000002   PAD
    0x0800735c   0x0800735c   0x000000ce   Code   RO          153    .text.Process485Tooling  rs485.o
    0x0800742a   0x0800742a   0x00000002   PAD
    0x0800742c   0x0800742c   0x00000036   Code   RO          255    .text.ProcessDTSDMAData  main.o
    0x08007462   0x08007462   0x00000002   PAD
    0x08007464   0x08007464   0x000001d4   Code   RO          159    .text.ProcessElevatorData  rs485.o
    0x08007638   0x08007638   0x0000014c   Code   RO          161    .text.ProcessGHPTooling  rs485.o
    0x08007784   0x08007784   0x0000014c   Code   RO          111    .text.ProcessPacket  pda_communication.o
    0x080078d0   0x080078d0   0x000000ea   Code   RO          617    .text.RCCEx_PLL2_Config  stm32h5xx_hal_rcc_ex.o
    0x080079ba   0x080079ba   0x00000002   PAD
    0x080079bc   0x080079bc   0x00000038   Code   RO          143    .text.RS485_Elevator_Init  rs485.o
    0x080079f4   0x080079f4   0x000000a0   Code   RO         1270    .text.RTC_ExitInitMode  stm32h5xx_hal_rtc.o
    0x08007a94   0x08007a94   0x00000002   Code   RO          372    .text.SVC_Handler   stm32h5xx_it.o
    0x08007a96   0x08007a96   0x00000002   PAD
    0x08007a98   0x08007a98   0x0000000e   Code   RO          378    .text.SysTick_Handler  stm32h5xx_it.o
    0x08007aa6   0x08007aa6   0x00000002   PAD
    0x08007aa8   0x08007aa8   0x000000ca   Code   RO          247    .text.SystemClock_Config  main.o
    0x08007b72   0x08007b72   0x00000002   PAD
    0x08007b74   0x08007b74   0x000000a8   Code   RO         1664    .text.SystemInit    system_stm32h5xx.o
    0x08007c1c   0x08007c1c   0x00000094   Code   RO          225    .text.TOOLING_USART1_UART_Init  toolingtest.o
    0x08007cb0   0x08007cb0   0x00000094   Code   RO          227    .text.TOOLING_USART2_UART_Init  toolingtest.o
    0x08007d44   0x08007d44   0x000000e6   Code   RO         1484    .text.UART_AdvFeatureConfig  stm32h5xx_hal_uart.o
    0x08007e2a   0x08007e2a   0x00000002   PAD
    0x08007e2c   0x08007e2c   0x0000016a   Code   RO         1488    .text.UART_CheckIdleState  stm32h5xx_hal_uart.o
    0x08007f96   0x08007f96   0x00000002   PAD
    0x08007f98   0x08007f98   0x0000000c   Code   RO         1566    .text.UART_DMAAbortOnError  stm32h5xx_hal_uart.o
    0x08007fa4   0x08007fa4   0x000001da   Code   RO         1526    .text.UART_DMAError  stm32h5xx_hal_uart.o
    0x0800817e   0x0800817e   0x00000002   PAD
    0x08008180   0x08008180   0x00000114   Code   RO         1610    .text.UART_DMAReceiveCplt  stm32h5xx_hal_uart.o
    0x08008294   0x08008294   0x0000001a   Code   RO         1612    .text.UART_DMARxHalfCplt  stm32h5xx_hal_uart.o
    0x080082ae   0x080082ae   0x00000002   PAD
    0x080082b0   0x080082b0   0x000001b2   Code   RO         1606    .text.UART_RxISR_16BIT  stm32h5xx_hal_uart.o
    0x08008462   0x08008462   0x00000002   PAD
    0x08008464   0x08008464   0x0000031e   Code   RO         1602    .text.UART_RxISR_16BIT_FIFOEN  stm32h5xx_hal_uart.o
    0x08008782   0x08008782   0x00000002   PAD
    0x08008784   0x08008784   0x000001b6   Code   RO         1608    .text.UART_RxISR_8BIT  stm32h5xx_hal_uart.o
    0x0800893a   0x0800893a   0x00000002   PAD
    0x0800893c   0x0800893c   0x00000322   Code   RO         1604    .text.UART_RxISR_8BIT_FIFOEN  stm32h5xx_hal_uart.o
    0x08008c5e   0x08008c5e   0x00000002   PAD
    0x08008c60   0x08008c60   0x0000019c   Code   RO         1486    .text.UART_SetConfig  stm32h5xx_hal_uart.o
    0x08008dfc   0x08008dfc   0x00000186   Code   RO         1530    .text.UART_Start_Receive_DMA  stm32h5xx_hal_uart.o
    0x08008f82   0x08008f82   0x00000002   PAD
    0x08008f84   0x08008f84   0x00000262   Code   RO         1518    .text.UART_Start_Receive_IT  stm32h5xx_hal_uart.o
    0x080091e6   0x080091e6   0x00000002   PAD
    0x080091e8   0x080091e8   0x000000cc   Code   RO         1512    .text.UART_TxISR_16BIT  stm32h5xx_hal_uart.o
    0x080092b4   0x080092b4   0x000000e0   Code   RO         1508    .text.UART_TxISR_16BIT_FIFOEN  stm32h5xx_hal_uart.o
    0x08009394   0x08009394   0x000000c8   Code   RO         1514    .text.UART_TxISR_8BIT  stm32h5xx_hal_uart.o
    0x0800945c   0x0800945c   0x000000dc   Code   RO         1510    .text.UART_TxISR_8BIT_FIFOEN  stm32h5xx_hal_uart.o
    0x08009538   0x08009538   0x00000332   Code   RO         1502    .text.UART_WaitOnFlagUntilTimeout  stm32h5xx_hal_uart.o
    0x0800986a   0x0800986a   0x00000002   PAD
    0x0800986c   0x0800986c   0x0000000c   Code   RO          382    .text.USART1_IRQHandler  stm32h5xx_it.o
    0x08009878   0x08009878   0x0000000c   Code   RO          384    .text.USART2_IRQHandler  stm32h5xx_it.o
    0x08009884   0x08009884   0x000000e4   Code   RO          386    .text.USART3_IRQHandler  stm32h5xx_it.o
    0x08009968   0x08009968   0x000000ca   Code   RO           91    .text.UpdateDoorStateMachine  elevatorsignalmonitor.o
    0x08009a32   0x08009a32   0x00000002   PAD
    0x08009a34   0x08009a34   0x00000002   Code   RO          370    .text.UsageFault_Handler  stm32h5xx_it.o
    0x08009a36   0x08009a36   0x00000002   PAD
    0x08009a38   0x08009a38   0x0000002a   Code   RO          414    .text.__NVIC_SystemReset  stm32h5xx_hal_cortex.o
    0x08009a62   0x08009a62   0x00000002   PAD
    0x08009a64   0x08009a64   0x00000288   Code   RO           40    .text.cargoLift_ObjectDetection  sensorapplogic.o
    0x08009cec   0x08009cec   0x000000ba   Code   RO           50    .text.cargoLift_sensor_action_control  sensorapplogic.o
    0x08009da6   0x08009da6   0x00000002   PAD
    0x08009da8   0x08009da8   0x000000cc   Code   RO           46    .text.cargoLift_sensor_status_control  sensorapplogic.o
    0x08009e74   0x08009e74   0x000005dc   Code   RO           32    .text.cargolift_DistanceThresholdLearning  sensorapplogic.o
    0x0800a450   0x0800a450   0x00000066   Code   RO         1685    .text.delay_10us    platform.o
    0x0800a4b6   0x0800a4b6   0x00000002   PAD
    0x0800a4b8   0x0800a4b8   0x00000004   Code   RO         1683    .text.delay_1ms     platform.o
    0x0800a4bc   0x0800a4bc   0x000000fa   Code   RO           52    .text.detectError   sensorapplogic.o
    0x0800a5b6   0x0800a5b6   0x00000002   PAD
    0x0800a5b8   0x0800a5b8   0x00000016   Code   RO           15    .text.dts6012_getDepthAndAmp  dts6012m.o
    0x0800a5ce   0x0800a5ce   0x00000002   PAD
    0x0800a5d0   0x0800a5d0   0x00000018   Code   RO           11    .text.dts6012_start  dts6012m.o
    0x0800a5e8   0x0800a5e8   0x00000018   Code   RO           13    .text.dts6012m_Stop  dts6012m.o
    0x0800a600   0x0800a600   0x00000006   Code   RO         1689    .text.get_now_time_us  platform.o
    0x0800a606   0x0800a606   0x00000002   PAD
    0x0800a608   0x0800a608   0x00000030   Code   RO         1679    .text.i2c_read_nbytes  platform.o
    0x0800a638   0x0800a638   0x00000030   Code   RO         1681    .text.i2c_write_nbytes  platform.o
    0x0800a668   0x0800a668   0x0000000e   Code   RO          223    .text.initTooling   toolingtest.o
    0x0800a676   0x0800a676   0x00000002   PAD
    0x0800a678   0x0800a678   0x00000214   Code   RO          245    .text.main          main.o
    0x0800a88c   0x0800a88c   0x00000138   Code   RO          253    .text.normalWork    main.o
    0x0800a9c4   0x0800a9c4   0x00000056   Code   RO          207    .text.paraTable_Init  sensorparatable.o
    0x0800aa1a   0x0800aa1a   0x00000002   PAD
    0x0800aa1c   0x0800aa1c   0x000000be   Code   RO          203    .text.paraTable_Write  sensorparatable.o
    0x0800aada   0x0800aada   0x00000002   PAD
    0x0800aadc   0x0800aadc   0x00000138   Code   RO           48    .text.sensor_action_control  sensorapplogic.o
    0x0800ac14   0x0800ac14   0x0000005a   Code   RO           42    .text.sensor_status_control  sensorapplogic.o
    0x0800ac6e   0x0800ac6e   0x00000002   PAD
    0x0800ac70   0x0800ac70   0x00000010   Code   RO         1691    .text.set_xshut_pin_level  platform.o
    0x0800ac80   0x0800ac80   0x00000064   Code   RO          187    .text.stmflash_read  stmflash.o
    0x0800ace4   0x0800ace4   0x00000004   Code   RO          185    .text.stmflash_read_word  stmflash.o
    0x0800ace8   0x0800ace8   0x00000240   Code   RO          189    .text.stmflash_write  stmflash.o
    0x0800af28   0x0800af28   0x0000003e   Code   RO          229    .text.testDTS       toolingtest.o
    0x0800af66   0x0800af66   0x00000002   PAD
    0x0800af68   0x0800af68   0x00000012   Code   RO          233    .text.testIO        toolingtest.o
    0x0800af7a   0x0800af7a   0x00000002   PAD
    0x0800af7c   0x0800af7c   0x00000176   Code   RO          231    .text.testND06      toolingtest.o
    0x0800b0f2   0x0800b0f2   0x0000000e   Code   RO         1886    i.__scatterload_copy  mc_w.l(handlers.o)
    0x0800b100   0x0800b100   0x00000002   Code   RO         1887    i.__scatterload_null  mc_w.l(handlers.o)
    0x0800b102   0x0800b102   0x0000000e   Code   RO         1888    i.__scatterload_zeroinit  mc_w.l(handlers.o)
    0x0800b110   0x0800b110   0x00000010   Data   RO         1669    .rodata.AHBPrescTable  system_stm32h5xx.o
    0x0800b120   0x0800b120   0x00000008   Data   RO         1670    .rodata.APBPrescTable  system_stm32h5xx.o
    0x0800b128   0x0800b128   0x00000018   Data   RO         1614    .rodata.UARTPrescTable  stm32h5xx_hal_uart.o
    0x0800b140   0x0800b140   0x00000100   Data   RO          123    .rodata.auchCRCHi   pda_communication.o
    0x0800b240   0x0800b240   0x00000100   Data   RO          124    .rodata.auchCRCLo   pda_communication.o
    0x0800b340   0x0800b340   0x00000010   Data   RO         1655    .rodata.cst8        stm32h5xx_hal_uart_ex.o
    0x0800b350   0x0800b350   0x00000020   Data   RO         1885    Region$$Table       anon$$obj.o


    Execution Region RW_IRAM1 (Exec base: 0x20000000, Load base: 0x0800b370, Size: 0x00001018, Max: 0x00008000, ABSOLUTE, COMPRESSED[0x00000168])

    Exec Addr    Load Addr    Size         Type   Attr      Idx    E Section Name        Object

    0x20000000   COMPRESSED   0x00000008   Data   RW           63    .data..L_MergedGlobals  sensorapplogic.o
    0x20000008   COMPRESSED   0x0000002c   Data   RW          175    .data..L_MergedGlobals  rs485.o
    0x20000034   COMPRESSED   0x00000008   Data   RW          993    .data..L_MergedGlobals  stm32h5xx_hal.o
    0x2000003c   COMPRESSED   0x00000090   Data   RW          211    .data.ParaTable_Default  sensorparatable.o
    0x200000cc   COMPRESSED   0x00000004   Data   RW         1668    .data.SystemCoreClock  system_stm32h5xx.o
    0x200000d0   COMPRESSED   0x00000004   Data   RW           83    .data.ToolingTestFlag  producttoolinginspection.o
    0x200000d4   COMPRESSED   0x00000004   Data   RW          129    .data.closingDoorTimeThreshold  pda_communication.o
    0x200000d8   COMPRESSED   0x00000009   Data   RW           17    .data.dts6012m_start_cmd  dts6012m.o
    0x200000e1   COMPRESSED   0x00000009   Data   RW           18    .data.dts6012m_stop_cmd  dts6012m.o
    0x200000ea   COMPRESSED   0x00000100   Data   RW          165    .data.gLookupTableCRC8  rs485.o
    0x200001ea   COMPRESSED   0x00000002   PAD
    0x200001ec   COMPRESSED   0x00000010   Data   RW           75    .data.g_nd06av1c_device  nd06av1c_app.o
    0x200001fc   COMPRESSED   0x00000001   Data   RW          259    .data.isToolingTest  main.o
    0x200001fd   COMPRESSED   0x00000003   PAD
    0x20000200   COMPRESSED   0x0000001c   Data   RW          697    .data.pFlash        stm32h5xx_hal_flash.o
    0x2000021c   COMPRESSED   0x00000004   Data   RW         1748    .data.readDataWaitCnt  nd06av1c_data.o
    0x20000220   COMPRESSED   0x00000002   Data   RW          236    .data.tryTimesToolingN  toolingtest.o
    0x20000222   COMPRESSED   0x00000006   PAD
    0x20000228        -       0x00000014   Zero   RW           97    .bss..L_MergedGlobals  elevatorsignalmonitor.o
    0x2000023c        -       0x0000005a   Zero   RW          130    .bss..L_MergedGlobals  pda_communication.o
    0x20000296        -       0x00000020   Zero   RW          262    .bss..L_MergedGlobals  main.o
    0x200002b6   COMPRESSED   0x00000002   PAD
    0x200002b8        -       0x0000003c   Zero   RW          353    .bss..L_MergedGlobals  usart.o
    0x200002f4        -       0x00000028   Zero   RW         1695    .bss..L_MergedGlobals  platform.o
    0x2000031c        -       0x00000008   Zero   RW         1717    .bss..L_MergedGlobals  nd06av1c_comm.o
    0x20000324        -       0x0000000c   Zero   RW         1834    .bss..L_MergedGlobals  nd06av1c_dev.o
    0x20000330        -       0x0000005a   Zero   RW           64    .bss..L_MergedGlobals.1  sensorapplogic.o
    0x2000038a   COMPRESSED   0x00000002   PAD
    0x2000038c        -       0x00000054   Zero   RW          176    .bss..L_MergedGlobals.1  rs485.o
    0x200003e0        -       0x00000001   Zero   RW           62    .bss.ClosingTimeLearningFailed_Flg  sensorapplogic.o
    0x200003e1   COMPRESSED   0x00000001   PAD
    0x200003e2        -       0x00000002   Zero   RW         1716    .bss.ND06AV1C_REG_OFS  nd06av1c_comm.o
    0x200003e4        -       0x00000002   Zero   RW         1749    .bss.ND06AV1C_WaitDataReadyFlag  nd06av1c_data.o
    0x200003e6        -       0x00000040   Zero   RW          235    .bss.ND06DataTooling  toolingtest.o
    0x20000426   COMPRESSED   0x00000002   PAD
    0x20000428        -       0x00000090   Zero   RW          213    .bss.PARA_TABLE_USE  sensorparatable.o
    0x200004b8        -       0x00000094   Zero   RW          212    .bss.ParaTableSave  sensorparatable.o
    0x2000054c        -       0x00000001   Zero   RW          258    .bss.cargoLift_IN   main.o
    0x2000054d   COMPRESSED   0x00000003   PAD
    0x20000550        -       0x00000004   Zero   RW           60    .bss.closeTimeCnt   sensorapplogic.o
    0x20000554        -       0x00000014   Zero   RW           76    .bss.dev_op         nd06av1c_app.o
    0x20000568        -       0x0000000a   Zero   RW          260    .bss.dts6012_DMAdata  main.o
    0x20000572   COMPRESSED   0x00000002   PAD
    0x20000574        -       0x00000078   Zero   RW          352    .bss.handle_GPDMA1_Channel0  usart.o
    0x200005ec        -       0x00000054   Zero   RW          297    .bss.hi2c1          i2c.o
    0x20000640        -       0x00000014   Zero   RW          316    .bss.hiwdg          iwdg.o
    0x20000654        -       0x00000030   Zero   RW          330    .bss.hrtc           rtc.o
    0x20000684        -       0x00000094   Zero   RW          349    .bss.huart1         usart.o
    0x20000718        -       0x00000094   Zero   RW          350    .bss.huart2         usart.o
    0x200007ac        -       0x00000094   Zero   RW          351    .bss.huart3         usart.o
    0x20000840        -       0x00000040   Zero   RW           58    .bss.nd06PixelAddCnt  sensorapplogic.o
    0x20000880        -       0x00000040   Zero   RW           59    .bss.nd06StudyDep   sensorapplogic.o
    0x200008c0        -       0x00000040   Zero   RW           54    .bss.nd06_data      sensorapplogic.o
    0x20000900        -       0x00000002   Zero   RW          257    .bss.receivedLength  main.o
    0x20000902   COMPRESSED   0x00000002   PAD
    0x20000904        -       0x00000080   Zero   RW          172    .bss.rxDBuffPDA     rs485.o
    0x20000984        -       0x00000080   Zero   RW          173    .bss.rx_DBuffPDA    rs485.o
    0x20000a04        -       0x00000064   Zero   RW          171    .bss.testArr        rs485.o
    0x20000a68        -       0x00000090   Zero   RW          126    .bss.txBuffer2      pda_communication.o
    0x20000af8        -       0x00000074   Zero   RW          127    .bss.txBuffer3      pda_communication.o
    0x20000b6c        -       0x000000a2   Zero   RW          128    .bss.txBuffer4      pda_communication.o
    0x20000c0e   COMPRESSED   0x00000002   PAD
    0x20000c10        -       0x00000004   Zero   RW          992    .bss.uwTick         stm32h5xx_hal.o
    0x20000c14   COMPRESSED   0x00000004   PAD
    0x20000c18        -       0x00000400   Zero   RW            1    STACK               startup_stm32h503xx.o


==============================================================================

Image component sizes


      Code (inc. data)   RO Data    RW Data    ZI Data      Debug   Object Name

        70          0          0         18          0       5364   dts6012m.o
       296         12          0          0         20       1849   elevatorsignalmonitor.o
        52          0          0          0          0       4206   gpdma.o
       342          0          0          0          0       3261   gpio.o
       262          0          0          0         84       8181   i2c.o
        34          0          0          0          0        691   icache.o
        58          0          0          0         20       1343   iwdg.o
      1106          0          0          1         45       6452   main.o
       104          0          0         16         20       1512   nd06av1c_app.o
       516          0          0          0         10       4529   nd06av1c_comm.o
       482          0          0          4          2       9778   nd06av1c_data.o
       666          0          0          0         12      21439   nd06av1c_dev.o
      3488         16        512          4        512      22978   pda_communication.o
       352          0          0          0         40       5316   platform.o
         0          0          0          4          0        488   producttoolinginspection.o
      1886          8          0        300        440      13919   rs485.o
       212          0          0          0         48       5812   rtc.o
      4224          0          0          8        287      13321   sensorapplogic.o
       276          0          0        144        292       3943   sensorparatable.o
        40         10        600          0       1024        908   startup_stm32h503xx.o
       322          0          0          8          4      12115   stm32h5xx_hal.o
       454         22          0          0          0      13502   stm32h5xx_hal_cortex.o
      1082          0          0          0          0      10451   stm32h5xx_hal_dma.o
      2006          0          0          0          0      44880   stm32h5xx_hal_dma_ex.o
       504          0          0         28          0       8449   stm32h5xx_hal_flash.o
       300          0          0          0          0      11610   stm32h5xx_hal_flash_ex.o
       708          0          0          0          0       5269   stm32h5xx_hal_gpio.o
      2204          0          0          0          0      63219   stm32h5xx_hal_i2c.o
       146          0          0          0          0       5877   stm32h5xx_hal_i2c_ex.o
       120          0          0          0          0       4103   stm32h5xx_hal_icache.o
       174          0          0          0          0       2510   stm32h5xx_hal_iwdg.o
         2          0          0          0          0        405   stm32h5xx_hal_msp.o
      2766         16          0          0          0      12546   stm32h5xx_hal_rcc.o
      4602         90          0          0          0      18242   stm32h5xx_hal_rcc_ex.o
       386          0          0          0          0      17161   stm32h5xx_hal_rtc.o
        58          0          0          0          0      22534   stm32h5xx_hal_rtc_ex.o
     10316          0         24          0          0      39901   stm32h5xx_hal_uart.o
       340          0         16          0          0      11829   stm32h5xx_hal_uart_ex.o
       294          0          0          0          0       6255   stm32h5xx_it.o
       680          0          0          0          0       4331   stmflash.o
       168          0         24          4          0       5441   system_stm32h5xx.o
       764          0          0          2         64       4354   toolingtest.o
      1254          0          0          0        624      12845   usart.o

    ----------------------------------------------------------------------
     44310        174       1208        548       3572     473119   Object Totals
         0          0         32          0          0          0   (incl. Generated)
       194          0          0          7         24          0   (incl. Padding)

    ----------------------------------------------------------------------

      Code (inc. data)   RO Data    RW Data    ZI Data      Debug   Library Member Name

        86          0          0          0          0          0   __dczerorl2.o
         0          0          0          0          0          0   entry.o
         0          0          0          0          0          0   entry10a.o
         0          0          0          0          0          0   entry11a.o
         8          4          0          0          0          0   entry2.o
         4          0          0          0          0          0   entry5.o
         0          0          0          0          0          0   entry7b.o
         0          0          0          0          0          0   entry8b.o
         8          4          0          0          0          0   entry9a.o
        30          0          0          0          0          0   handlers.o
        48         10          0          0          0         68   init.o
        30          0          0          0          0         68   llshl.o
        32          0          0          0          0         68   llushr.o
        36          0          0          0          0         68   memcpya.o
        36          0          0          0          0        108   memseta.o
        98          0          0          0          0         92   uldiv.o

    ----------------------------------------------------------------------
       418         18          0          0          0        472   Library Totals
         2          0          0          0          0          0   (incl. Padding)

    ----------------------------------------------------------------------

      Code (inc. data)   RO Data    RW Data    ZI Data      Debug   Library Name

       416         18          0          0          0        472   mc_w.l

    ----------------------------------------------------------------------
       418         18          0          0          0        472   Library Totals

    ----------------------------------------------------------------------

==============================================================================


      Code (inc. data)   RO Data    RW Data    ZI Data      Debug   

     44728        192       1208        548       3572     472919   Grand Totals
     44728        192       1208        360       3572     472919   ELF Image Totals (compressed)
     44728        192       1208        360          0          0   ROM Totals

==============================================================================

    Total RO  Size (Code + RO Data)                45936 (  44.86kB)
    Total RW  Size (RW Data + ZI Data)              4120 (   4.02kB)
    Total ROM Size (Code + RO Data + RW Data)      46296 (  45.21kB)

==============================================================================

