Component: Arm Compiler for Embedded 6.23 Tool: armlink [5f102400]

==============================================================================

Section Cross References

    startup_stm32h503xx.o(RESET) refers to startup_stm32h503xx.o(STACK) for __initial_sp
    startup_stm32h503xx.o(RESET) refers to startup_stm32h503xx.o(.text) for Reset_Handler
    startup_stm32h503xx.o(RESET) refers to stm32h5xx_it.o(.text.NMI_Handler) for NMI_Handler
    startup_stm32h503xx.o(RESET) refers to stm32h5xx_it.o(.text.HardFault_Handler) for HardFault_Handler
    startup_stm32h503xx.o(RESET) refers to stm32h5xx_it.o(.text.MemManage_Handler) for MemManage_Handler
    startup_stm32h503xx.o(RESET) refers to stm32h5xx_it.o(.text.BusFault_Handler) for BusFault_Handler
    startup_stm32h503xx.o(RESET) refers to stm32h5xx_it.o(.text.UsageFault_Handler) for UsageFault_Handler
    startup_stm32h503xx.o(RESET) refers to stm32h5xx_it.o(.text.SVC_Handler) for SVC_Handler
    startup_stm32h503xx.o(RESET) refers to stm32h5xx_it.o(.text.DebugMon_Handler) for DebugMon_Handler
    startup_stm32h503xx.o(RESET) refers to stm32h5xx_it.o(.text.PendSV_Handler) for PendSV_Handler
    startup_stm32h503xx.o(RESET) refers to stm32h5xx_it.o(.text.SysTick_Handler) for SysTick_Handler
    startup_stm32h503xx.o(RESET) refers to stm32h5xx_it.o(.text.USART1_IRQHandler) for USART1_IRQHandler
    startup_stm32h503xx.o(RESET) refers to stm32h5xx_it.o(.text.USART2_IRQHandler) for USART2_IRQHandler
    startup_stm32h503xx.o(.text) refers to system_stm32h5xx.o(.text.SystemInit) for SystemInit
    startup_stm32h503xx.o(.text) refers to entry.o(.ARM.Collect$$$$00000000) for __main
    dts6012m.o(.text.dts6012_start) refers to usart.o(.bss.huart3) for huart3
    dts6012m.o(.text.dts6012_start) refers to dts6012m.o(.data.dts6012m_start_cmd) for dts6012m_start_cmd
    dts6012m.o(.text.dts6012_start) refers to stm32h5xx_hal_uart.o(.text.HAL_UART_Transmit) for HAL_UART_Transmit
    dts6012m.o(.ARM.exidx.text.dts6012_start) refers to dts6012m.o(.text.dts6012_start) for [Anonymous Symbol]
    dts6012m.o(.text.dts6012m_Stop) refers to usart.o(.bss.huart3) for huart3
    dts6012m.o(.text.dts6012m_Stop) refers to dts6012m.o(.data.dts6012m_stop_cmd) for dts6012m_stop_cmd
    dts6012m.o(.text.dts6012m_Stop) refers to stm32h5xx_hal_uart.o(.text.HAL_UART_Transmit) for HAL_UART_Transmit
    dts6012m.o(.ARM.exidx.text.dts6012m_Stop) refers to dts6012m.o(.text.dts6012m_Stop) for [Anonymous Symbol]
    dts6012m.o(.ARM.exidx.text.dts6012_getDepthAndAmp) refers to dts6012m.o(.text.dts6012_getDepthAndAmp) for [Anonymous Symbol]
    nd06av1c_app.o(.text.ND06AV1C_Init) refers to nd06av1c_app.o(.bss.dev_op) for dev_op
    nd06av1c_app.o(.text.ND06AV1C_Init) refers to platform.o(.text.delay_10us) for delay_10us
    nd06av1c_app.o(.text.ND06AV1C_Init) refers to platform.o(.text.delay_1ms) for delay_1ms
    nd06av1c_app.o(.text.ND06AV1C_Init) refers to platform.o(.text.get_now_time_us) for get_now_time_us
    nd06av1c_app.o(.text.ND06AV1C_Init) refers to platform.o(.text.i2c_read_nbytes) for i2c_read_nbytes
    nd06av1c_app.o(.text.ND06AV1C_Init) refers to platform.o(.text.i2c_write_nbytes) for i2c_write_nbytes
    nd06av1c_app.o(.text.ND06AV1C_Init) refers to nd06av1c_dev.o(.text.ND06AV1C_RegisteredPlatformApi) for ND06AV1C_RegisteredPlatformApi
    nd06av1c_app.o(.text.ND06AV1C_Init) refers to nd06av1c_app.o(.data.g_nd06av1c_device) for g_nd06av1c_device
    nd06av1c_app.o(.text.ND06AV1C_Init) refers to nd06av1c_dev.o(.text.ND06AV1C_WaitDeviceBootUp) for ND06AV1C_WaitDeviceBootUp
    nd06av1c_app.o(.text.ND06AV1C_Init) refers to nd06av1c_dev.o(.text.ND06AV1C_InitDevice) for ND06AV1C_InitDevice
    nd06av1c_app.o(.ARM.exidx.text.ND06AV1C_Init) refers to nd06av1c_app.o(.text.ND06AV1C_Init) for [Anonymous Symbol]
    nd06av1c_app.o(.data.g_nd06av1c_device) refers to platform.o(.text.set_xshut_pin_level) for set_xshut_pin_level
    rs485.o(.text.CalcCRC8) refers to rs485.o(.data.gLookupTableCRC8) for gLookupTableCRC8
    rs485.o(.ARM.exidx.text.CalcCRC8) refers to rs485.o(.text.CalcCRC8) for [Anonymous Symbol]
    rs485.o(.ARM.exidx.text.xor_checkSum) refers to rs485.o(.text.xor_checkSum) for [Anonymous Symbol]
    rs485.o(.text.RS485_Elevator_Init) refers to usart.o(.bss.huart1) for huart1
    rs485.o(.text.RS485_Elevator_Init) refers to rs485.o(.bss.rxDataBuffElevator) for rxDataBuffElevator
    rs485.o(.text.RS485_Elevator_Init) refers to stm32h5xx_hal_uart.o(.text.HAL_UART_Receive_IT) for HAL_UART_Receive_IT
    rs485.o(.text.RS485_Elevator_Init) refers to platform.o(.text.delay_10us) for delay_10us
    rs485.o(.text.RS485_Elevator_Init) refers to stm32h5xx_hal_gpio.o(.text.HAL_GPIO_WritePin) for HAL_GPIO_WritePin
    rs485.o(.ARM.exidx.text.RS485_Elevator_Init) refers to rs485.o(.text.RS485_Elevator_Init) for [Anonymous Symbol]
    rs485.o(.text.RS485_PDA_Init) refers to usart.o(.bss.huart2) for huart2
[...]
    ../fplib/microlib/fpepilogue.c           0x00000000   Number         0  depilogue.o ABSOLUTE
    ../fplib/microlib/fpfix.c                0x00000000   Number         0  dfixui.o ABSOLUTE
    ../fplib/microlib/fpmul.c                0x00000000   Number         0  dmul.o ABSOLUTE
    dc.s                                     0x00000000   Number         0  dc.o ABSOLUTE
    dts6012m.c                               0x00000000   Number         0  dts6012m.o ABSOLUTE
    gpio.c                                   0x00000000   Number         0  gpio.o ABSOLUTE
    handlers.s                               0x00000000   Number         0  handlers.o ABSOLUTE
    i2c.c                                    0x00000000   Number         0  i2c.o ABSOLUTE
    icache.c                                 0x00000000   Number         0  icache.o ABSOLUTE
    init.s                                   0x00000000   Number         0  init.o ABSOLUTE
    iwdg.c                                   0x00000000   Number         0  iwdg.o ABSOLUTE
    main.c                                   0x00000000   Number         0  main.o ABSOLUTE
    memorymap.c                              0x00000000   Number         0  memorymap.o ABSOLUTE
    nd06av1c_app.c                           0x00000000   Number         0  nd06av1c_app.o ABSOLUTE
    nd06av1c_comm.c                          0x00000000   Number         0  nd06av1c_comm.o ABSOLUTE
    nd06av1c_data.c                          0x00000000   Number         0  nd06av1c_data.o ABSOLUTE
    nd06av1c_dev.c                           0x00000000   Number         0  nd06av1c_dev.o ABSOLUTE
    platform.c                               0x00000000   Number         0  platform.o ABSOLUTE
    productToolingInspection.c               0x00000000   Number         0  producttoolinginspection.o ABSOLUTE
    rs485.c                                  0x00000000   Number         0  rs485.o ABSOLUTE
    rtc.c                                    0x00000000   Number         0  rtc.o ABSOLUTE
    startup_stm32h503xx.s                    0x00000000   Number         0  startup_stm32h503xx.o ABSOLUTE
    stm32h5xx_hal.c                          0x00000000   Number         0  stm32h5xx_hal.o ABSOLUTE
    stm32h5xx_hal_cortex.c                   0x00000000   Number         0  stm32h5xx_hal_cortex.o ABSOLUTE
    stm32h5xx_hal_dma.c                      0x00000000   Number         0  stm32h5xx_hal_dma.o ABSOLUTE
    stm32h5xx_hal_dma_ex.c                   0x00000000   Number         0  stm32h5xx_hal_dma_ex.o ABSOLUTE
    stm32h5xx_hal_exti.c                     0x00000000   Number         0  stm32h5xx_hal_exti.o ABSOLUTE
    stm32h5xx_hal_flash.c                    0x00000000   Number         0  stm32h5xx_hal_flash.o ABSOLUTE
    stm32h5xx_hal_flash_ex.c                 0x00000000   Number         0  stm32h5xx_hal_flash_ex.o ABSOLUTE
    stm32h5xx_hal_gpio.c                     0x00000000   Number         0  stm32h5xx_hal_gpio.o ABSOLUTE
    stm32h5xx_hal_i2c.c                      0x00000000   Number         0  stm32h5xx_hal_i2c.o ABSOLUTE
    stm32h5xx_hal_i2c_ex.c                   0x00000000   Number         0  stm32h5xx_hal_i2c_ex.o ABSOLUTE
    stm32h5xx_hal_icache.c                   0x00000000   Number         0  stm32h5xx_hal_icache.o ABSOLUTE
    stm32h5xx_hal_iwdg.c                     0x00000000   Number         0  stm32h5xx_hal_iwdg.o ABSOLUTE
    stm32h5xx_hal_msp.c                      0x00000000   Number         0  stm32h5xx_hal_msp.o ABSOLUTE
    stm32h5xx_hal_pwr.c                      0x00000000   Number         0  stm32h5xx_hal_pwr.o ABSOLUTE
    stm32h5xx_hal_pwr_ex.c                   0x00000000   Number         0  stm32h5xx_hal_pwr_ex.o ABSOLUTE
    stm32h5xx_hal_rcc.c                      0x00000000   Number         0  stm32h5xx_hal_rcc.o ABSOLUTE
    stm32h5xx_hal_rcc_ex.c                   0x00000000   Number         0  stm32h5xx_hal_rcc_ex.o ABSOLUTE
    stm32h5xx_hal_rtc.c                      0x00000000   Number         0  stm32h5xx_hal_rtc.o ABSOLUTE
    stm32h5xx_hal_rtc_ex.c                   0x00000000   Number         0  stm32h5xx_hal_rtc_ex.o ABSOLUTE
    stm32h5xx_hal_tim.c                      0x00000000   Number         0  stm32h5xx_hal_tim.o ABSOLUTE
    stm32h5xx_hal_tim_ex.c                   0x00000000   Number         0  stm32h5xx_hal_tim_ex.o ABSOLUTE
    stm32h5xx_hal_uart.c                     0x00000000   Number         0  stm32h5xx_hal_uart.o ABSOLUTE
    stm32h5xx_hal_uart_ex.c                  0x00000000   Number         0  stm32h5xx_hal_uart_ex.o ABSOLUTE
    stm32h5xx_it.c                           0x00000000   Number         0  stm32h5xx_it.o ABSOLUTE
    stmflash.c                               0x00000000   Number         0  stmflash.o ABSOLUTE
    system_stm32h5xx.c                       0x00000000   Number         0  system_stm32h5xx.o ABSOLUTE
    toolingtest.c                            0x00000000   Number         0  toolingtest.o ABSOLUTE
    usart.c                                  0x00000000   Number         0  usart.o ABSOLUTE
    RESET                                    0x08000000   Section      600  startup_stm32h503xx.o(RESET)
    .ARM.Collect$$$$00000000                 0x08000258   Section        0  entry.o(.ARM.Collect$$$$00000000)
    .ARM.Collect$$$$00000001                 0x08000258   Section        4  entry2.o(.ARM.Collect$$$$00000001)
    .ARM.Collect$$$$00000004                 0x0800025c   Section        4  entry5.o(.ARM.Collect$$$$00000004)
    .ARM.Collect$$$$00000008                 0x08000260   Section        0  entry7b.o(.ARM.Collect$$$$00000008)
    .ARM.Collect$$$$0000000A                 0x08000260   Section        0  entry8b.o(.ARM.Collect$$$$0000000A)
    .ARM.Collect$$$$0000000B                 0x08000260   Section        8  entry9a.o(.ARM.Collect$$$$0000000B)
    __lit__00000000                          0x08000268   Data           4  entry2.o(.ARM.Collect$$$$00002712)
    .ARM.Collect$$$$0000000D                 0x08000268   Section        0  entry10a.o(.ARM.Collect$$$$0000000D)
    .ARM.Collect$$$$0000000F                 0x08000268   Section        0  entry11a.o(.ARM.Collect$$$$0000000F)
    .ARM.Collect$$$$00002712                 0x08000268   Section        4  entry2.o(.ARM.Collect$$$$00002712)
    $v0                                      0x0800026c   Number         0  startup_stm32h503xx.o(.text)
    .text                                    0x0800026c   Section       40  startup_stm32h503xx.o(.text)
    .text                                    0x08000294   Section        0  uldiv.o(.text)
    .text                                    0x080002f6   Section        0  memseta.o(.text)
    .text                                    0x0800031a   Section        0  llshl.o(.text)
    .text                                    0x08000338   Section        0  llushr.o(.text)
    .text                                    0x08000358   Section       48  init.o(.text)
    [Anonymous Symbol]                       0x08000388   Section        0  stm32h5xx_it.o(.text.BusFault_Handler)
    [Anonymous Symbol]                       0x0800038c   Section        0  stm32h5xx_it.o(.text.DebugMon_Handler)
    [Anonymous Symbol]                       0x08000390   Section        0  main.o(.text.Error_Handler)
    [Anonymous Symbol]                       0x08000398   Section        0  stm32h5xx_hal_dma.o(.text.HAL_DMA_Abort)
    [Anonymous Symbol]                       0x080004b0   Section        0  stm32h5xx_hal_dma.o(.text.HAL_DMA_Abort_IT)
    [Anonymous Symbol]                       0x08000504   Section        0  stm32h5xx_hal.o(.text.HAL_Delay)
    [Anonymous Symbol]                       0x08000548   Section        0  stm32h5xx_hal_gpio.o(.text.HAL_GPIO_DeInit)
    [Anonymous Symbol]                       0x08000698   Section        0  stm32h5xx_hal_gpio.o(.text.HAL_GPIO_Init)
    [Anonymous Symbol]                       0x08000968   Section        0  stm32h5xx_hal_gpio.o(.text.HAL_GPIO_WritePin)
    [Anonymous Symbol]                       0x08000994   Section        0  stm32h5xx_hal.o(.text.HAL_GetTick)
    [Anonymous Symbol]                       0x080009a0   Section        0  stm32h5xx_hal_i2c_ex.o(.text.HAL_I2CEx_ConfigAnalogFilter)
    [Anonymous Symbol]                       0x08000a38   Section        0  stm32h5xx_hal_i2c_ex.o(.text.HAL_I2CEx_ConfigDigitalFilter)
    [Anonymous Symbol]                       0x08000adc   Section        0  stm32h5xx_hal_i2c.o(.text.HAL_I2C_Init)
    [Anonymous Symbol]                       0x08000bf0   Section        0  stm32h5xx_hal_i2c.o(.text.HAL_I2C_Mem_Read)
    [Anonymous Symbol]                       0x08000e7c   Section        0  stm32h5xx_hal_i2c.o(.text.HAL_I2C_Mem_Write)
    [Anonymous Symbol]                       0x080010f0   Section        0  i2c.o(.text.HAL_I2C_MspInit)
    [Anonymous Symbol]                       0x0800119c   Section        0  stm32h5xx_hal_icache.o(.text.HAL_ICACHE_ConfigAssociativityMode)
    [Anonymous Symbol]                       0x080011dc   Section        0  stm32h5xx_hal_icache.o(.text.HAL_ICACHE_Enable)
    [Anonymous Symbol]                       0x080011f0   Section        0  stm32h5xx_hal.o(.text.HAL_IncTick)
    [Anonymous Symbol]                       0x0800120c   Section        0  stm32h5xx_hal.o(.text.HAL_Init)
    [Anonymous Symbol]                       0x0800126c   Section        0  stm32h5xx_hal.o(.text.HAL_InitTick)
    [Anonymous Symbol]                       0x08001380   Section        0  stm32h5xx_hal_msp.o(.text.HAL_MspInit)
    [Anonymous Symbol]                       0x08001384   Section        0  stm32h5xx_hal_cortex.o(.text.HAL_NVIC_DisableIRQ)
    [Anonymous Symbol]                       0x08001398   Section        0  stm32h5xx_hal_cortex.o(.text.HAL_NVIC_EnableIRQ)
    [Anonymous Symbol]                       0x080013ac   Section        0  stm32h5xx_hal_cortex.o(.text.HAL_NVIC_SetPriority)
    [Anonymous Symbol]                       0x080013dc   Section        0  stm32h5xx_hal_cortex.o(.text.HAL_NVIC_SetPriorityGrouping)
    [Anonymous Symbol]                       0x080013ec   Section        0  stm32h5xx_hal_cortex.o(.text.HAL_NVIC_SystemReset)
    [Anonymous Symbol]                       0x080013f0   Section        0  stm32h5xx_hal_rcc_ex.o(.text.HAL_RCCEx_GetPLL1ClockFreq)
    [Anonymous Symbol]                       0x080016e8   Section        0  stm32h5xx_hal_rcc_ex.o(.text.HAL_RCCEx_GetPLL2ClockFreq)
    [Anonymous Symbol]                       0x080019e0   Section        0  stm32h5xx_hal_rcc_ex.o(.text.HAL_RCCEx_GetPeriphCLKFreq)
    [Anonymous Symbol]                       0x080029d0   Section        0  stm32h5xx_hal_rcc_ex.o(.text.HAL_RCCEx_PeriphCLKConfig)
    [Anonymous Symbol]                       0x0800346c   Section        0  stm32h5xx_hal_rcc.o(.text.HAL_RCC_ClockConfig)
    [Anonymous Symbol]                       0x08003900   Section        0  stm32h5xx_hal_rcc.o(.text.HAL_RCC_GetHCLKFreq)
    [Anonymous Symbol]                       0x08003934   Section        0  stm32h5xx_hal_rcc.o(.text.HAL_RCC_GetPCLK1Freq)
    [Anonymous Symbol]                       0x0800395c   Section        0  stm32h5xx_hal_rcc.o(.text.HAL_RCC_GetPCLK2Freq)
    [Anonymous Symbol]                       0x08003984   Section        0  stm32h5xx_hal_rcc.o(.text.HAL_RCC_GetPCLK3Freq)
    [Anonymous Symbol]                       0x080039ac   Section        0  stm32h5xx_hal_rcc.o(.text.HAL_RCC_GetSysClockFreq)
    [Anonymous Symbol]                       0x08003c78   Section        0  stm32h5xx_hal_rcc.o(.text.HAL_RCC_OscConfig)
    [Anonymous Symbol]                       0x08004674   Section        0  stm32h5xx_hal_rtc_ex.o(.text.HAL_RTCEx_PrivilegeModeSet)
    [Anonymous Symbol]                       0x080046c4   Section        0  stm32h5xx_hal_rtc.o(.text.HAL_RTC_Init)
    [Anonymous Symbol]                       0x08004800   Section        0  rtc.o(.text.HAL_RTC_MspInit)
    [Anonymous Symbol]                       0x08004874   Section        0  stm32h5xx_hal_rtc.o(.text.HAL_RTC_WaitForSynchro)
    [Anonymous Symbol]                       0x080048e8   Section        0  stm32h5xx_hal_cortex.o(.text.HAL_SYSTICK_CLKSourceConfig)
    [Anonymous Symbol]                       0x08004984   Section        0  platform.o(.text.HAL_SYSTICK_Callback)
    [Anonymous Symbol]                       0x08004a98   Section        0  stm32h5xx_hal_cortex.o(.text.HAL_SYSTICK_Config)
    [Anonymous Symbol]                       0x08004ae4   Section        0  stm32h5xx_hal_cortex.o(.text.HAL_SYSTICK_GetCLKSourceConfig)
    [Anonymous Symbol]                       0x08004b48   Section        0  stm32h5xx_hal_cortex.o(.text.HAL_SYSTICK_IRQHandler)
    [Anonymous Symbol]                       0x08004b50   Section        0  stm32h5xx_hal_uart_ex.o(.text.HAL_UARTEx_DisableFifoMode)
    [Anonymous Symbol]                       0x08004bcc   Section        0  stm32h5xx_hal_uart.o(.text.HAL_UARTEx_RxEventCallback)
    [Anonymous Symbol]                       0x08004bd8   Section        0  stm32h5xx_hal_uart_ex.o(.text.HAL_UARTEx_RxFifoFullCallback)
    [Anonymous Symbol]                       0x08004be0   Section        0  stm32h5xx_hal_uart_ex.o(.text.HAL_UARTEx_SetRxFifoThreshold)
    [Anonymous Symbol]                       0x08004c6c   Section        0  stm32h5xx_hal_uart_ex.o(.text.HAL_UARTEx_SetTxFifoThreshold)
    [Anonymous Symbol]                       0x08004cf8   Section        0  stm32h5xx_hal_uart_ex.o(.text.HAL_UARTEx_TxFifoEmptyCallback)
    [Anonymous Symbol]                       0x08004d00   Section        0  stm32h5xx_hal_uart_ex.o(.text.HAL_UARTEx_WakeupCallback)
    [Anonymous Symbol]                       0x08004d08   Section        0  stm32h5xx_hal_uart.o(.text.HAL_UART_DeInit)
    [Anonymous Symbol]                       0x08004d84   Section        0  stm32h5xx_hal_uart.o(.text.HAL_UART_ErrorCallback)
    [Anonymous Symbol]                       0x08004d8c   Section        0  stm32h5xx_hal_uart.o(.text.HAL_UART_IRQHandler)
    [Anonymous Symbol]                       0x080052d0   Section        0  stm32h5xx_hal_uart.o(.text.HAL_UART_Init)
    [Anonymous Symbol]                       0x0800537c   Section        0  usart.o(.text.HAL_UART_MspDeInit)
    [Anonymous Symbol]                       0x08005430   Section        0  usart.o(.text.HAL_UART_MspInit)
    [Anonymous Symbol]                       0x08005658   Section        0  stm32h5xx_hal_uart.o(.text.HAL_UART_Receive)
    [Anonymous Symbol]                       0x0800582c   Section        0  stm32h5xx_hal_uart.o(.text.HAL_UART_Receive_IT)
    [Anonymous Symbol]                       0x080058e8   Section        0  rs485.o(.text.HAL_UART_RxCpltCallback)
    [Anonymous Symbol]                       0x08005af4   Section        0  stm32h5xx_hal_uart.o(.text.HAL_UART_Transmit)
    [Anonymous Symbol]                       0x08005c48   Section        0  rs485.o(.text.HAL_UART_TxCpltCallback)
    [Anonymous Symbol]                       0x08005c94   Section        0  stm32h5xx_it.o(.text.HardFault_Handler)
    I2C_Flush_TXDR                           0x08005c99   Thumb Code    64  stm32h5xx_hal_i2c.o(.text.I2C_Flush_TXDR)
    [Anonymous Symbol]                       0x08005c98   Section        0  stm32h5xx_hal_i2c.o(.text.I2C_Flush_TXDR)
    I2C_IsErrorOccurred                      0x08005cd9   Thumb Code   510  stm32h5xx_hal_i2c.o(.text.I2C_IsErrorOccurred)
    [Anonymous Symbol]                       0x08005cd8   Section        0  stm32h5xx_hal_i2c.o(.text.I2C_IsErrorOccurred)
    I2C_RequestMemoryRead                    0x08005ed9   Thumb Code   190  stm32h5xx_hal_i2c.o(.text.I2C_RequestMemoryRead)
    [Anonymous Symbol]                       0x08005ed8   Section        0  stm32h5xx_hal_i2c.o(.text.I2C_RequestMemoryRead)
    I2C_RequestMemoryWrite                   0x08005f99   Thumb Code   192  stm32h5xx_hal_i2c.o(.text.I2C_RequestMemoryWrite)
    [Anonymous Symbol]                       0x08005f98   Section        0  stm32h5xx_hal_i2c.o(.text.I2C_RequestMemoryWrite)
    I2C_TransferConfig                       0x08006059   Thumb Code    84  stm32h5xx_hal_i2c.o(.text.I2C_TransferConfig)
    [Anonymous Symbol]                       0x08006058   Section        0  stm32h5xx_hal_i2c.o(.text.I2C_TransferConfig)
    I2C_WaitOnFlagUntilTimeout               0x080060ad   Thumb Code   196  stm32h5xx_hal_i2c.o(.text.I2C_WaitOnFlagUntilTimeout)
    [Anonymous Symbol]                       0x080060ac   Section        0  stm32h5xx_hal_i2c.o(.text.I2C_WaitOnFlagUntilTimeout)
    I2C_WaitOnSTOPFlagUntilTimeout           0x08006171   Thumb Code   162  stm32h5xx_hal_i2c.o(.text.I2C_WaitOnSTOPFlagUntilTimeout)
    [Anonymous Symbol]                       0x08006170   Section        0  stm32h5xx_hal_i2c.o(.text.I2C_WaitOnSTOPFlagUntilTimeout)
    I2C_WaitOnTXISFlagUntilTimeout           0x08006215   Thumb Code   172  stm32h5xx_hal_i2c.o(.text.I2C_WaitOnTXISFlagUntilTimeout)
    [Anonymous Symbol]                       0x08006214   Section        0  stm32h5xx_hal_i2c.o(.text.I2C_WaitOnTXISFlagUntilTimeout)
    [Anonymous Symbol]                       0x080062c0   Section        0  gpio.o(.text.MX_GPIO_DTS6012_Init)
    [Anonymous Symbol]                       0x08006320   Section        0  gpio.o(.text.MX_GPIO_Init)
    [Anonymous Symbol]                       0x08006454   Section        0  i2c.o(.text.MX_I2C1_Init)
    [Anonymous Symbol]                       0x080064cc   Section        0  icache.o(.text.MX_ICACHE_Init)
    [Anonymous Symbol]                       0x080064f0   Section        0  rtc.o(.text.MX_RTC_Init)
    [Anonymous Symbol]                       0x08006568   Section        0  usart.o(.text.MX_USART1_UART_Init)
    [Anonymous Symbol]                       0x080065fc   Section        0  usart.o(.text.MX_USART2_UART_Init)
    [Anonymous Symbol]                       0x08006690   Section        0  usart.o(.text.MX_USART3_UART_Init)
    [Anonymous Symbol]                       0x08006724   Section        0  stm32h5xx_it.o(.text.MemManage_Handler)
    [Anonymous Symbol]                       0x08006728   Section        0  nd06av1c_data.o(.text.ND06AV1C_ClearDataValidFlag)
    [Anonymous Symbol]                       0x08006784   Section        0  nd06av1c_dev.o(.text.ND06AV1C_Delay10us)
    [Anonymous Symbol]                       0x0800679c   Section        0  nd06av1c_dev.o(.text.ND06AV1C_Delay1ms)
    [Anonymous Symbol]                       0x080067b4   Section        0  nd06av1c_data.o(.text.ND06AV1C_GetDepthAndAmpData)
    [Anonymous Symbol]                       0x080068dc   Section        0  nd06av1c_dev.o(.text.ND06AV1C_GetDevInfo)
    [Anonymous Symbol]                       0x080068fc   Section        0  nd06av1c_dev.o(.text.ND06AV1C_GetFirmwareVersion)
    [Anonymous Symbol]                       0x08006930   Section        0  nd06av1c_dev.o(.text.ND06AV1C_HardwareSleep)
    [Anonymous Symbol]                       0x0800694c   Section        0  nd06av1c_dev.o(.text.ND06AV1C_HardwareWakeup)
    [Anonymous Symbol]                       0x08006974   Section        0  nd06av1c_dev.o(.text.ND06AV1C_I2CErrCallback)
    [Anonymous Symbol]                       0x080069fc   Section        0  nd06av1c_app.o(.text.ND06AV1C_Init)
    [Anonymous Symbol]                       0x08006a98   Section        0  nd06av1c_dev.o(.text.ND06AV1C_InitDevice)
    [Anonymous Symbol]                       0x08006ab8   Section        0  nd06av1c_comm.o(.text.ND06AV1C_ReadNWords)
    [Anonymous Symbol]                       0x08006b58   Section        0  nd06av1c_comm.o(.text.ND06AV1C_ReadWord)
    [Anonymous Symbol]                       0x08006bec   Section        0  nd06av1c_comm.o(.text.ND06AV1C_RegisteredIICApi)
    [Anonymous Symbol]                       0x08006c10   Section        0  nd06av1c_dev.o(.text.ND06AV1C_RegisteredPlatformApi)
    [Anonymous Symbol]                       0x08006c54   Section        0  nd06av1c_data.o(.text.ND06AV1C_StartMeasurement)
    [Anonymous Symbol]                       0x08006cb0   Section        0  nd06av1c_data.o(.text.ND06AV1C_WaitDepthAndAmpBufReady)
    [Anonymous Symbol]                       0x08006d30   Section        0  nd06av1c_dev.o(.text.ND06AV1C_WaitDeviceBootUp)
    [Anonymous Symbol]                       0x08006f0c   Section        0  nd06av1c_comm.o(.text.ND06AV1C_WriteByte)
    [Anonymous Symbol]                       0x08006f44   Section        0  nd06av1c_comm.o(.text.ND06AV1C_WriteWord)
    [Anonymous Symbol]                       0x08006ff0   Section        0  stm32h5xx_it.o(.text.NMI_Handler)
    NVIC_EncodePriority                      0x08006ff5   Thumb Code   108  stm32h5xx_hal_cortex.o(.text.NVIC_EncodePriority)
    [Anonymous Symbol]                       0x08006ff4   Section        0  stm32h5xx_hal_cortex.o(.text.NVIC_EncodePriority)
    [Anonymous Symbol]                       0x08007060   Section        0  stm32h5xx_it.o(.text.PendSV_Handler)
    [Anonymous Symbol]                       0x08007064   Section        0  rs485.o(.text.ProcessTooling)
    RCCEx_PLL2_Config                        0x080070d5   Thumb Code   364  stm32h5xx_hal_rcc_ex.o(.text.RCCEx_PLL2_Config)
    [Anonymous Symbol]                       0x080070d4   Section        0  stm32h5xx_hal_rcc_ex.o(.text.RCCEx_PLL2_Config)
    [Anonymous Symbol]                       0x08007240   Section        0  stm32h5xx_hal_rtc.o(.text.RTC_EnterInitMode)
    [Anonymous Symbol]                       0x080072e4   Section        0  stm32h5xx_hal_rtc.o(.text.RTC_ExitInitMode)
    [Anonymous Symbol]                       0x08007370   Section        0  stm32h5xx_it.o(.text.SVC_Handler)
    [Anonymous Symbol]                       0x08007374   Section        0  stm32h5xx_it.o(.text.SysTick_Handler)
    [Anonymous Symbol]                       0x08007380   Section        0  main.o(.text.SystemClock_Config)
    [Anonymous Symbol]                       0x0800744c   Section        0  system_stm32h5xx.o(.text.SystemInit)
    [Anonymous Symbol]                       0x08007564   Section        0  toolingtest.o(.text.TOOLING_USART2_UART_Init)
    UARTEx_SetNbDataToProcess                0x080075f9   Thumb Code   138  stm32h5xx_hal_uart_ex.o(.text.UARTEx_SetNbDataToProcess)
    [Anonymous Symbol]                       0x080075f8   Section        0  stm32h5xx_hal_uart_ex.o(.text.UARTEx_SetNbDataToProcess)
    [Anonymous Symbol]                       0x08007684   Section        0  stm32h5xx_hal_uart.o(.text.UART_AdvFeatureConfig)
    [Anonymous Symbol]                       0x080077cc   Section        0  stm32h5xx_hal_uart.o(.text.UART_CheckIdleState)
    UART_DMAAbortOnError                     0x08007915   Thumb Code    36  stm32h5xx_hal_uart.o(.text.UART_DMAAbortOnError)
    [Anonymous Symbol]                       0x08007914   Section        0  stm32h5xx_hal_uart.o(.text.UART_DMAAbortOnError)
    UART_EndRxTransfer                       0x08007939   Thumb Code   158  stm32h5xx_hal_uart.o(.text.UART_EndRxTransfer)
    [Anonymous Symbol]                       0x08007938   Section        0  stm32h5xx_hal_uart.o(.text.UART_EndRxTransfer)
    UART_EndTransmit_IT                      0x080079d9   Thumb Code    68  stm32h5xx_hal_uart.o(.text.UART_EndTransmit_IT)
    [Anonymous Symbol]                       0x080079d8   Section        0  stm32h5xx_hal_uart.o(.text.UART_EndTransmit_IT)
    UART_RxISR_16BIT                         0x08007a1d   Thumb Code   388  stm32h5xx_hal_uart.o(.text.UART_RxISR_16BIT)
    [Anonymous Symbol]                       0x08007a1c   Section        0  stm32h5xx_hal_uart.o(.text.UART_RxISR_16BIT)
    UART_RxISR_16BIT_FIFOEN                  0x08007ba1   Thumb Code   776  stm32h5xx_hal_uart.o(.text.UART_RxISR_16BIT_FIFOEN)
    [Anonymous Symbol]                       0x08007ba0   Section        0  stm32h5xx_hal_uart.o(.text.UART_RxISR_16BIT_FIFOEN)
    UART_RxISR_8BIT                          0x08007ea9   Thumb Code   384  stm32h5xx_hal_uart.o(.text.UART_RxISR_8BIT)
    [Anonymous Symbol]                       0x08007ea8   Section        0  stm32h5xx_hal_uart.o(.text.UART_RxISR_8BIT)
    UART_RxISR_8BIT_FIFOEN                   0x08008029   Thumb Code   772  stm32h5xx_hal_uart.o(.text.UART_RxISR_8BIT_FIFOEN)
    [Anonymous Symbol]                       0x08008028   Section        0  stm32h5xx_hal_uart.o(.text.UART_RxISR_8BIT_FIFOEN)
    [Anonymous Symbol]                       0x0800832c   Section        0  stm32h5xx_hal_uart.o(.text.UART_SetConfig)
    [Anonymous Symbol]                       0x0800861c   Section        0  stm32h5xx_hal_uart.o(.text.UART_Start_Receive_IT)
    [Anonymous Symbol]                       0x08008840   Section        0  stm32h5xx_hal_uart.o(.text.UART_WaitOnFlagUntilTimeout)
    [Anonymous Symbol]                       0x0800894c   Section        0  stm32h5xx_it.o(.text.USART1_IRQHandler)
    [Anonymous Symbol]                       0x0800895c   Section        0  stm32h5xx_it.o(.text.USART2_IRQHandler)
    [Anonymous Symbol]                       0x0800896c   Section        0  stm32h5xx_it.o(.text.UsageFault_Handler)
    __NVIC_DisableIRQ                        0x08008971   Thumb Code    56  stm32h5xx_hal_cortex.o(.text.__NVIC_DisableIRQ)
    [Anonymous Symbol]                       0x08008970   Section        0  stm32h5xx_hal_cortex.o(.text.__NVIC_DisableIRQ)
    __NVIC_EnableIRQ                         0x080089a9   Thumb Code    48  stm32h5xx_hal_cortex.o(.text.__NVIC_EnableIRQ)
    [Anonymous Symbol]                       0x080089a8   Section        0  stm32h5xx_hal_cortex.o(.text.__NVIC_EnableIRQ)
    __NVIC_GetPriorityGrouping               0x080089d9   Thumb Code    16  stm32h5xx_hal_cortex.o(.text.__NVIC_GetPriorityGrouping)
    [Anonymous Symbol]                       0x080089d8   Section        0  stm32h5xx_hal_cortex.o(.text.__NVIC_GetPriorityGrouping)
    __NVIC_SetPriority                       0x080089e9   Thumb Code    66  stm32h5xx_hal_cortex.o(.text.__NVIC_SetPriority)
    [Anonymous Symbol]                       0x080089e8   Section        0  stm32h5xx_hal_cortex.o(.text.__NVIC_SetPriority)
    __NVIC_SetPriorityGrouping               0x08008a2d   Thumb Code    60  stm32h5xx_hal_cortex.o(.text.__NVIC_SetPriorityGrouping)
    [Anonymous Symbol]                       0x08008a2c   Section        0  stm32h5xx_hal_cortex.o(.text.__NVIC_SetPriorityGrouping)
    __NVIC_SystemReset                       0x08008a69   Thumb Code    38  stm32h5xx_hal_cortex.o(.text.__NVIC_SystemReset)
    [Anonymous Symbol]                       0x08008a68   Section        0  stm32h5xx_hal_cortex.o(.text.__NVIC_SystemReset)
    [Anonymous Symbol]                       0x08008a90   Section        0  platform.o(.text.delay_10us)
    [Anonymous Symbol]                       0x08008aa8   Section        0  platform.o(.text.delay_1ms)
    [Anonymous Symbol]                       0x08008ab8   Section        0  platform.o(.text.delay_us)
    [Anonymous Symbol]                       0x08008b54   Section        0  dts6012m.o(.text.dts6012_start)
    [Anonymous Symbol]                       0x08008b70   Section        0  dts6012m.o(.text.dts6012m_Stop)
    [Anonymous Symbol]                       0x08008b8c   Section        0  platform.o(.text.get_now_time_us)
    [Anonymous Symbol]                       0x08008b94   Section        0  platform.o(.text.i2c_read_nbytes)
    [Anonymous Symbol]                       0x08008bec   Section        0  platform.o(.text.i2c_write_nbytes)
    [Anonymous Symbol]                       0x08008c44   Section        0  toolingtest.o(.text.initTooling)
    [Anonymous Symbol]                       0x08008c4c   Section        0  main.o(.text.main)
    [Anonymous Symbol]                       0x08008d50   Section        0  platform.o(.text.set_xshut_pin_level)
    [Anonymous Symbol]                       0x08008d6c   Section        0  toolingtest.o(.text.testDTS)
    [Anonymous Symbol]                       0x08008f00   Section        0  toolingtest.o(.text.testND06)
    [Anonymous Symbol]                       0x08009100   Section        0  rs485.o(.text.xor_checkSum)
    i.__scatterload_copy                     0x0800914a   Section       14  handlers.o(i.__scatterload_copy)
    i.__scatterload_null                     0x08009158   Section        2  handlers.o(i.__scatterload_null)
    i.__scatterload_zeroinit                 0x0800915a   Section       14  handlers.o(i.__scatterload_zeroinit)
    UARTEx_SetNbDataToProcess.denominator    0x08009180   Data           8  stm32h5xx_hal_uart_ex.o(.rodata.UARTEx_SetNbDataToProcess.denominator)
    [Anonymous Symbol]                       0x08009180   Section        0  stm32h5xx_hal_uart_ex.o(.rodata.UARTEx_SetNbDataToProcess.denominator)
    UARTEx_SetNbDataToProcess.numerator      0x08009188   Data           8  stm32h5xx_hal_uart_ex.o(.rodata.UARTEx_SetNbDataToProcess.numerator)
    [Anonymous Symbol]                       0x08009188   Section        0  stm32h5xx_hal_uart_ex.o(.rodata.UARTEx_SetNbDataToProcess.numerator)
    STACK                                    0x20000348   Section     1024  startup_stm32h503xx.o(STACK)

    Global Symbols

    Symbol Name                              Value     Ov Type        Size  Object(Section)

    BuildAttributes$$THM_ISAv4$E$P$D$K$B$S$7EM$8M$VFPi5$EXTD16$VFPS$VFMA$PE$A:L22UL41UL21$X:L11$S22US41US21$IEEE1$IW$~IW$USESV6$~STKCKD$USESV7$~SHL$OSPACE$ROPI$EBA8$MICROLIB$REQ8$PRES8$EABIv2 0x00000000   Number         0  anon$$obj.o ABSOLUTE
    __cpp_initialize__aeabi_                  - Undefined Weak Reference
    __cxa_finalize                            - Undefined Weak Reference
    __decompress                              - Undefined Weak Reference
    _clock_init                               - Undefined Weak Reference
    _microlib_exit                            - Undefined Weak Reference
    __Vectors_Size                           0x00000258   Number         0  startup_stm32h503xx.o ABSOLUTE
    __Vectors                                0x08000000   Data           4  startup_stm32h503xx.o(RESET)
    __Vectors_End                            0x08000258   Data           0  startup_stm32h503xx.o(RESET)
    __main                                   0x08000259   Thumb Code     0  entry.o(.ARM.Collect$$$$00000000)
    _main_stk                                0x08000259   Thumb Code     0  entry2.o(.ARM.Collect$$$$00000001)
    _main_scatterload                        0x0800025d   Thumb Code     0  entry5.o(.ARM.Collect$$$$00000004)
    __main_after_scatterload                 0x08000261   Thumb Code     0  entry5.o(.ARM.Collect$$$$00000004)
    _main_clock                              0x08000261   Thumb Code     0  entry7b.o(.ARM.Collect$$$$00000008)
    _main_cpp_init                           0x08000261   Thumb Code     0  entry8b.o(.ARM.Collect$$$$0000000A)
    _main_init                               0x08000261   Thumb Code     0  entry9a.o(.ARM.Collect$$$$0000000B)
    __rt_final_cpp                           0x08000269   Thumb Code     0  entry10a.o(.ARM.Collect$$$$0000000D)
    __rt_final_exit                          0x08000269   Thumb Code     0  entry11a.o(.ARM.Collect$$$$0000000F)
    Reset_Handler                            0x0800026d   Thumb Code     8  startup_stm32h503xx.o(.text)
    SecureFault_Handler                      0x0800027f   Thumb Code     2  startup_stm32h503xx.o(.text)
    ADC1_IRQHandler                          0x08000289   Thumb Code     0  startup_stm32h503xx.o(.text)
    COMP1_IRQHandler                         0x08000289   Thumb Code     0  startup_stm32h503xx.o(.text)
    CRS_IRQHandler                           0x08000289   Thumb Code     0  startup_stm32h503xx.o(.text)
    DAC1_IRQHandler                          0x08000289   Thumb Code     0  startup_stm32h503xx.o(.text)
    DTS_IRQHandler                           0x08000289   Thumb Code     0  startup_stm32h503xx.o(.text)
    EXTI0_IRQHandler                         0x08000289   Thumb Code     0  startup_stm32h503xx.o(.text)
    EXTI10_IRQHandler                        0x08000289   Thumb Code     0  startup_stm32h503xx.o(.text)
    EXTI11_IRQHandler                        0x08000289   Thumb Code     0  startup_stm32h503xx.o(.text)
    EXTI12_IRQHandler                        0x08000289   Thumb Code     0  startup_stm32h503xx.o(.text)
    EXTI13_IRQHandler                        0x08000289   Thumb Code     0  startup_stm32h503xx.o(.text)
    EXTI14_IRQHandler                        0x08000289   Thumb Code     0  startup_stm32h503xx.o(.text)
    EXTI15_IRQHandler                        0x08000289   Thumb Code     0  startup_stm32h503xx.o(.text)
    EXTI1_IRQHandler                         0x08000289   Thumb Code     0  startup_stm32h503xx.o(.text)
    EXTI2_IRQHandler                         0x08000289   Thumb Code     0  startup_stm32h503xx.o(.text)
    EXTI3_IRQHandler                         0x08000289   Thumb Code     0  startup_stm32h503xx.o(.text)
    EXTI4_IRQHandler                         0x08000289   Thumb Code     0  startup_stm32h503xx.o(.text)
    EXTI5_IRQHandler                         0x08000289   Thumb Code     0  startup_stm32h503xx.o(.text)
    EXTI6_IRQHandler                         0x08000289   Thumb Code     0  startup_stm32h503xx.o(.text)
    EXTI7_IRQHandler                         0x08000289   Thumb Code     0  startup_stm32h503xx.o(.text)
    EXTI8_IRQHandler                         0x08000289   Thumb Code     0  startup_stm32h503xx.o(.text)
    EXTI9_IRQHandler                         0x08000289   Thumb Code     0  startup_stm32h503xx.o(.text)
    FDCAN1_IT0_IRQHandler                    0x08000289   Thumb Code     0  startup_stm32h503xx.o(.text)
    FDCAN1_IT1_IRQHandler                    0x08000289   Thumb Code     0  startup_stm32h503xx.o(.text)
    FLASH_IRQHandler                         0x08000289   Thumb Code     0  startup_stm32h503xx.o(.text)
    FPU_IRQHandler                           0x08000289   Thumb Code     0  startup_stm32h503xx.o(.text)
    GPDMA1_Channel0_IRQHandler               0x08000289   Thumb Code     0  startup_stm32h503xx.o(.text)
    GPDMA1_Channel1_IRQHandler               0x08000289   Thumb Code     0  startup_stm32h503xx.o(.text)
    GPDMA1_Channel2_IRQHandler               0x08000289   Thumb Code     0  startup_stm32h503xx.o(.text)
    GPDMA1_Channel3_IRQHandler               0x08000289   Thumb Code     0  startup_stm32h503xx.o(.text)
    GPDMA1_Channel4_IRQHandler               0x08000289   Thumb Code     0  startup_stm32h503xx.o(.text)
    GPDMA1_Channel5_IRQHandler               0x08000289   Thumb Code     0  startup_stm32h503xx.o(.text)
    GPDMA1_Channel6_IRQHandler               0x08000289   Thumb Code     0  startup_stm32h503xx.o(.text)
    GPDMA1_Channel7_IRQHandler               0x08000289   Thumb Code     0  startup_stm32h503xx.o(.text)
    GPDMA2_Channel0_IRQHandler               0x08000289   Thumb Code     0  startup_stm32h503xx.o(.text)
    GPDMA2_Channel1_IRQHandler               0x08000289   Thumb Code     0  startup_stm32h503xx.o(.text)
    GPDMA2_Channel2_IRQHandler               0x08000289   Thumb Code     0  startup_stm32h503xx.o(.text)
    GPDMA2_Channel3_IRQHandler               0x08000289   Thumb Code     0  startup_stm32h503xx.o(.text)
    GPDMA2_Channel4_IRQHandler               0x08000289   Thumb Code     0  startup_stm32h503xx.o(.text)
    GPDMA2_Channel5_IRQHandler               0x08000289   Thumb Code     0  startup_stm32h503xx.o(.text)
    GPDMA2_Channel6_IRQHandler               0x08000289   Thumb Code     0  startup_stm32h503xx.o(.text)
    GPDMA2_Channel7_IRQHandler               0x08000289   Thumb Code     0  startup_stm32h503xx.o(.text)
    GTZC_IRQHandler                          0x08000289   Thumb Code     0  startup_stm32h503xx.o(.text)
    HASH_IRQHandler                          0x08000289   Thumb Code     0  startup_stm32h503xx.o(.text)
    I2C1_ER_IRQHandler                       0x08000289   Thumb Code     0  startup_stm32h503xx.o(.text)
    I2C1_EV_IRQHandler                       0x08000289   Thumb Code     0  startup_stm32h503xx.o(.text)
    I2C2_ER_IRQHandler                       0x08000289   Thumb Code     0  startup_stm32h503xx.o(.text)
    I2C2_EV_IRQHandler                       0x08000289   Thumb Code     0  startup_stm32h503xx.o(.text)
    I3C1_ER_IRQHandler                       0x08000289   Thumb Code     0  startup_stm32h503xx.o(.text)
    I3C1_EV_IRQHandler                       0x08000289   Thumb Code     0  startup_stm32h503xx.o(.text)
    I3C2_ER_IRQHandler                       0x08000289   Thumb Code     0  startup_stm32h503xx.o(.text)
    I3C2_EV_IRQHandler                       0x08000289   Thumb Code     0  startup_stm32h503xx.o(.text)
    ICACHE_IRQHandler                        0x08000289   Thumb Code     0  startup_stm32h503xx.o(.text)
    IWDG_IRQHandler                          0x08000289   Thumb Code     0  startup_stm32h503xx.o(.text)
    LPTIM1_IRQHandler                        0x08000289   Thumb Code     0  startup_stm32h503xx.o(.text)
    LPTIM2_IRQHandler                        0x08000289   Thumb Code     0  startup_stm32h503xx.o(.text)
    LPUART1_IRQHandler                       0x08000289   Thumb Code     0  startup_stm32h503xx.o(.text)
    PVD_AVD_IRQHandler                       0x08000289   Thumb Code     0  startup_stm32h503xx.o(.text)
    RAMCFG_IRQHandler                        0x08000289   Thumb Code     0  startup_stm32h503xx.o(.text)
    RCC_IRQHandler                           0x08000289   Thumb Code     0  startup_stm32h503xx.o(.text)
    RNG_IRQHandler                           0x08000289   Thumb Code     0  startup_stm32h503xx.o(.text)
    RTC_IRQHandler                           0x08000289   Thumb Code     0  startup_stm32h503xx.o(.text)
    SPI1_IRQHandler                          0x08000289   Thumb Code     0  startup_stm32h503xx.o(.text)
    SPI2_IRQHandler                          0x08000289   Thumb Code     0  startup_stm32h503xx.o(.text)
    SPI3_IRQHandler                          0x08000289   Thumb Code     0  startup_stm32h503xx.o(.text)
    TAMP_IRQHandler                          0x08000289   Thumb Code     0  startup_stm32h503xx.o(.text)
    TIM1_BRK_IRQHandler                      0x08000289   Thumb Code     0  startup_stm32h503xx.o(.text)
    TIM1_CC_IRQHandler                       0x08000289   Thumb Code     0  startup_stm32h503xx.o(.text)
    TIM1_TRG_COM_IRQHandler                  0x08000289   Thumb Code     0  startup_stm32h503xx.o(.text)
    TIM1_UP_IRQHandler                       0x08000289   Thumb Code     0  startup_stm32h503xx.o(.text)
    TIM2_IRQHandler                          0x08000289   Thumb Code     0  startup_stm32h503xx.o(.text)
    TIM3_IRQHandler                          0x08000289   Thumb Code     0  startup_stm32h503xx.o(.text)
    TIM6_IRQHandler                          0x08000289   Thumb Code     0  startup_stm32h503xx.o(.text)
    TIM7_IRQHandler                          0x08000289   Thumb Code     0  startup_stm32h503xx.o(.text)
    USART3_IRQHandler                        0x08000289   Thumb Code     0  startup_stm32h503xx.o(.text)
    USB_DRD_FS_IRQHandler                    0x08000289   Thumb Code     0  startup_stm32h503xx.o(.text)
    WWDG_IRQHandler                          0x08000289   Thumb Code     0  startup_stm32h503xx.o(.text)
    __aeabi_uldivmod                         0x08000295   Thumb Code    98  uldiv.o(.text)
    __aeabi_memset                           0x080002f7   Thumb Code    14  memseta.o(.text)
    __aeabi_memset4                          0x080002f7   Thumb Code     0  memseta.o(.text)
    __aeabi_memset8                          0x080002f7   Thumb Code     0  memseta.o(.text)
    __aeabi_memclr                           0x08000305   Thumb Code     4  memseta.o(.text)
    __aeabi_memclr4                          0x08000305   Thumb Code     0  memseta.o(.text)
    __aeabi_memclr8                          0x08000305   Thumb Code     0  memseta.o(.text)
    _memset$wrapper                          0x08000309   Thumb Code    18  memseta.o(.text)
    __aeabi_llsl                             0x0800031b   Thumb Code    30  llshl.o(.text)
    _ll_shift_l                              0x0800031b   Thumb Code     0  llshl.o(.text)
    __aeabi_llsr                             0x08000339   Thumb Code    32  llushr.o(.text)
    _ll_ushift_r                             0x08000339   Thumb Code     0  llushr.o(.text)
    __scatterload                            0x08000359   Thumb Code    38  init.o(.text)
    __scatterload_rt2                        0x08000359   Thumb Code     0  init.o(.text)
    BusFault_Handler                         0x08000389   Thumb Code     4  stm32h5xx_it.o(.text.BusFault_Handler)
    DebugMon_Handler                         0x0800038d   Thumb Code     2  stm32h5xx_it.o(.text.DebugMon_Handler)
    Error_Handler                            0x08000391   Thumb Code     6  main.o(.text.Error_Handler)
    HAL_DMA_Abort                            0x08000399   Thumb Code   278  stm32h5xx_hal_dma.o(.text.HAL_DMA_Abort)
    HAL_DMA_Abort_IT                         0x080004b1   Thumb Code    84  stm32h5xx_hal_dma.o(.text.HAL_DMA_Abort_IT)
    HAL_Delay                                0x08000505   Thumb Code    66  stm32h5xx_hal.o(.text.HAL_Delay)
    HAL_GPIO_DeInit                          0x08000549   Thumb Code   334  stm32h5xx_hal_gpio.o(.text.HAL_GPIO_DeInit)
    HAL_GPIO_Init                            0x08000699   Thumb Code   718  stm32h5xx_hal_gpio.o(.text.HAL_GPIO_Init)
    HAL_GPIO_WritePin                        0x08000969   Thumb Code    44  stm32h5xx_hal_gpio.o(.text.HAL_GPIO_WritePin)
    HAL_GetTick                              0x08000995   Thumb Code    12  stm32h5xx_hal.o(.text.HAL_GetTick)
    HAL_I2CEx_ConfigAnalogFilter             0x080009a1   Thumb Code   152  stm32h5xx_hal_i2c_ex.o(.text.HAL_I2CEx_ConfigAnalogFilter)
    HAL_I2CEx_ConfigDigitalFilter            0x08000a39   Thumb Code   162  stm32h5xx_hal_i2c_ex.o(.text.HAL_I2CEx_ConfigDigitalFilter)
    HAL_I2C_Init                             0x08000add   Thumb Code   276  stm32h5xx_hal_i2c.o(.text.HAL_I2C_Init)
    HAL_I2C_Mem_Read                         0x08000bf1   Thumb Code   650  stm32h5xx_hal_i2c.o(.text.HAL_I2C_Mem_Read)
    HAL_I2C_Mem_Write                        0x08000e7d   Thumb Code   628  stm32h5xx_hal_i2c.o(.text.HAL_I2C_Mem_Write)
    HAL_I2C_MspInit                          0x080010f1   Thumb Code   170  i2c.o(.text.HAL_I2C_MspInit)
    HAL_ICACHE_ConfigAssociativityMode       0x0800119d   Thumb Code    64  stm32h5xx_hal_icache.o(.text.HAL_ICACHE_ConfigAssociativityMode)
    HAL_ICACHE_Enable                        0x080011dd   Thumb Code    20  stm32h5xx_hal_icache.o(.text.HAL_ICACHE_Enable)
    HAL_IncTick                              0x080011f1   Thumb Code    26  stm32h5xx_hal.o(.text.HAL_IncTick)
    HAL_Init                                 0x0800120d   Thumb Code    94  stm32h5xx_hal.o(.text.HAL_Init)
    HAL_InitTick                             0x0800126d   Thumb Code   276  stm32h5xx_hal.o(.text.HAL_InitTick)
    HAL_MspInit                              0x08001381   Thumb Code     2  stm32h5xx_hal_msp.o(.text.HAL_MspInit)
    HAL_NVIC_DisableIRQ                      0x08001385   Thumb Code    20  stm32h5xx_hal_cortex.o(.text.HAL_NVIC_DisableIRQ)
    HAL_NVIC_EnableIRQ                       0x08001399   Thumb Code    20  stm32h5xx_hal_cortex.o(.text.HAL_NVIC_EnableIRQ)
    HAL_NVIC_SetPriority                     0x080013ad   Thumb Code    46  stm32h5xx_hal_cortex.o(.text.HAL_NVIC_SetPriority)
    HAL_NVIC_SetPriorityGrouping             0x080013dd   Thumb Code    16  stm32h5xx_hal_cortex.o(.text.HAL_NVIC_SetPriorityGrouping)
    HAL_NVIC_SystemReset                     0x080013ed   Thumb Code     4  stm32h5xx_hal_cortex.o(.text.HAL_NVIC_SystemReset)
    HAL_RCCEx_GetPLL1ClockFreq               0x080013f1   Thumb Code   748  stm32h5xx_hal_rcc_ex.o(.text.HAL_RCCEx_GetPLL1ClockFreq)
    HAL_RCCEx_GetPLL2ClockFreq               0x080016e9   Thumb Code   748  stm32h5xx_hal_rcc_ex.o(.text.HAL_RCCEx_GetPLL2ClockFreq)
    HAL_RCCEx_GetPeriphCLKFreq               0x080019e1   Thumb Code  4080  stm32h5xx_hal_rcc_ex.o(.text.HAL_RCCEx_GetPeriphCLKFreq)
    HAL_RCCEx_PeriphCLKConfig                0x080029d1   Thumb Code  2714  stm32h5xx_hal_rcc_ex.o(.text.HAL_RCCEx_PeriphCLKConfig)
    HAL_RCC_ClockConfig                      0x0800346d   Thumb Code  1172  stm32h5xx_hal_rcc.o(.text.HAL_RCC_ClockConfig)
    HAL_RCC_GetHCLKFreq                      0x08003901   Thumb Code    52  stm32h5xx_hal_rcc.o(.text.HAL_RCC_GetHCLKFreq)
    HAL_RCC_GetPCLK1Freq                     0x08003935   Thumb Code    38  stm32h5xx_hal_rcc.o(.text.HAL_RCC_GetPCLK1Freq)
    HAL_RCC_GetPCLK2Freq                     0x0800395d   Thumb Code    38  stm32h5xx_hal_rcc.o(.text.HAL_RCC_GetPCLK2Freq)
    HAL_RCC_GetPCLK3Freq                     0x08003985   Thumb Code    38  stm32h5xx_hal_rcc.o(.text.HAL_RCC_GetPCLK3Freq)
    HAL_RCC_GetSysClockFreq                  0x080039ad   Thumb Code   700  stm32h5xx_hal_rcc.o(.text.HAL_RCC_GetSysClockFreq)
    HAL_RCC_OscConfig                        0x08003c79   Thumb Code  2556  stm32h5xx_hal_rcc.o(.text.HAL_RCC_OscConfig)
    HAL_RTCEx_PrivilegeModeSet               0x08004675   Thumb Code    80  stm32h5xx_hal_rtc_ex.o(.text.HAL_RTCEx_PrivilegeModeSet)
    HAL_RTC_Init                             0x080046c5   Thumb Code   316  stm32h5xx_hal_rtc.o(.text.HAL_RTC_Init)
    HAL_RTC_MspInit                          0x08004801   Thumb Code   116  rtc.o(.text.HAL_RTC_MspInit)
    HAL_RTC_WaitForSynchro                   0x08004875   Thumb Code   116  stm32h5xx_hal_rtc.o(.text.HAL_RTC_WaitForSynchro)
    HAL_SYSTICK_CLKSourceConfig              0x080048e9   Thumb Code   154  stm32h5xx_hal_cortex.o(.text.HAL_SYSTICK_CLKSourceConfig)
    HAL_SYSTICK_Callback                     0x08004985   Thumb Code   276  platform.o(.text.HAL_SYSTICK_Callback)
    HAL_SYSTICK_Config                       0x08004a99   Thumb Code    74  stm32h5xx_hal_cortex.o(.text.HAL_SYSTICK_Config)
    HAL_SYSTICK_GetCLKSourceConfig           0x08004ae5   Thumb Code    98  stm32h5xx_hal_cortex.o(.text.HAL_SYSTICK_GetCLKSourceConfig)
    HAL_SYSTICK_IRQHandler                   0x08004b49   Thumb Code     8  stm32h5xx_hal_cortex.o(.text.HAL_SYSTICK_IRQHandler)
    HAL_UARTEx_DisableFifoMode               0x08004b51   Thumb Code   124  stm32h5xx_hal_uart_ex.o(.text.HAL_UARTEx_DisableFifoMode)
    HAL_UARTEx_RxEventCallback               0x08004bcd   Thumb Code    12  stm32h5xx_hal_uart.o(.text.HAL_UARTEx_RxEventCallback)
    HAL_UARTEx_RxFifoFullCallback            0x08004bd9   Thumb Code     8  stm32h5xx_hal_uart_ex.o(.text.HAL_UARTEx_RxFifoFullCallback)
    HAL_UARTEx_SetRxFifoThreshold            0x08004be1   Thumb Code   140  stm32h5xx_hal_uart_ex.o(.text.HAL_UARTEx_SetRxFifoThreshold)
    HAL_UARTEx_SetTxFifoThreshold            0x08004c6d   Thumb Code   140  stm32h5xx_hal_uart_ex.o(.text.HAL_UARTEx_SetTxFifoThreshold)
    HAL_UARTEx_TxFifoEmptyCallback           0x08004cf9   Thumb Code     8  stm32h5xx_hal_uart_ex.o(.text.HAL_UARTEx_TxFifoEmptyCallback)
    HAL_UARTEx_WakeupCallback                0x08004d01   Thumb Code     8  stm32h5xx_hal_uart_ex.o(.text.HAL_UARTEx_WakeupCallback)
    HAL_UART_DeInit                          0x08004d09   Thumb Code   124  stm32h5xx_hal_uart.o(.text.HAL_UART_DeInit)
    HAL_UART_ErrorCallback                   0x08004d85   Thumb Code     8  stm32h5xx_hal_uart.o(.text.HAL_UART_ErrorCallback)
    HAL_UART_IRQHandler                      0x08004d8d   Thumb Code  1346  stm32h5xx_hal_uart.o(.text.HAL_UART_IRQHandler)
    HAL_UART_Init                            0x080052d1   Thumb Code   170  stm32h5xx_hal_uart.o(.text.HAL_UART_Init)
    HAL_UART_MspDeInit                       0x0800537d   Thumb Code   178  usart.o(.text.HAL_UART_MspDeInit)
    HAL_UART_MspInit                         0x08005431   Thumb Code   550  usart.o(.text.HAL_UART_MspInit)
    HAL_UART_Receive                         0x08005659   Thumb Code   466  stm32h5xx_hal_uart.o(.text.HAL_UART_Receive)
    HAL_UART_Receive_IT                      0x0800582d   Thumb Code   188  stm32h5xx_hal_uart.o(.text.HAL_UART_Receive_IT)
    HAL_UART_RxCpltCallback                  0x080058e9   Thumb Code   524  rs485.o(.text.HAL_UART_RxCpltCallback)
    HAL_UART_Transmit                        0x08005af5   Thumb Code   340  stm32h5xx_hal_uart.o(.text.HAL_UART_Transmit)
    HAL_UART_TxCpltCallback                  0x08005c49   Thumb Code    76  rs485.o(.text.HAL_UART_TxCpltCallback)
    HardFault_Handler                        0x08005c95   Thumb Code     4  stm32h5xx_it.o(.text.HardFault_Handler)
    MX_GPIO_DTS6012_Init                     0x080062c1   Thumb Code    94  gpio.o(.text.MX_GPIO_DTS6012_Init)
    MX_GPIO_Init                             0x08006321   Thumb Code   306  gpio.o(.text.MX_GPIO_Init)
    MX_I2C1_Init                             0x08006455   Thumb Code   118  i2c.o(.text.MX_I2C1_Init)
    MX_ICACHE_Init                           0x080064cd   Thumb Code    34  icache.o(.text.MX_ICACHE_Init)
    MX_RTC_Init                              0x080064f1   Thumb Code   120  rtc.o(.text.MX_RTC_Init)
    MX_USART1_UART_Init                      0x08006569   Thumb Code   148  usart.o(.text.MX_USART1_UART_Init)
    MX_USART2_UART_Init                      0x080065fd   Thumb Code   148  usart.o(.text.MX_USART2_UART_Init)
    MX_USART3_UART_Init                      0x08006691   Thumb Code   148  usart.o(.text.MX_USART3_UART_Init)
    MemManage_Handler                        0x08006725   Thumb Code     4  stm32h5xx_it.o(.text.MemManage_Handler)
    ND06AV1C_ClearDataValidFlag              0x08006729   Thumb Code    90  nd06av1c_data.o(.text.ND06AV1C_ClearDataValidFlag)
    ND06AV1C_Delay10us                       0x08006785   Thumb Code    24  nd06av1c_dev.o(.text.ND06AV1C_Delay10us)
    ND06AV1C_Delay1ms                        0x0800679d   Thumb Code    24  nd06av1c_dev.o(.text.ND06AV1C_Delay1ms)
    ND06AV1C_GetDepthAndAmpData              0x080067b5   Thumb Code   296  nd06av1c_data.o(.text.ND06AV1C_GetDepthAndAmpData)
    ND06AV1C_GetDevInfo                      0x080068dd   Thumb Code    32  nd06av1c_dev.o(.text.ND06AV1C_GetDevInfo)
    ND06AV1C_GetFirmwareVersion              0x080068fd   Thumb Code    50  nd06av1c_dev.o(.text.ND06AV1C_GetFirmwareVersion)
    ND06AV1C_HardwareSleep                   0x08006931   Thumb Code    28  nd06av1c_dev.o(.text.ND06AV1C_HardwareSleep)
    ND06AV1C_HardwareWakeup                  0x0800694d   Thumb Code    40  nd06av1c_dev.o(.text.ND06AV1C_HardwareWakeup)
    ND06AV1C_I2CErrCallback                  0x08006975   Thumb Code   136  nd06av1c_dev.o(.text.ND06AV1C_I2CErrCallback)
    ND06AV1C_Init                            0x080069fd   Thumb Code   154  nd06av1c_app.o(.text.ND06AV1C_Init)
    ND06AV1C_InitDevice                      0x08006a99   Thumb Code    30  nd06av1c_dev.o(.text.ND06AV1C_InitDevice)
    ND06AV1C_ReadNWords                      0x08006ab9   Thumb Code   160  nd06av1c_comm.o(.text.ND06AV1C_ReadNWords)
    ND06AV1C_ReadWord                        0x08006b59   Thumb Code   148  nd06av1c_comm.o(.text.ND06AV1C_ReadWord)
    ND06AV1C_RegisteredIICApi                0x08006bed   Thumb Code    34  nd06av1c_comm.o(.text.ND06AV1C_RegisteredIICApi)
    ND06AV1C_RegisteredPlatformApi           0x08006c11   Thumb Code    68  nd06av1c_dev.o(.text.ND06AV1C_RegisteredPlatformApi)
    ND06AV1C_StartMeasurement                0x08006c55   Thumb Code    90  nd06av1c_data.o(.text.ND06AV1C_StartMeasurement)
    ND06AV1C_WaitDepthAndAmpBufReady         0x08006cb1   Thumb Code   128  nd06av1c_data.o(.text.ND06AV1C_WaitDepthAndAmpBufReady)
    ND06AV1C_WaitDeviceBootUp                0x08006d31   Thumb Code   474  nd06av1c_dev.o(.text.ND06AV1C_WaitDeviceBootUp)
    ND06AV1C_WriteByte                       0x08006f0d   Thumb Code    54  nd06av1c_comm.o(.text.ND06AV1C_WriteByte)
    ND06AV1C_WriteWord                       0x08006f45   Thumb Code   172  nd06av1c_comm.o(.text.ND06AV1C_WriteWord)
    NMI_Handler                              0x08006ff1   Thumb Code     4  stm32h5xx_it.o(.text.NMI_Handler)
    PendSV_Handler                           0x08007061   Thumb Code     2  stm32h5xx_it.o(.text.PendSV_Handler)
    ProcessTooling                           0x08007065   Thumb Code   110  rs485.o(.text.ProcessTooling)
    RTC_EnterInitMode                        0x08007241   Thumb Code   162  stm32h5xx_hal_rtc.o(.text.RTC_EnterInitMode)
    RTC_ExitInitMode                         0x080072e5   Thumb Code   138  stm32h5xx_hal_rtc.o(.text.RTC_ExitInitMode)
    SVC_Handler                              0x08007371   Thumb Code     2  stm32h5xx_it.o(.text.SVC_Handler)
    SysTick_Handler                          0x08007375   Thumb Code    12  stm32h5xx_it.o(.text.SysTick_Handler)
    SystemClock_Config                       0x08007381   Thumb Code   204  main.o(.text.SystemClock_Config)
    SystemInit                               0x0800744d   Thumb Code   278  system_stm32h5xx.o(.text.SystemInit)
    TOOLING_USART2_UART_Init                 0x08007565   Thumb Code   148  toolingtest.o(.text.TOOLING_USART2_UART_Init)
    UART_AdvFeatureConfig                    0x08007685   Thumb Code   328  stm32h5xx_hal_uart.o(.text.UART_AdvFeatureConfig)
    UART_CheckIdleState                      0x080077cd   Thumb Code   326  stm32h5xx_hal_uart.o(.text.UART_CheckIdleState)
    UART_SetConfig                           0x0800832d   Thumb Code   752  stm32h5xx_hal_uart.o(.text.UART_SetConfig)
    UART_Start_Receive_IT                    0x0800861d   Thumb Code   546  stm32h5xx_hal_uart.o(.text.UART_Start_Receive_IT)
    UART_WaitOnFlagUntilTimeout              0x08008841   Thumb Code   268  stm32h5xx_hal_uart.o(.text.UART_WaitOnFlagUntilTimeout)
    USART1_IRQHandler                        0x0800894d   Thumb Code    16  stm32h5xx_it.o(.text.USART1_IRQHandler)
    USART2_IRQHandler                        0x0800895d   Thumb Code    16  stm32h5xx_it.o(.text.USART2_IRQHandler)
    UsageFault_Handler                       0x0800896d   Thumb Code     4  stm32h5xx_it.o(.text.UsageFault_Handler)
    delay_10us                               0x08008a91   Thumb Code    22  platform.o(.text.delay_10us)
    delay_1ms                                0x08008aa9   Thumb Code    16  platform.o(.text.delay_1ms)
    delay_us                                 0x08008ab9   Thumb Code   154  platform.o(.text.delay_us)
    dts6012_start                            0x08008b55   Thumb Code    28  dts6012m.o(.text.dts6012_start)
    dts6012m_Stop                            0x08008b71   Thumb Code    28  dts6012m.o(.text.dts6012m_Stop)
    get_now_time_us                          0x08008b8d   Thumb Code     6  platform.o(.text.get_now_time_us)
    i2c_read_nbytes                          0x08008b95   Thumb Code    88  platform.o(.text.i2c_read_nbytes)
    i2c_write_nbytes                         0x08008bed   Thumb Code    88  platform.o(.text.i2c_write_nbytes)
    initTooling                              0x08008c45   Thumb Code     8  toolingtest.o(.text.initTooling)
    main                                     0x08008c4d   Thumb Code   260  main.o(.text.main)
    set_xshut_pin_level                      0x08008d51   Thumb Code    28  platform.o(.text.set_xshut_pin_level)
    testDTS                                  0x08008d6d   Thumb Code   402  toolingtest.o(.text.testDTS)
    testND06                                 0x08008f01   Thumb Code   512  toolingtest.o(.text.testND06)
    xor_checkSum                             0x08009101   Thumb Code    74  rs485.o(.text.xor_checkSum)
    __scatterload_copy                       0x0800914b   Thumb Code    14  handlers.o(i.__scatterload_copy)
    __scatterload_null                       0x08009159   Thumb Code     2  handlers.o(i.__scatterload_null)
    __scatterload_zeroinit                   0x0800915b   Thumb Code    14  handlers.o(i.__scatterload_zeroinit)
    AHBPrescTable                            0x08009168   Data          16  system_stm32h5xx.o(.rodata.AHBPrescTable)
    APBPrescTable                            0x08009178   Data           8  system_stm32h5xx.o(.rodata.APBPrescTable)
    UARTPrescTable                           0x08009190   Data          24  stm32h5xx_hal_uart.o(.rodata.UARTPrescTable)
    Region$$Table$$Base                      0x080091a8   Number         0  anon$$obj.o(Region$$Table)
    Region$$Table$$Limit                     0x080091c8   Number         0  anon$$obj.o(Region$$Table)
    SystemCoreClock                          0x20000000   Data           4  system_stm32h5xx.o(.data.SystemCoreClock)
    dts6012m_start_cmd                       0x20000004   Data           9  dts6012m.o(.data.dts6012m_start_cmd)
    dts6012m_stop_cmd                        0x2000000d   Data           9  dts6012m.o(.data.dts6012m_stop_cmd)
    g_nd06av1c_device                        0x20000018   Data          16  nd06av1c_app.o(.data.g_nd06av1c_device)
    readDataWaitCnt                          0x20000028   Data           4  nd06av1c_data.o(.data.readDataWaitCnt)
    tryTimesToolingN                         0x2000002c   Data           2  toolingtest.o(.data.tryTimesToolingN)
    uwTickFreq                               0x2000002e   Data           1  stm32h5xx_hal.o(.data.uwTickFreq)
    uwTickPrio                               0x20000030   Data           4  stm32h5xx_hal.o(.data.uwTickPrio)
    Delay10usLib                             0x20000038   Data           4  nd06av1c_dev.o(.bss.Delay10usLib)
    Delay1msLib                              0x2000003c   Data           4  nd06av1c_dev.o(.bss.Delay1msLib)
    GetNowTimeUsLib                          0x20000040   Data           4  nd06av1c_dev.o(.bss.GetNowTimeUsLib)
    I2C_ReadNBytesLib                        0x20000044   Data           4  nd06av1c_comm.o(.bss.I2C_ReadNBytesLib)
    I2C_WriteNBytesLib                       0x20000048   Data           4  nd06av1c_comm.o(.bss.I2C_WriteNBytesLib)
    ND06AV1C_REG_OFS                         0x2000004c   Data           2  nd06av1c_comm.o(.bss.ND06AV1C_REG_OFS)
    ND06AV1C_WaitDataReadyFlag               0x2000004e   Data           2  nd06av1c_data.o(.bss.ND06AV1C_WaitDataReadyFlag)
    ND06DataTooling                          0x20000050   Data          64  toolingtest.o(.bss.ND06DataTooling)
    TIME_100MS_FLAG                          0x20000090   Data           4  platform.o(.bss.TIME_100MS_FLAG)
    TIME_10MS_FLAG                           0x20000094   Data           4  platform.o(.bss.TIME_10MS_FLAG)
    TIME_1MS_FLAG                            0x20000098   Data           4  platform.o(.bss.TIME_1MS_FLAG)
    TIME_1S_FLAG                             0x2000009c   Data           4  platform.o(.bss.TIME_1S_FLAG)
    TIME_5MS_FLAG                            0x200000a0   Data           4  platform.o(.bss.TIME_5MS_FLAG)
    count100ms                               0x200000a4   Data           4  platform.o(.bss.count100ms)
    count10ms                                0x200000a8   Data           4  platform.o(.bss.count10ms)
    count1ms                                 0x200000ac   Data           4  platform.o(.bss.count1ms)
    count1s                                  0x200000b0   Data           4  platform.o(.bss.count1s)
    count5ms                                 0x200000b4   Data           4  platform.o(.bss.count5ms)
    dTS6012_Rdata                            0x200000b8   Data          23  toolingtest.o(.bss.dTS6012_Rdata)
    dev_op                                   0x200000d0   Data          20  nd06av1c_app.o(.bss.dev_op)
    dts6012DataTooling                       0x200000e4   Data          10  toolingtest.o(.bss.dts6012DataTooling)
    hi2c1                                    0x200000f0   Data          84  i2c.o(.bss.hi2c1)
    hrtc                                     0x20000144   Data          48  rtc.o(.bss.hrtc)
    huart1                                   0x20000174   Data         148  usart.o(.bss.huart1)
    huart2                                   0x20000208   Data         148  usart.o(.bss.huart2)
    huart3                                   0x2000029c   Data         148  usart.o(.bss.huart3)
    isToolingTest                            0x20000330   Data           1  main.o(.bss.isToolingTest)
    res1                                     0x20000331   Data           1  rs485.o(.bss.res1)
    res2                                     0x20000332   Data           1  rs485.o(.bss.res2)
    rxDBuffTooling                           0x20000333   Data          10  rs485.o(.bss.rxDBuffTooling)
    rxDataBuffElevator                       0x2000033d   Data           1  rs485.o(.bss.rxDataBuffElevator)
    rxIndexTooling                           0x2000033e   Data           2  rs485.o(.bss.rxIndexTooling)
    uwTick                                   0x20000340   Data           4  stm32h5xx_hal.o(.bss.uwTick)
    __initial_sp                             0x20000748   Data           0  startup_stm32h503xx.o(STACK)



==============================================================================

Memory Map of the image

  Image Entry point : 0x08000259

  Load Region LR_IROM1 (Base: 0x08000000, Size: 0x00009200, Max: 0x00020000, ABSOLUTE)

    Execution Region ER_IROM1 (Exec base: 0x08000000, Load base: 0x08000000, Size: 0x000091c8, Max: 0x00020000, ABSOLUTE)

    Exec Addr    Load Addr    Size         Type   Attr      Idx    E Section Name        Object

    0x08000000   0x08000000   0x00000258   Data   RO            3    RESET               startup_stm32h503xx.o
    0x08000258   0x08000258   0x00000000   Code   RO         1840  * .ARM.Collect$$$$00000000  mc_w.l(entry.o)
    0x08000258   0x08000258   0x00000004   Code   RO         1855    .ARM.Collect$$$$00000001  mc_w.l(entry2.o)
    0x0800025c   0x0800025c   0x00000004   Code   RO         1858    .ARM.Collect$$$$00000004  mc_w.l(entry5.o)
    0x08000260   0x08000260   0x00000000   Code   RO         1860    .ARM.Collect$$$$00000008  mc_w.l(entry7b.o)
    0x08000260   0x08000260   0x00000000   Code   RO         1862    .ARM.Collect$$$$0000000A  mc_w.l(entry8b.o)
    0x08000260   0x08000260   0x00000008   Code   RO         1863    .ARM.Collect$$$$0000000B  mc_w.l(entry9a.o)
    0x08000268   0x08000268   0x00000000   Code   RO         1865    .ARM.Collect$$$$0000000D  mc_w.l(entry10a.o)
    0x08000268   0x08000268   0x00000000   Code   RO         1867    .ARM.Collect$$$$0000000F  mc_w.l(entry11a.o)
    0x08000268   0x08000268   0x00000004   Code   RO         1856    .ARM.Collect$$$$00002712  mc_w.l(entry2.o)
    0x0800026c   0x0800026c   0x00000028   Code   RO            4    .text               startup_stm32h503xx.o
    0x08000294   0x08000294   0x00000062   Code   RO         1843    .text               mc_w.l(uldiv.o)
    0x080002f6   0x080002f6   0x00000024   Code   RO         1845    .text               mc_w.l(memseta.o)
    0x0800031a   0x0800031a   0x0000001e   Code   RO         1869    .text               mc_w.l(llshl.o)
    0x08000338   0x08000338   0x00000020   Code   RO         1871    .text               mc_w.l(llushr.o)
    0x08000358   0x08000358   0x00000030   Code   RO         1876    .text               mc_w.l(init.o)
    0x08000388   0x08000388   0x00000004   Code   RO          222    .text.BusFault_Handler  stm32h5xx_it.o
    0x0800038c   0x0800038c   0x00000002   Code   RO          228    .text.DebugMon_Handler  stm32h5xx_it.o
    0x0800038e   0x0800038e   0x00000002   PAD
    0x08000390   0x08000390   0x00000006   Code   RO          121    .text.Error_Handler  main.o
    0x08000396   0x08000396   0x00000002   PAD
    0x08000398   0x08000398   0x00000116   Code   RO          561    .text.HAL_DMA_Abort  stm32h5xx_hal_dma.o
    0x080004ae   0x080004ae   0x00000002   PAD
    0x080004b0   0x080004b0   0x00000054   Code   RO          563    .text.HAL_DMA_Abort_IT  stm32h5xx_hal_dma.o
    0x08000504   0x08000504   0x00000042   Code   RO         1064    .text.HAL_Delay     stm32h5xx_hal.o
    0x08000546   0x08000546   0x00000002   PAD
    0x08000548   0x08000548   0x0000014e   Code   RO          903    .text.HAL_GPIO_DeInit  stm32h5xx_hal_gpio.o
    0x08000696   0x08000696   0x00000002   PAD
    0x08000698   0x08000698   0x000002ce   Code   RO          901    .text.HAL_GPIO_Init  stm32h5xx_hal_gpio.o
    0x08000966   0x08000966   0x00000002   PAD
    0x08000968   0x08000968   0x0000002c   Code   RO          907    .text.HAL_GPIO_WritePin  stm32h5xx_hal_gpio.o
    0x08000994   0x08000994   0x0000000c   Code   RO         1056    .text.HAL_GetTick   stm32h5xx_hal.o
    0x080009a0   0x080009a0   0x00000098   Code   RO          532    .text.HAL_I2CEx_ConfigAnalogFilter  stm32h5xx_hal_i2c_ex.o
    0x08000a38   0x08000a38   0x000000a2   Code   RO          534    .text.HAL_I2CEx_ConfigDigitalFilter  stm32h5xx_hal_i2c_ex.o
    0x08000ada   0x08000ada   0x00000002   PAD
    0x08000adc   0x08000adc   0x00000114   Code   RO          363    .text.HAL_I2C_Init  stm32h5xx_hal_i2c.o
    0x08000bf0   0x08000bf0   0x0000028a   Code   RO          431    .text.HAL_I2C_Mem_Read  stm32h5xx_hal_i2c.o
    0x08000e7a   0x08000e7a   0x00000002   PAD
    0x08000e7c   0x08000e7c   0x00000274   Code   RO          427    .text.HAL_I2C_Mem_Write  stm32h5xx_hal_i2c.o
    0x080010f0   0x080010f0   0x000000aa   Code   RO          148    .text.HAL_I2C_MspInit  i2c.o
    0x0800119a   0x0800119a   0x00000002   PAD
    0x0800119c   0x0800119c   0x00000040   Code   RO         1181    .text.HAL_ICACHE_ConfigAssociativityMode  stm32h5xx_hal_icache.o
    0x080011dc   0x080011dc   0x00000014   Code   RO         1185    .text.HAL_ICACHE_Enable  stm32h5xx_hal_icache.o
    0x080011f0   0x080011f0   0x0000001a   Code   RO         1054    .text.HAL_IncTick   stm32h5xx_hal.o
    0x0800120a   0x0800120a   0x00000002   PAD
    0x0800120c   0x0800120c   0x0000005e   Code   RO         1044    .text.HAL_Init      stm32h5xx_hal.o
    0x0800126a   0x0800126a   0x00000002   PAD
    0x0800126c   0x0800126c   0x00000114   Code   RO         1046    .text.HAL_InitTick  stm32h5xx_hal.o
    0x08001380   0x08001380   0x00000002   Code   RO          245    .text.HAL_MspInit   stm32h5xx_hal_msp.o
    0x08001382   0x08001382   0x00000002   PAD
    0x08001384   0x08001384   0x00000014   Code   RO          298    .text.HAL_NVIC_DisableIRQ  stm32h5xx_hal_cortex.o
    0x08001398   0x08001398   0x00000014   Code   RO          294    .text.HAL_NVIC_EnableIRQ  stm32h5xx_hal_cortex.o
    0x080013ac   0x080013ac   0x0000002e   Code   RO          286    .text.HAL_NVIC_SetPriority  stm32h5xx_hal_cortex.o
    0x080013da   0x080013da   0x00000002   PAD
    0x080013dc   0x080013dc   0x00000010   Code   RO          282    .text.HAL_NVIC_SetPriorityGrouping  stm32h5xx_hal_cortex.o
    0x080013ec   0x080013ec   0x00000004   Code   RO          302    .text.HAL_NVIC_SystemReset  stm32h5xx_hal_cortex.o
    0x080013f0   0x080013f0   0x000002f8   Code   RO          741    .text.HAL_RCCEx_GetPLL1ClockFreq  stm32h5xx_hal_rcc_ex.o
    0x080016e8   0x080016e8   0x000002f8   Code   RO          743    .text.HAL_RCCEx_GetPLL2ClockFreq  stm32h5xx_hal_rcc_ex.o
    0x080019e0   0x080019e0   0x00000ff0   Code   RO          745    .text.HAL_RCCEx_GetPeriphCLKFreq  stm32h5xx_hal_rcc_ex.o
    0x080029d0   0x080029d0   0x00000a9a   Code   RO          735    .text.HAL_RCCEx_PeriphCLKConfig  stm32h5xx_hal_rcc_ex.o
    0x0800346a   0x0800346a   0x00000002   PAD
    0x0800346c   0x0800346c   0x00000494   Code   RO          700    .text.HAL_RCC_ClockConfig  stm32h5xx_hal_rcc.o
    0x08003900   0x08003900   0x00000034   Code   RO          698    .text.HAL_RCC_GetHCLKFreq  stm32h5xx_hal_rcc.o
    0x08003934   0x08003934   0x00000026   Code   RO          706    .text.HAL_RCC_GetPCLK1Freq  stm32h5xx_hal_rcc.o
    0x0800395a   0x0800395a   0x00000002   PAD
    0x0800395c   0x0800395c   0x00000026   Code   RO          708    .text.HAL_RCC_GetPCLK2Freq  stm32h5xx_hal_rcc.o
    0x08003982   0x08003982   0x00000002   PAD
    0x08003984   0x08003984   0x00000026   Code   RO          710    .text.HAL_RCC_GetPCLK3Freq  stm32h5xx_hal_rcc.o
    0x080039aa   0x080039aa   0x00000002   PAD
    0x080039ac   0x080039ac   0x000002cc   Code   RO          702    .text.HAL_RCC_GetSysClockFreq  stm32h5xx_hal_rcc.o
    0x08003c78   0x08003c78   0x000009fc   Code   RO          696    .text.HAL_RCC_OscConfig  stm32h5xx_hal_rcc.o
    0x08004674   0x08004674   0x00000050   Code   RO         1442    .text.HAL_RTCEx_PrivilegeModeSet  stm32h5xx_hal_rtc_ex.o
    0x080046c4   0x080046c4   0x0000013c   Code   RO         1239    .text.HAL_RTC_Init  stm32h5xx_hal_rtc.o
    0x08004800   0x08004800   0x00000074   Code   RO          180    .text.HAL_RTC_MspInit  rtc.o
    0x08004874   0x08004874   0x00000074   Code   RO         1287    .text.HAL_RTC_WaitForSynchro  stm32h5xx_hal_rtc.o
    0x080048e8   0x080048e8   0x0000009a   Code   RO          332    .text.HAL_SYSTICK_CLKSourceConfig  stm32h5xx_hal_cortex.o
    0x08004982   0x08004982   0x00000002   PAD
    0x08004984   0x08004984   0x00000114   Code   RO         1676    .text.HAL_SYSTICK_Callback  platform.o
    0x08004a98   0x08004a98   0x0000004a   Code   RO          330    .text.HAL_SYSTICK_Config  stm32h5xx_hal_cortex.o
    0x08004ae2   0x08004ae2   0x00000002   PAD
    0x08004ae4   0x08004ae4   0x00000062   Code   RO          334    .text.HAL_SYSTICK_GetCLKSourceConfig  stm32h5xx_hal_cortex.o
    0x08004b46   0x08004b46   0x00000002   PAD
    0x08004b48   0x08004b48   0x00000008   Code   RO          336    .text.HAL_SYSTICK_IRQHandler  stm32h5xx_hal_cortex.o
    0x08004b50   0x08004b50   0x0000007c   Code   RO         1625    .text.HAL_UARTEx_DisableFifoMode  stm32h5xx_hal_uart_ex.o
    0x08004bcc   0x08004bcc   0x0000000c   Code   RO         1549    .text.HAL_UARTEx_RxEventCallback  stm32h5xx_hal_uart.o
    0x08004bd8   0x08004bd8   0x00000008   Code   RO         1607    .text.HAL_UARTEx_RxFifoFullCallback  stm32h5xx_hal_uart_ex.o
    0x08004be0   0x08004be0   0x0000008c   Code   RO         1629    .text.HAL_UARTEx_SetRxFifoThreshold  stm32h5xx_hal_uart_ex.o
    0x08004c6c   0x08004c6c   0x0000008c   Code   RO         1627    .text.HAL_UARTEx_SetTxFifoThreshold  stm32h5xx_hal_uart_ex.o
    0x08004cf8   0x08004cf8   0x00000008   Code   RO         1609    .text.HAL_UARTEx_TxFifoEmptyCallback  stm32h5xx_hal_uart_ex.o
    0x08004d00   0x08004d00   0x00000008   Code   RO         1605    .text.HAL_UARTEx_WakeupCallback  stm32h5xx_hal_uart_ex.o
    0x08004d08   0x08004d08   0x0000007c   Code   RO         1471    .text.HAL_UART_DeInit  stm32h5xx_hal_uart.o
    0x08004d84   0x08004d84   0x00000008   Code   RO         1547    .text.HAL_UART_ErrorCallback  stm32h5xx_hal_uart.o
    0x08004d8c   0x08004d8c   0x00000542   Code   RO         1543    .text.HAL_UART_IRQHandler  stm32h5xx_hal_uart.o
    0x080052ce   0x080052ce   0x00000002   PAD
    0x080052d0   0x080052d0   0x000000aa   Code   RO         1455    .text.HAL_UART_Init  stm32h5xx_hal_uart.o
    0x0800537a   0x0800537a   0x00000002   PAD
    0x0800537c   0x0800537c   0x000000b2   Code   RO          200    .text.HAL_UART_MspDeInit  usart.o
    0x0800542e   0x0800542e   0x00000002   PAD
    0x08005430   0x08005430   0x00000226   Code   RO          198    .text.HAL_UART_MspInit  usart.o
    0x08005656   0x08005656   0x00000002   PAD
    0x08005658   0x08005658   0x000001d2   Code   RO         1479    .text.HAL_UART_Receive  stm32h5xx_hal_uart.o
    0x0800582a   0x0800582a   0x00000002   PAD
    0x0800582c   0x0800582c   0x000000bc   Code   RO         1491    .text.HAL_UART_Receive_IT  stm32h5xx_hal_uart.o
    0x080058e8   0x080058e8   0x0000020c   Code   RO           57    .text.HAL_UART_RxCpltCallback  rs485.o
    0x08005af4   0x08005af4   0x00000154   Code   RO         1475    .text.HAL_UART_Transmit  stm32h5xx_hal_uart.o
    0x08005c48   0x08005c48   0x0000004c   Code   RO           61    .text.HAL_UART_TxCpltCallback  rs485.o
    0x08005c94   0x08005c94   0x00000004   Code   RO          218    .text.HardFault_Handler  stm32h5xx_it.o
    0x08005c98   0x08005c98   0x00000040   Code   RO          387    .text.I2C_Flush_TXDR  stm32h5xx_hal_i2c.o
    0x08005cd8   0x08005cd8   0x000001fe   Code   RO          523    .text.I2C_IsErrorOccurred  stm32h5xx_hal_i2c.o
    0x08005ed6   0x08005ed6   0x00000002   PAD
    0x08005ed8   0x08005ed8   0x000000be   Code   RO          433    .text.I2C_RequestMemoryRead  stm32h5xx_hal_i2c.o
    0x08005f96   0x08005f96   0x00000002   PAD
    0x08005f98   0x08005f98   0x000000c0   Code   RO          429    .text.I2C_RequestMemoryWrite  stm32h5xx_hal_i2c.o
    0x08006058   0x08006058   0x00000054   Code   RO          375    .text.I2C_TransferConfig  stm32h5xx_hal_i2c.o
    0x080060ac   0x080060ac   0x000000c4   Code   RO          373    .text.I2C_WaitOnFlagUntilTimeout  stm32h5xx_hal_i2c.o
    0x08006170   0x08006170   0x000000a2   Code   RO          379    .text.I2C_WaitOnSTOPFlagUntilTimeout  stm32h5xx_hal_i2c.o
    0x08006212   0x08006212   0x00000002   PAD
    0x08006214   0x08006214   0x000000ac   Code   RO          377    .text.I2C_WaitOnTXISFlagUntilTimeout  stm32h5xx_hal_i2c.o
    0x080062c0   0x080062c0   0x0000005e   Code   RO          137    .text.MX_GPIO_DTS6012_Init  gpio.o
    0x0800631e   0x0800631e   0x00000002   PAD
    0x08006320   0x08006320   0x00000132   Code   RO          135    .text.MX_GPIO_Init  gpio.o
    0x08006452   0x08006452   0x00000002   PAD
    0x08006454   0x08006454   0x00000076   Code   RO          146    .text.MX_I2C1_Init  i2c.o
    0x080064ca   0x080064ca   0x00000002   PAD
    0x080064cc   0x080064cc   0x00000022   Code   RO          160    .text.MX_ICACHE_Init  icache.o
    0x080064ee   0x080064ee   0x00000002   PAD
    0x080064f0   0x080064f0   0x00000078   Code   RO          178    .text.MX_RTC_Init   rtc.o
    0x08006568   0x08006568   0x00000094   Code   RO          192    .text.MX_USART1_UART_Init  usart.o
    0x080065fc   0x080065fc   0x00000094   Code   RO          194    .text.MX_USART2_UART_Init  usart.o
    0x08006690   0x08006690   0x00000094   Code   RO          196    .text.MX_USART3_UART_Init  usart.o
    0x08006724   0x08006724   0x00000004   Code   RO          220    .text.MemManage_Handler  stm32h5xx_it.o
    0x08006728   0x08006728   0x0000005a   Code   RO         1723    .text.ND06AV1C_ClearDataValidFlag  nd06av1c_data.o
    0x08006782   0x08006782   0x00000002   PAD
    0x08006784   0x08006784   0x00000018   Code   RO         1770    .text.ND06AV1C_Delay10us  nd06av1c_dev.o
    0x0800679c   0x0800679c   0x00000018   Code   RO         1768    .text.ND06AV1C_Delay1ms  nd06av1c_dev.o
    0x080067b4   0x080067b4   0x00000128   Code   RO         1725    .text.ND06AV1C_GetDepthAndAmpData  nd06av1c_data.o
    0x080068dc   0x080068dc   0x00000020   Code   RO         1780    .text.ND06AV1C_GetDevInfo  nd06av1c_dev.o
    0x080068fc   0x080068fc   0x00000032   Code   RO         1782    .text.ND06AV1C_GetFirmwareVersion  nd06av1c_dev.o
    0x0800692e   0x0800692e   0x00000002   PAD
    0x08006930   0x08006930   0x0000001c   Code   RO         1774    .text.ND06AV1C_HardwareSleep  nd06av1c_dev.o
    0x0800694c   0x0800694c   0x00000028   Code   RO         1776    .text.ND06AV1C_HardwareWakeup  nd06av1c_dev.o
    0x08006974   0x08006974   0x00000088   Code   RO         1796    .text.ND06AV1C_I2CErrCallback  nd06av1c_dev.o
    0x080069fc   0x080069fc   0x0000009a   Code   RO           29    .text.ND06AV1C_Init  nd06av1c_app.o
    0x08006a96   0x08006a96   0x00000002   PAD
    0x08006a98   0x08006a98   0x0000001e   Code   RO         1778    .text.ND06AV1C_InitDevice  nd06av1c_dev.o
    0x08006ab6   0x08006ab6   0x00000002   PAD
    0x08006ab8   0x08006ab8   0x000000a0   Code   RO         1705    .text.ND06AV1C_ReadNWords  nd06av1c_comm.o
    0x08006b58   0x08006b58   0x00000094   Code   RO         1701    .text.ND06AV1C_ReadWord  nd06av1c_comm.o
    0x08006bec   0x08006bec   0x00000022   Code   RO         1695    .text.ND06AV1C_RegisteredIICApi  nd06av1c_comm.o
    0x08006c0e   0x08006c0e   0x00000002   PAD
    0x08006c10   0x08006c10   0x00000044   Code   RO         1754    .text.ND06AV1C_RegisteredPlatformApi  nd06av1c_dev.o
    0x08006c54   0x08006c54   0x0000005a   Code   RO         1721    .text.ND06AV1C_StartMeasurement  nd06av1c_data.o
    0x08006cae   0x08006cae   0x00000002   PAD
    0x08006cb0   0x08006cb0   0x00000080   Code   RO         1717    .text.ND06AV1C_WaitDepthAndAmpBufReady  nd06av1c_data.o
    0x08006d30   0x08006d30   0x000001da   Code   RO         1784    .text.ND06AV1C_WaitDeviceBootUp  nd06av1c_dev.o
    0x08006f0a   0x08006f0a   0x00000002   PAD
    0x08006f0c   0x08006f0c   0x00000036   Code   RO         1697    .text.ND06AV1C_WriteByte  nd06av1c_comm.o
    0x08006f42   0x08006f42   0x00000002   PAD
    0x08006f44   0x08006f44   0x000000ac   Code   RO         1699    .text.ND06AV1C_WriteWord  nd06av1c_comm.o
    0x08006ff0   0x08006ff0   0x00000004   Code   RO          216    .text.NMI_Handler   stm32h5xx_it.o
    0x08006ff4   0x08006ff4   0x0000006c   Code   RO          292    .text.NVIC_EncodePriority  stm32h5xx_hal_cortex.o
    0x08007060   0x08007060   0x00000002   Code   RO          230    .text.PendSV_Handler  stm32h5xx_it.o
    0x08007062   0x08007062   0x00000002   PAD
    0x08007064   0x08007064   0x0000006e   Code   RO           59    .text.ProcessTooling  rs485.o
    0x080070d2   0x080070d2   0x00000002   PAD
    0x080070d4   0x080070d4   0x0000016c   Code   RO          737    .text.RCCEx_PLL2_Config  stm32h5xx_hal_rcc_ex.o
    0x08007240   0x08007240   0x000000a2   Code   RO         1243    .text.RTC_EnterInitMode  stm32h5xx_hal_rtc.o
    0x080072e2   0x080072e2   0x00000002   PAD
    0x080072e4   0x080072e4   0x0000008a   Code   RO         1245    .text.RTC_ExitInitMode  stm32h5xx_hal_rtc.o
    0x0800736e   0x0800736e   0x00000002   PAD
    0x08007370   0x08007370   0x00000002   Code   RO          226    .text.SVC_Handler   stm32h5xx_it.o
    0x08007372   0x08007372   0x00000002   PAD
    0x08007374   0x08007374   0x0000000c   Code   RO          232    .text.SysTick_Handler  stm32h5xx_it.o
    0x08007380   0x08007380   0x000000cc   Code   RO          119    .text.SystemClock_Config  main.o
    0x0800744c   0x0800744c   0x00000116   Code   RO         1648    .text.SystemInit    system_stm32h5xx.o
    0x08007562   0x08007562   0x00000002   PAD
    0x08007564   0x08007564   0x00000094   Code   RO          255    .text.TOOLING_USART2_UART_Init  toolingtest.o
    0x080075f8   0x080075f8   0x0000008a   Code   RO         1623    .text.UARTEx_SetNbDataToProcess  stm32h5xx_hal_uart_ex.o
    0x08007682   0x08007682   0x00000002   PAD
    0x08007684   0x08007684   0x00000148   Code   RO         1459    .text.UART_AdvFeatureConfig  stm32h5xx_hal_uart.o
    0x080077cc   0x080077cc   0x00000146   Code   RO         1463    .text.UART_CheckIdleState  stm32h5xx_hal_uart.o
    0x08007912   0x08007912   0x00000002   PAD
    0x08007914   0x08007914   0x00000024   Code   RO         1545    .text.UART_DMAAbortOnError  stm32h5xx_hal_uart.o
    0x08007938   0x08007938   0x0000009e   Code   RO         1515    .text.UART_EndRxTransfer  stm32h5xx_hal_uart.o
    0x080079d6   0x080079d6   0x00000002   PAD
    0x080079d8   0x080079d8   0x00000044   Code   RO         1551    .text.UART_EndTransmit_IT  stm32h5xx_hal_uart.o
    0x08007a1c   0x08007a1c   0x00000184   Code   RO         1587    .text.UART_RxISR_16BIT  stm32h5xx_hal_uart.o
    0x08007ba0   0x08007ba0   0x00000308   Code   RO         1583    .text.UART_RxISR_16BIT_FIFOEN  stm32h5xx_hal_uart.o
    0x08007ea8   0x08007ea8   0x00000180   Code   RO         1589    .text.UART_RxISR_8BIT  stm32h5xx_hal_uart.o
    0x08008028   0x08008028   0x00000304   Code   RO         1585    .text.UART_RxISR_8BIT_FIFOEN  stm32h5xx_hal_uart.o
    0x0800832c   0x0800832c   0x000002f0   Code   RO         1461    .text.UART_SetConfig  stm32h5xx_hal_uart.o
    0x0800861c   0x0800861c   0x00000222   Code   RO         1493    .text.UART_Start_Receive_IT  stm32h5xx_hal_uart.o
    0x0800883e   0x0800883e   0x00000002   PAD
    0x08008840   0x08008840   0x0000010c   Code   RO         1477    .text.UART_WaitOnFlagUntilTimeout  stm32h5xx_hal_uart.o
    0x0800894c   0x0800894c   0x00000010   Code   RO          234    .text.USART1_IRQHandler  stm32h5xx_it.o
    0x0800895c   0x0800895c   0x00000010   Code   RO          236    .text.USART2_IRQHandler  stm32h5xx_it.o
    0x0800896c   0x0800896c   0x00000004   Code   RO          224    .text.UsageFault_Handler  stm32h5xx_it.o
    0x08008970   0x08008970   0x00000038   Code   RO          300    .text.__NVIC_DisableIRQ  stm32h5xx_hal_cortex.o
    0x080089a8   0x080089a8   0x00000030   Code   RO          296    .text.__NVIC_EnableIRQ  stm32h5xx_hal_cortex.o
    0x080089d8   0x080089d8   0x00000010   Code   RO          288    .text.__NVIC_GetPriorityGrouping  stm32h5xx_hal_cortex.o
    0x080089e8   0x080089e8   0x00000042   Code   RO          290    .text.__NVIC_SetPriority  stm32h5xx_hal_cortex.o
    0x08008a2a   0x08008a2a   0x00000002   PAD
    0x08008a2c   0x08008a2c   0x0000003c   Code   RO          284    .text.__NVIC_SetPriorityGrouping  stm32h5xx_hal_cortex.o
    0x08008a68   0x08008a68   0x00000026   Code   RO          304    .text.__NVIC_SystemReset  stm32h5xx_hal_cortex.o
    0x08008a8e   0x08008a8e   0x00000002   PAD
    0x08008a90   0x08008a90   0x00000016   Code   RO         1668    .text.delay_10us    platform.o
    0x08008aa6   0x08008aa6   0x00000002   PAD
    0x08008aa8   0x08008aa8   0x00000010   Code   RO         1666    .text.delay_1ms     platform.o
    0x08008ab8   0x08008ab8   0x0000009a   Code   RO         1670    .text.delay_us      platform.o
    0x08008b52   0x08008b52   0x00000002   PAD
    0x08008b54   0x08008b54   0x0000001c   Code   RO           11    .text.dts6012_start  dts6012m.o
    0x08008b70   0x08008b70   0x0000001c   Code   RO           13    .text.dts6012m_Stop  dts6012m.o
    0x08008b8c   0x08008b8c   0x00000006   Code   RO         1672    .text.get_now_time_us  platform.o
    0x08008b92   0x08008b92   0x00000002   PAD
    0x08008b94   0x08008b94   0x00000058   Code   RO         1662    .text.i2c_read_nbytes  platform.o
    0x08008bec   0x08008bec   0x00000058   Code   RO         1664    .text.i2c_write_nbytes  platform.o
    0x08008c44   0x08008c44   0x00000008   Code   RO          253    .text.initTooling   toolingtest.o
    0x08008c4c   0x08008c4c   0x00000104   Code   RO          117    .text.main          main.o
    0x08008d50   0x08008d50   0x0000001c   Code   RO         1674    .text.set_xshut_pin_level  platform.o
    0x08008d6c   0x08008d6c   0x00000192   Code   RO          261    .text.testDTS       toolingtest.o
    0x08008efe   0x08008efe   0x00000002   PAD
    0x08008f00   0x08008f00   0x00000200   Code   RO          263    .text.testND06      toolingtest.o
    0x08009100   0x08009100   0x0000004a   Code   RO           47    .text.xor_checkSum  rs485.o
    0x0800914a   0x0800914a   0x0000000e   Code   RO         1880    i.__scatterload_copy  mc_w.l(handlers.o)
    0x08009158   0x08009158   0x00000002   Code   RO         1881    i.__scatterload_null  mc_w.l(handlers.o)
    0x0800915a   0x0800915a   0x0000000e   Code   RO         1882    i.__scatterload_zeroinit  mc_w.l(handlers.o)
    0x08009168   0x08009168   0x00000010   Data   RO         1653    .rodata.AHBPrescTable  system_stm32h5xx.o
    0x08009178   0x08009178   0x00000008   Data   RO         1654    .rodata.APBPrescTable  system_stm32h5xx.o
    0x08009180   0x08009180   0x00000008   Data   RO         1640    .rodata.UARTEx_SetNbDataToProcess.denominator  stm32h5xx_hal_uart_ex.o
    0x08009188   0x08009188   0x00000008   Data   RO         1639    .rodata.UARTEx_SetNbDataToProcess.numerator  stm32h5xx_hal_uart_ex.o
    0x08009190   0x08009190   0x00000018   Data   RO         1595    .rodata.UARTPrescTable  stm32h5xx_hal_uart.o
    0x080091a8   0x080091a8   0x00000020   Data   RO         1879    Region$$Table       anon$$obj.o


    Execution Region RW_IRAM1 (Exec base: 0x20000000, Load base: 0x080091c8, Size: 0x00000748, Max: 0x00008000, ABSOLUTE)

    Exec Addr    Load Addr    Size         Type   Attr      Idx    E Section Name        Object

    0x20000000   0x080091c8   0x00000004   Data   RW         1652    .data.SystemCoreClock  system_stm32h5xx.o
    0x20000004   0x080091cc   0x00000009   Data   RW           17    .data.dts6012m_start_cmd  dts6012m.o
    0x2000000d   0x080091d5   0x00000009   Data   RW           18    .data.dts6012m_stop_cmd  dts6012m.o
    0x20000016   0x080091de   0x00000002   PAD
    0x20000018   0x080091e0   0x00000010   Data   RW           31    .data.g_nd06av1c_device  nd06av1c_app.o
    0x20000028   0x080091f0   0x00000004   Data   RW         1739    .data.readDataWaitCnt  nd06av1c_data.o
    0x2000002c   0x080091f4   0x00000002   Data   RW          274    .data.tryTimesToolingN  toolingtest.o
    0x2000002e   0x080091f6   0x00000001   Data   RW         1143    .data.uwTickFreq    stm32h5xx_hal.o
    0x2000002f   0x080091f7   0x00000001   PAD
    0x20000030   0x080091f8   0x00000004   Data   RW         1142    .data.uwTickPrio    stm32h5xx_hal.o
    0x20000034   0x080091fc   0x00000004   PAD
    0x20000038        -       0x00000004   Zero   RW         1830    .bss.Delay10usLib   nd06av1c_dev.o
    0x2000003c        -       0x00000004   Zero   RW         1829    .bss.Delay1msLib    nd06av1c_dev.o
    0x20000040        -       0x00000004   Zero   RW         1831    .bss.GetNowTimeUsLib  nd06av1c_dev.o
    0x20000044        -       0x00000004   Zero   RW         1708    .bss.I2C_ReadNBytesLib  nd06av1c_comm.o
    0x20000048        -       0x00000004   Zero   RW         1709    .bss.I2C_WriteNBytesLib  nd06av1c_comm.o
    0x2000004c        -       0x00000002   Zero   RW         1707    .bss.ND06AV1C_REG_OFS  nd06av1c_comm.o
    0x2000004e        -       0x00000002   Zero   RW         1740    .bss.ND06AV1C_WaitDataReadyFlag  nd06av1c_data.o
    0x20000050        -       0x00000040   Zero   RW          273    .bss.ND06DataTooling  toolingtest.o
    0x20000090        -       0x00000004   Zero   RW         1686    .bss.TIME_100MS_FLAG  platform.o
    0x20000094        -       0x00000004   Zero   RW         1685    .bss.TIME_10MS_FLAG  platform.o
    0x20000098        -       0x00000004   Zero   RW         1683    .bss.TIME_1MS_FLAG  platform.o
    0x2000009c        -       0x00000004   Zero   RW         1687    .bss.TIME_1S_FLAG   platform.o
    0x200000a0        -       0x00000004   Zero   RW         1684    .bss.TIME_5MS_FLAG  platform.o
    0x200000a4        -       0x00000004   Zero   RW         1681    .bss.count100ms     platform.o
    0x200000a8        -       0x00000004   Zero   RW         1680    .bss.count10ms      platform.o
    0x200000ac        -       0x00000004   Zero   RW         1678    .bss.count1ms       platform.o
    0x200000b0        -       0x00000004   Zero   RW         1682    .bss.count1s        platform.o
    0x200000b4        -       0x00000004   Zero   RW         1679    .bss.count5ms       platform.o
    0x200000b8        -       0x00000017   Zero   RW          272    .bss.dTS6012_Rdata  toolingtest.o
    0x200000cf   0x080091fc   0x00000001   PAD
    0x200000d0        -       0x00000014   Zero   RW           32    .bss.dev_op         nd06av1c_app.o
    0x200000e4        -       0x0000000a   Zero   RW          271    .bss.dts6012DataTooling  toolingtest.o
    0x200000ee   0x080091fc   0x00000002   PAD
    0x200000f0        -       0x00000054   Zero   RW          152    .bss.hi2c1          i2c.o
    0x20000144        -       0x00000030   Zero   RW          184    .bss.hrtc           rtc.o
    0x20000174        -       0x00000094   Zero   RW          206    .bss.huart1         usart.o
    0x20000208        -       0x00000094   Zero   RW          207    .bss.huart2         usart.o
    0x2000029c        -       0x00000094   Zero   RW          208    .bss.huart3         usart.o
    0x20000330        -       0x00000001   Zero   RW          125    .bss.isToolingTest  main.o
    0x20000331        -       0x00000001   Zero   RW           85    .bss.res1           rs485.o
    0x20000332        -       0x00000001   Zero   RW           86    .bss.res2           rs485.o
    0x20000333        -       0x0000000a   Zero   RW           84    .bss.rxDBuffTooling  rs485.o
    0x2000033d        -       0x00000001   Zero   RW           65    .bss.rxDataBuffElevator  rs485.o
    0x2000033e        -       0x00000002   Zero   RW           82    .bss.rxIndexTooling  rs485.o
    0x20000340        -       0x00000004   Zero   RW         1144    .bss.uwTick         stm32h5xx_hal.o
    0x20000344   0x080091fc   0x00000004   PAD
    0x20000348        -       0x00000400   Zero   RW            1    STACK               startup_stm32h503xx.o


==============================================================================

Image component sizes


      Code (inc. data)   RO Data    RW Data    ZI Data      Debug   Object Name

        56          0          0         18          0       1558   dts6012m.o
       400          0          0          0          0       3182   gpio.o
       288          0          0          0         84       7902   i2c.o
        34          0          0          0          0        597   icache.o
       470          0          0          0          1       4593   main.o
       154          0          0         16         20       1385   nd06av1c_app.o
       568          0          0          0         10       2903   nd06av1c_comm.o
       604          0          0          4          2       5709   nd06av1c_data.o
       906          0          0          0         12      12358   nd06av1c_dev.o
       678          0          0          0         40       3229   platform.o
       784          0          0          0         15       7847   rs485.o
       236          0          0          0         48       5493   rtc.o
        40         10        600          0       1024        900   startup_stm32h503xx.o
       474          0          0          5          4      11399   stm32h5xx_hal.o
       832          6          0          0          0      12447   stm32h5xx_hal_cortex.o
       362          0          0          0          0       8943   stm32h5xx_hal_dma.o
      1096          0          0          0          0       5099   stm32h5xx_hal_gpio.o
      3124          0          0          0          0      38440   stm32h5xx_hal_i2c.o
       314          0          0          0          0       5572   stm32h5xx_hal_i2c_ex.o
        84          0          0          0          0       3399   stm32h5xx_hal_icache.o
         2          0          0          0          0        395   stm32h5xx_hal_msp.o
      4610         16          0          0          0      12247   stm32h5xx_hal_rcc.o
      8678        152          0          0          0      17318   stm32h5xx_hal_rcc_ex.o
       732          0          0          0          0      10694   stm32h5xx_hal_rtc.o
        80          0          0          0          0      19076   stm32h5xx_hal_rtc_ex.o
      7456          0         24          0          0      26479   stm32h5xx_hal_uart.o
       566          0         16          0          0       9396   stm32h5xx_hal_uart_ex.o
        70          0          0          0          0       1209   stm32h5xx_it.o
       278          0         24          4          0       5304   system_stm32h5xx.o
      1070          0          0          2         97       7338   toolingtest.o
      1172          0          0          0        444      11588   usart.o

    ----------------------------------------------------------------------
     36330        184        696         52       1812     263999   Object Totals
         0          0         32          0          0          0   (incl. Generated)
       112          0          0          3         11          0   (incl. Padding)

    ----------------------------------------------------------------------

      Code (inc. data)   RO Data    RW Data    ZI Data      Debug   Library Member Name

         0          0          0          0          0          0   entry.o
         0          0          0          0          0          0   entry10a.o
         0          0          0          0          0          0   entry11a.o
         8          4          0          0          0          0   entry2.o
         4          0          0          0          0          0   entry5.o
         0          0          0          0          0          0   entry7b.o
         0          0          0          0          0          0   entry8b.o
         8          4          0          0          0          0   entry9a.o
        30          0          0          0          0          0   handlers.o
        48         10          0          0          0         68   init.o
        30          0          0          0          0         68   llshl.o
        32          0          0          0          0         68   llushr.o
        36          0          0          0          0        108   memseta.o
        98          0          0          0          0         92   uldiv.o

    ----------------------------------------------------------------------
       294         18          0          0          0        404   Library Totals
         0          0          0          0          0          0   (incl. Padding)

    ----------------------------------------------------------------------

      Code (inc. data)   RO Data    RW Data    ZI Data      Debug   Library Name

       294         18          0          0          0        404   mc_w.l

    ----------------------------------------------------------------------
       294         18          0          0          0        404   Library Totals

    ----------------------------------------------------------------------

==============================================================================


      Code (inc. data)   RO Data    RW Data    ZI Data      Debug   

     36624        202        696         52       1812     263923   Grand Totals
     36624        202        696         52       1812     263923   ELF Image Totals
     36624        202        696         52          0          0   ROM Totals

==============================================================================

    Total RO  Size (Code + RO Data)                37320 (  36.45kB)
    Total RW  Size (RW Data + ZI Data)              1864 (   1.82kB)
    Total ROM Size (Code + RO Data + RW Data)      37372 (  36.50kB)

==============================================================================

