###############################################################################
#
# IAR ELF Linker V9.70.1.475/W64 for ARM                  23/Oct/2025  15:33:26
# Copyright 2007-2025 IAR Systems AB.
#
#    Output file  =
#        E:\HTC\REPEATER\0925\Debug\Exe\gpio_toggle_output_LP_MSPM0G3507_nortos_iar.out
#    Map file     =
#        E:\HTC\REPEATER\0925\Debug\List\gpio_toggle_output_LP_MSPM0G3507_nortos_iar.map
#    Command line =
#        -f
#        E:\HTC\REPEATER\0925\Debug\Exe\gpio_toggle_output_LP_MSPM0G3507_nortos_iar.out.rsp
#        (E:\HTC\REPEATER\0925\Debug\Obj\iar_9900922914917184157.dir\startup_mspm0g350x_iar.o
#        "E:\HTC\REPEATER\0925\Debug\Obj\SysConfig Generated
#        Files_5435349133262493662.dir\ti_msp_dl_config.o"
#        E:\HTC\REPEATER\0925\Debug\Obj\gpio_toggle_output_14865278146348279867.dir\zcom485.o
#        E:\HTC\REPEATER\0925\Debug\Obj\gpio_toggle_output_14865278146348279867.dir\zscl1_process.o
#        E:\HTC\REPEATER\0925\Debug\Obj\gpio_toggle_output_14865278146348279867.dir\zscl1_variate.o
#        E:\HTC\REPEATER\0925\Debug\Obj\gpio_toggle_output_14865278146348279867.dir\zscl2_process.o
#        E:\HTC\REPEATER\0925\Debug\Obj\gpio_toggle_output_14865278146348279867.dir\zscl2_variate.o
#        E:\HTC\REPEATER\0925\Debug\Obj\gpio_toggle_output_14865278146348279867.dir\zscl_delay_main.o
#        E:\HTC\REPEATER\0925\Debug\Obj\gpio_toggle_output_14865278146348279867.dir\zscl_logic.o
#        --no_out_extension -o
#        E:\HTC\REPEATER\0925\Debug\Exe\gpio_toggle_output_LP_MSPM0G3507_nortos_iar.out
#        --map
#        E:\HTC\REPEATER\0925\Debug\List\gpio_toggle_output_LP_MSPM0G3507_nortos_iar.map
#        --config
#        D:\Software\APP\Code\iar\ewarm-9.70.1\arm/config/linker/TexasInstruments/mspm0g3507.icf
#        --semihosting
#        E:\HTC\REPEATER\0925\source\ti\driverlib\lib\iar\m0p\mspm0g1x0x_g3x0x\driverlib.a
#        --entry __iar_program_start --vfe --text_out locale --cpu=Cortex-M0+
#        --fpu=None) --diagnostics_format=sarif_stdout --dependencies=n
#        E:\HTC\REPEATER\0925\Debug\Exe\gpio_toggle_output_LP_MSPM0G3507_nortos_iar.out.iar_deps
#        --dynamic_output
#        E:\HTC\REPEATER\0925\Debug\Exe\gpio_toggle_output_LP_MSPM0G3507_nortos_iar.out.iar_dynout
#
###############################################################################

*******************************************************************************
*** RUNTIME MODEL ATTRIBUTES
***

CppFlavor       = *
__CPP_Runtime   = 1
__SystemLibrary = DLib
__dlib_version  = 6


*******************************************************************************
*** HEAP SELECTION
***

The basic heap was selected because no calls to memory allocation
functions were found in the application outside of system library
functions, there are calls to deallocation functions in the
application, and the application appears to be primarily
optimized for speed.


*******************************************************************************
*** PLACEMENT SUMMARY
***

"A0":  place at address 0x0 {  ro section .intvec };
"P1":  place in [from 0x0 to 0x1'ffff] {  ro };
define block CSTACK with size = 1K, alignment = 8 { };
define block PROC_STACK with size = 0, alignment = 8 { };
define block HEAP with size = 2K, alignment = 8 { };
"P2":  place in [from 0x2020'0000 to 0x2020'7fff] {
           rw,  block CSTACK,  block PROC_STACK,  block HEAP };
initialize by copy {  rw };

No sections matched the following patterns:

  section .BCRConfig  in "P3"
  section .BSLConfig  in "P4"


  Section            Kind         Address  Alignment    Size  Object
  -------            ----         -------  ---------    ----  ------
"A0":                                                   0xc0
  .intvec            const            0x0          4    0xc0  startup_mspm0g350x_iar.o [3]
                                   - 0xc0               0xc0

"P1":                                                 0x36f5
  .text              ro code         0xc0          4   0xf08  zcom485.o [2]
  .text              ro code        0xfc8          4    0xf8  rand.o [4]
  .text              ro code       0x10c0          2    0xe0  I32DivModFast.o [6]
  .text              ro code       0x11a0          4   0x2a0  zscl_logic.o [2]
  .text              ro code       0x1440          4   0xae0  zscl_delay_main.o [2]
  .text              ro code       0x1f20          4    0x4e  ABImemset.o [6]
  .text              ro code       0x1f6e          2    0x3e  packbits_init_single.o [6]
  .text              ro code       0x1fac          4     0xa  dl_common.o [5]
  .text              ro code       0x1fb6          2     0x2  startup_mspm0g350x_iar.o [3]
  .text              ro code       0x1fb8          4     0x2  IntDivZer.o [6]
  .text              ro code       0x1fbc          4   0x792  dl_mcan.o [5]
  .text              ro code       0x2750          4    0x60  ti_msp_dl_config.o [1]
  .text              ro code       0x27b0          2     0x2  zscl1_process.o [2]
  .text              ro code       0x27b4          4    0x34  ABImemcpy_fast.o [6]
  .text              ro code       0x27e8          4    0xd4  ti_msp_dl_config.o [1]
  .text              ro code       0x28bc          4   0x1ac  ti_msp_dl_config.o [1]
  .text              ro code       0x2a68          4    0x38  ti_msp_dl_config.o [1]
  .text              ro code       0x2aa0          4    0x54  ti_msp_dl_config.o [1]
  .text              ro code       0x2af4          4    0x54  ti_msp_dl_config.o [1]
  .text              ro code       0x2b48          4    0x30  ti_msp_dl_config.o [1]
  .text              ro code       0x2b78          4    0x30  ti_msp_dl_config.o [1]
  .text              ro code       0x2ba8          4    0x30  ti_msp_dl_config.o [1]
  .text              ro code       0x2bd8          4    0x54  ti_msp_dl_config.o [1]
  .text              ro code       0x2c2c          4    0x54  ti_msp_dl_config.o [1]
  .text              ro code       0x2c80          4    0x54  ti_msp_dl_config.o [1]
  .text              ro code       0x2cd4          2    0x10  ti_msp_dl_config.o [1]
  .text              ro code       0x2ce4          4    0x28  ti_msp_dl_config.o [1]
  .text              ro code       0x2d0c          4    0xbc  ti_msp_dl_config.o [1]
  .text              ro code       0x2dc8          4   0x278  ti_msp_dl_config.o [1]
  .text              ro code       0x3040          4    0xfc  dl_sysctl_mspm0g1x0x_g3x0x.o [5]
  .text              ro code       0x313c          4   0x230  dl_timer.o [5]
  .text              ro code       0x336c          4    0x60  dl_uart.o [5]
  .text              ro code       0x33cc          4    0x18  ti_msp_dl_config.o [1]
  .text              ro code       0x33e4          4    0x18  ti_msp_dl_config.o [1]
  .text              ro code       0x33fc          4    0x18  ti_msp_dl_config.o [1]
  .text              ro code       0x3414          4    0x50  dl_dma.o [5]
  .rodata            const         0x3464          4    0xfc  ti_msp_dl_config.o [1]
  .rodata            const         0x3560          4    0x94  ti_msp_dl_config.o [1]
  .rodata            const         0x35f4          4    0x40  dl_mcan.o [5]
  .text              ro code       0x3634          2    0x3c  zero_init3.o [6]
  .rodata            const         0x3670          4    0x28  ti_msp_dl_config.o [1]
  .text              ro code       0x3698          4    0x28  data_init.o [6]
  .text              ro code       0x36c0          4    0x22  cmain.o [6]
  .text              ro code       0x36e2          2     0x4  low_level_init.o [4]
  .text              ro code       0x36e6          2     0x8  exit.o [4]
  .text              ro code       0x36f0          4     0x4  cexit.o [6]
  .text              ro code       0x36f4          4     0xa  cexit_2.o [6]
  .text              ro code       0x3700          4    0x14  exit.o [7]
  .iar.init_table    const         0x3714          4    0x20  - Linker created -
  .text              ro code       0x3734          4    0x1c  cstartup_M.o [6]
  .text              ro code       0x3750          2     0x8  startup_mspm0g350x_iar.o [3]
  .rodata            const         0x3758                0x0  zero_init3.o [6]
  .rodata            const         0x3758                0x0  packbits_init_single.o [6]
  Initializer bytes  const         0x3758               0x5d  <for P2-1>
                                 - 0x37b5             0x36f5

"P2", part 1 of 3:                                     0x11c
  P2-1                        0x2020'0000              0x11c  <Init block>
    .data            inited   0x2020'0000          4    0x84  zcom485.o [2]
    .data            inited   0x2020'0084          4    0x90  zscl_delay_main.o [2]
    .data            inited   0x2020'0114          4     0x8  rand.o [4]
                            - 0x2020'011c              0x11c

"P2", part 2 of 3:                                     0x96c
  .bss               zero     0x2020'011c          4   0x330  ti_msp_dl_config.o [1]
  .bss               zero     0x2020'044c          4    0xcc  zscl_delay_main.o [2]
  .bss               zero     0x2020'0518          4    0x8c  zcom485.o [2]
  .bss               zero     0x2020'05a4          4    0x8c  zcom485.o [2]
  .bss               zero     0x2020'0630          4    0x8c  zcom485.o [2]
  .bss               zero     0x2020'06bc          4    0x8c  zcom485.o [2]
  .bss               zero     0x2020'0748          4    0x84  rand.o [4]
  .bss               zero     0x2020'07cc          4    0x54  zcom485.o [2]
  .bss               zero     0x2020'0820          4    0x4c  zscl_logic.o [2]
  .bss               zero     0x2020'086c          4    0x45  zscl_delay_main.o [2]
  .bss               zero     0x2020'08b1                0x2  zscl_logic.o [2]
  .bss               zero     0x2020'08b3                0x1  zscl_logic.o [2]
  .bss               zero     0x2020'08b4          4    0x45  zscl_delay_main.o [2]
  .bss               zero     0x2020'08fa          2     0x2  zscl_delay_main.o [2]
  .bss               zero     0x2020'08fc          4    0x44  zscl_delay_main.o [2]
  .bss               zero     0x2020'0940          4    0x44  zscl_delay_main.o [2]
  .bss               zero     0x2020'0984          4    0x44  zscl_delay_main.o [2]
  .bss               zero     0x2020'09c8          4    0x44  zscl_logic.o [2]
  .bss               zero     0x2020'0a0c          4    0x28  zscl_logic.o [2]
  .bss               zero     0x2020'0a34          4    0x20  zscl_logic.o [2]
  .bss               zero     0x2020'0a54          4    0x18  zscl_delay_main.o [2]
  .bss               zero     0x2020'0a6c          4    0x14  zscl_logic.o [2]
  .bss               zero     0x2020'0a80          2     0x2  zscl_logic.o [2]
  .bss               zero     0x2020'0a82                0x1  zscl_logic.o [2]
  .bss               zero     0x2020'0a83                0x1  zscl_logic.o [2]
  .bss               zero     0x2020'0a84                0x1  zscl_logic.o [2]
  .bss               zero     0x2020'0a85                0x1  zscl_logic.o [2]
  .bss               zero     0x2020'0a86                0x1  zscl_logic.o [2]
                            - 0x2020'0a87              0x96b

"P2", part 3 of 3:                                     0x400
  CSTACK                      0x2020'0a88          8   0x400  <Block>
    CSTACK           uninit   0x2020'0a88              0x400  <Block tail>
                            - 0x2020'0e88              0x400

Unused ranges:

         From           To      Size
         ----           --      ----
       0x37b5     0x1'ffff  0x1'c84b
  0x2020'0e88  0x2020'7fff    0x7178


*******************************************************************************
*** INIT TABLE
***

          Address      Size
          -------      ----
Zero (__iar_zero_init3)
    1 destination range, total size 0x96b:
          0x2020'011c  0x96b

Copy/packbits (__iar_packbits_init_single3)
    1 source range, total size 0x5d (32% of destination):
               0x3758   0x5d
    1 destination range, total size 0x11c:
          0x2020'0000  0x11c



*******************************************************************************
*** MODULE SUMMARY
***

    Module                        ro code  ro data  rw data
    ------                        -------  -------  -------
command line/config:
    -------------------------------------------------------
    Total:

E:\HTC\REPEATER\0925\Debug\Obj\SysConfig Generated Files_5435349133262493662.dir: [1]
    ti_msp_dl_config.o              2'304      440      816
    -------------------------------------------------------
    Total:                          2'304      440      816

E:\HTC\REPEATER\0925\Debug\Obj\gpio_toggle_output_14865278146348279867.dir: [2]
    zcom485.o                       3'848       43      776
    zscl1_process.o                     2
    zscl_delay_main.o               2'784       47      716
    zscl_logic.o                      672               246
    -------------------------------------------------------
    Total:                          7'306       90    1'738

E:\HTC\REPEATER\0925\Debug\Obj\iar_9900922914917184157.dir: [3]
    startup_mspm0g350x_iar.o           10      192
    -------------------------------------------------------
    Total:                             10      192

dl6M_tln.a: [4]
    exit.o                              8
    low_level_init.o                    4
    rand.o                            248        3      140
    -------------------------------------------------------
    Total:                            260        3      140

driverlib.a: [5]
    dl_common.o                        10
    dl_dma.o                           80
    dl_mcan.o                       1'938       64
    dl_sysctl_mspm0g1x0x_g3x0x.o      252
    dl_timer.o                        560
    dl_uart.o                          96
    -------------------------------------------------------
    Total:                          2'936       64

rt6M_tl.a: [6]
    ABImemcpy_fast.o                   52
    ABImemset.o                        78
    I32DivModFast.o                   224
    IntDivZer.o                         2
    cexit.o                             4
    cexit_2.o                          10
    cmain.o                            34
    cstartup_M.o                       28
    data_init.o                        40
    packbits_init_single.o             62
    zero_init3.o                       60
    -------------------------------------------------------
    Total:                            594

shb_l.a: [7]
    exit.o                             20
    -------------------------------------------------------
    Total:                             20

    Gaps                               10                 1
    Linker created                              32    1'024
-----------------------------------------------------------
    Grand Total:                   13'440      821    3'719


*******************************************************************************
*** ENTRY LIST
***

Entry                       Address   Size  Type      Object
-----                       -------   ----  ----      ------
.iar.init_table$$Base        0x3714          --   Gb  - Linker created -
.iar.init_table$$Limit       0x3734          --   Gb  - Linker created -
?main                        0x36c1         Code  Gb  cmain.o [6]
ADC0_IRQHandler              0x1fb7    0x2  Code  Wk  startup_mspm0g350x_iar.o [3]
ADC1_IRQHandler              0x1fb7    0x2  Code  Wk  startup_mspm0g350x_iar.o [3]
AES_IRQHandler               0x1fb7    0x2  Code  Wk  startup_mspm0g350x_iar.o [3]
CANFD0_IRQHandler            0x15c1   0x34  Code  Gb  zscl_delay_main.o [2]
CSTACK$$Base            0x2020'0a88          --   Gb  - Linker created -
CSTACK$$Limit           0x2020'0e88          --   Gb  - Linker created -
Can_tx_boardtest        0x2020'0a6c   0x14  Data  Gb  zscl_logic.o [2]
Can_tx_master           0x2020'082c   0x14  Data  Gb  zscl_logic.o [2]
Can_tx_object           0x2020'0854   0x14  Data  Gb  zscl_logic.o [2]
Can_tx_slave            0x2020'0840   0x14  Data  Gb  zscl_logic.o [2]
DAC0_IRQHandler              0x1fb7    0x2  Code  Wk  startup_mspm0g350x_iar.o [3]
DL_Common_delayCycles        0x1fad    0xa  Code  Gb  dl_common.o [5]
DL_Common_updateReg          0x2e0d    0xc  Code  Lc  ti_msp_dl_config.o [1]
DL_DMA_enableChannel         0x1465   0x14  Code  Lc  zscl_delay_main.o [2]
DL_DMA_initChannel           0x3415   0x50  Code  Gb  dl_dma.o [5]
DL_DMA_setDestAddr           0x1483    0xa  Code  Lc  zscl_delay_main.o [2]
DL_DMA_setSrcAddr            0x1479    0xa  Code  Lc  zscl_delay_main.o [2]
DL_DMA_setTransferSize       0x148d    0xa  Code  Lc  zscl_delay_main.o [2]
DL_GPIO_clearPins            0x2ebb    0x8  Code  Lc  ti_msp_dl_config.o [1]
DL_GPIO_clearPins              0xd3    0x8  Code  Lc  zcom485.o [2]
DL_GPIO_clearPins            0x149d    0x8  Code  Lc  zscl_delay_main.o [2]
DL_GPIO_enableOutput         0x2ec3    0x6  Code  Lc  ti_msp_dl_config.o [1]
DL_GPIO_enablePower          0x2e63    0xa  Code  Lc  ti_msp_dl_config.o [1]
DL_GPIO_initDigitalInput
                             0x2e81    0xc  Code  Lc  ti_msp_dl_config.o [1]
DL_GPIO_initDigitalOutput
                             0x2e75    0xc  Code  Lc  ti_msp_dl_config.o [1]
DL_GPIO_initPeripheralAnalogFunction
                             0x2ea9    0xc  Code  Lc  ti_msp_dl_config.o [1]
DL_GPIO_initPeripheralInputFunction
                             0x2e9b    0xe  Code  Lc  ti_msp_dl_config.o [1]
DL_GPIO_initPeripheralOutputFunction
                             0x2e8d    0xe  Code  Lc  ti_msp_dl_config.o [1]
DL_GPIO_readPins               0xc1    0xc  Code  Lc  zcom485.o [2]
DL_GPIO_reset                0x2e6d    0x8  Code  Lc  ti_msp_dl_config.o [1]
DL_GPIO_setPins              0x2eb5    0x6  Code  Lc  ti_msp_dl_config.o [1]
DL_GPIO_setPins                0xcd    0x6  Code  Lc  zcom485.o [2]
DL_GPIO_setPins              0x1497    0x6  Code  Lc  zscl_delay_main.o [2]
DL_GPIO_togglePins           0x14a5    0x6  Code  Lc  zscl_delay_main.o [2]
DL_MCAN_TXBufAddReq          0x25ed   0x2c  Code  Gb  dl_mcan.o [5]
DL_MCAN_TXBufTransIntrEnable
                             0x26cb   0x26  Code  Gb  dl_mcan.o [5]
DL_MCAN_clearInterruptStatus
                             0x2ee7    0x6  Code  Lc  ti_msp_dl_config.o [1]
DL_MCAN_clearIntrStatus
                             0x26c1    0xa  Code  Gb  dl_mcan.o [5]
DL_MCAN_enableInterrupt
                             0x2edb    0xc  Code  Lc  ti_msp_dl_config.o [1]
DL_MCAN_enableIntr           0x2671   0x16  Code  Gb  dl_mcan.o [5]
DL_MCAN_enableIntrLine       0x269f   0x1c  Code  Gb  dl_mcan.o [5]
DL_MCAN_enableModuleClock
                             0x2eed    0xa  Code  Lc  ti_msp_dl_config.o [1]
DL_MCAN_enablePower          0x2ec9    0xa  Code  Lc  ti_msp_dl_config.o [1]
DL_MCAN_getIntrStatus        0x26bb    0x6  Code  Gb  dl_mcan.o [5]
DL_MCAN_getOpMode            0x1ff9    0xa  Code  Gb  dl_mcan.o [5]
DL_MCAN_getPendingInterrupt
                             0x14ab    0x8  Code  Lc  zscl_delay_main.o [2]
DL_MCAN_getRevisionId        0x2709   0x46  Code  Gb  dl_mcan.o [5]
DL_MCAN_init                 0x2003   0xf2  Code  Gb  dl_mcan.o [5]
DL_MCAN_isMemInitDone        0x1fdb    0xa  Code  Gb  dl_mcan.o [5]
DL_MCAN_msgRAMConfig         0x2229  0x232  Code  Gb  dl_mcan.o [5]
DL_MCAN_reset                0x2ed3    0x8  Code  Lc  ti_msp_dl_config.o [1]
DL_MCAN_selectIntrLine       0x2689   0x16  Code  Gb  dl_mcan.o [5]
DL_MCAN_setBitTime           0x2111   0xf0  Code  Gb  dl_mcan.o [5]
DL_MCAN_setClockConfig       0x1fbd   0x1e  Code  Gb  dl_mcan.o [5]
DL_MCAN_setExtIDAndMask
                             0x2461   0x3a  Code  Gb  dl_mcan.o [5]
DL_MCAN_setOpMode            0x1fe5   0x14  Code  Gb  dl_mcan.o [5]
DL_MCAN_writeMsgRam          0x24c5  0x120  Code  Gb  dl_mcan.o [5]
DL_SYSCTL_configSYSPLL       0x3041   0xb6  Code  Gb  dl_sysctl_mspm0g1x0x_g3x0x.o [5]
DL_SYSCTL_disableHFXT        0x2e47    0xc  Code  Lc  ti_msp_dl_config.o [1]
DL_SYSCTL_disableSYSPLL
                             0x2e3b    0xc  Code  Lc  ti_msp_dl_config.o [1]
DL_SYSCTL_setBORThreshold
                             0x2e19    0x6  Code  Lc  ti_msp_dl_config.o [1]
DL_SYSCTL_setFlashWaitState
                             0x2e53   0x10  Code  Lc  ti_msp_dl_config.o [1]
DL_SYSCTL_setSYSOSCFreq
                             0x2e1f    0xe  Code  Lc  ti_msp_dl_config.o [1]
DL_SYSCTL_setULPCLKDivider
                             0x2e2d    0xe  Code  Lc  ti_msp_dl_config.o [1]
DL_SYSCTL_switchMCLKfromSYSOSCtoHSCLK
                             0x30f7   0x24  Code  Gb  dl_sysctl_mspm0g1x0x_g3x0x.o [5]
DL_TimerA_initPWMMode        0x32d9   0x80  Code  Gb  dl_timer.o [5]
DL_Timer_enableClock         0x2f11    0x8  Code  Lc  ti_msp_dl_config.o [1]
DL_Timer_enableInterrupt
                             0x2f19    0xc  Code  Lc  ti_msp_dl_config.o [1]
DL_Timer_enablePower         0x2ef7    0xa  Code  Lc  ti_msp_dl_config.o [1]
DL_Timer_getPendingInterrupt
                             0x14c7    0xa  Code  Lc  zscl_delay_main.o [2]
DL_Timer_initPWMMode         0x31c5   0xb2  Code  Gb  dl_timer.o [5]
DL_Timer_initTimerMode       0x3153   0x5c  Code  Gb  dl_timer.o [5]
DL_Timer_reset               0x2f01    0x8  Code  Lc  ti_msp_dl_config.o [1]
DL_Timer_setCCPDirection
                             0x2f09    0x8  Code  Lc  ti_msp_dl_config.o [1]
DL_Timer_setCaptCompUpdateMethod
                             0x3285   0x1a  Code  Gb  dl_timer.o [5]
DL_Timer_setCaptureCompareOutCtl
                             0x329f   0x14  Code  Gb  dl_timer.o [5]
DL_Timer_setCaptureCompareValue
                             0x3277    0xa  Code  Gb  dl_timer.o [5]
DL_Timer_setClockConfig
                             0x313d   0x16  Code  Gb  dl_timer.o [5]
DL_Timer_setLoadValue        0x14b3    0x6  Code  Lc  zscl_delay_main.o [2]
DL_Timer_startCounter        0x14b9    0xe  Code  Lc  zscl_delay_main.o [2]
DL_UART_enable               0x2f37   0x10  Code  Lc  ti_msp_dl_config.o [1]
DL_UART_enableDMATransmitEvent
                             0x2f95    0xa  Code  Lc  ti_msp_dl_config.o [1]
DL_UART_enableInterrupt
                             0x2f89    0xc  Code  Lc  ti_msp_dl_config.o [1]
DL_UART_enableInterrupt
                             0x14e1    0xc  Code  Lc  zscl_delay_main.o [2]
DL_UART_enablePower          0x2f25    0xa  Code  Lc  ti_msp_dl_config.o [1]
DL_UART_getPendingInterrupt
                             0x14ed    0xa  Code  Lc  zscl_delay_main.o [2]
DL_UART_init                 0x336d   0x48  Code  Gb  dl_uart.o [5]
DL_UART_receiveData          0x14d9    0x8  Code  Lc  zscl_delay_main.o [2]
DL_UART_reset                0x2f2f    0x8  Code  Lc  ti_msp_dl_config.o [1]
DL_UART_setBaudRateDivisor
                             0x2f59   0x30  Code  Lc  ti_msp_dl_config.o [1]
DL_UART_setClockConfig       0x33b5   0x10  Code  Gb  dl_uart.o [5]
DL_UART_setOversampling
                             0x2f47   0x12  Code  Lc  ti_msp_dl_config.o [1]
DL_UART_transmitData         0x14d1    0x8  Code  Lc  zscl_delay_main.o [2]
DL_WWDT_enablePower          0x2fbf    0xa  Code  Lc  ti_msp_dl_config.o [1]
DL_WWDT_initWatchdogMode
                             0x2f9f   0x20  Code  Lc  ti_msp_dl_config.o [1]
DL_WWDT_reset                0x2fc9    0x8  Code  Lc  ti_msp_dl_config.o [1]
DL_WWDT_restart              0x14f7    0x8  Code  Lc  zscl_delay_main.o [2]
DL_WWDT_setActiveWindow
                             0x2fd1    0xc  Code  Lc  ti_msp_dl_config.o [1]
DMA_IRQHandler               0x1fb7    0x2  Code  Wk  startup_mspm0g350x_iar.o [3]
Default_Handler              0x1fb7    0x2  Code  Lc  startup_mspm0g350x_iar.o [3]
GROUP0_IRQHandler            0x1fb7    0x2  Code  Wk  startup_mspm0g350x_iar.o [3]
GROUP1_IRQHandler            0x1fb7    0x2  Code  Wk  startup_mspm0g350x_iar.o [3]
HardFault_Handler            0x1fb7    0x2  Code  Wk  startup_mspm0g350x_iar.o [3]
I2C0_IRQHandler              0x1fb7    0x2  Code  Wk  startup_mspm0g350x_iar.o [3]
I2C1_IRQHandler              0x1fb7    0x2  Code  Wk  startup_mspm0g350x_iar.o [3]
NMI_Handler                  0x1fb7    0x2  Code  Wk  startup_mspm0g350x_iar.o [3]
PendSV_Handler               0x1fb7    0x2  Code  Wk  startup_mspm0g350x_iar.o [3]
ProjNameBuf                   0x320    0x8  Data  Lc  zcom485.o [2]
ProjNameBuf_B                 0x328    0x8  Data  Lc  zcom485.o [2]
ROUT                         0x14ff   0x1a  Code  Gb  zscl_delay_main.o [2]
RTC_IRQHandler               0x1fb7    0x2  Code  Wk  startup_mspm0g350x_iar.o [3]
Region$$Table$$Base          0x3714          --   Gb  - Linker created -
Region$$Table$$Limit         0x3734          --   Gb  - Linker created -
Reset_Handler                0x3751    0x8  Code  Wk  startup_mspm0g350x_iar.o [3]
Rout_init                    0x1519   0x42  Code  Gb  zscl_delay_main.o [2]
SCL1_TXEN                    0x1741   0x42  Code  Gb  zscl_delay_main.o [2]
SCL2_TXEN                    0x1e2d   0x40  Code  Gb  zscl_delay_main.o [2]
SCL3_TXEN                    0x1e79   0x40  Code  Gb  zscl_delay_main.o [2]
SPI0_IRQHandler              0x1fb7    0x2  Code  Wk  startup_mspm0g350x_iar.o [3]
SPI1_IRQHandler              0x1fb7    0x2  Code  Wk  startup_mspm0g350x_iar.o [3]
SVC_Handler                  0x1fb7    0x2  Code  Wk  startup_mspm0g350x_iar.o [3]
SYSCFG_DL_DMA_SCL1_TX_init
                             0x33cd   0x18  Code  Wk  ti_msp_dl_config.o [1]
SYSCFG_DL_DMA_SCL2_TX_init
                             0x33e5   0x18  Code  Wk  ti_msp_dl_config.o [1]
SYSCFG_DL_DMA_SCL3_TX_init
                             0x33fd   0x18  Code  Wk  ti_msp_dl_config.o [1]
SYSCFG_DL_DMA_init           0x2cd5   0x10  Code  Wk  ti_msp_dl_config.o [1]
SYSCFG_DL_GPIO_init          0x28bd  0x1ac  Code  Wk  ti_msp_dl_config.o [1]
SYSCFG_DL_MCAN0_init         0x2d0d   0xbc  Code  Wk  ti_msp_dl_config.o [1]
SYSCFG_DL_SYSCTL_init        0x2a69   0x38  Code  Wk  ti_msp_dl_config.o [1]
SYSCFG_DL_WWDT0_init         0x2ce5   0x28  Code  Wk  ti_msp_dl_config.o [1]
SYSCFG_DL_ZCLK1_init         0x2aa1   0x54  Code  Wk  ti_msp_dl_config.o [1]
SYSCFG_DL_ZCLK2_init         0x2af5   0x54  Code  Wk  ti_msp_dl_config.o [1]
SYSCFG_DL_ZSCL1_init         0x2bd9   0x54  Code  Wk  ti_msp_dl_config.o [1]
SYSCFG_DL_ZSCL2_init         0x2c2d   0x54  Code  Wk  ti_msp_dl_config.o [1]
SYSCFG_DL_ZSCL3_init         0x2c81   0x54  Code  Wk  ti_msp_dl_config.o [1]
SYSCFG_DL_init               0x2751   0x60  Code  Wk  ti_msp_dl_config.o [1]
SYSCFG_DL_initPower          0x27e9   0xd4  Code  Wk  ti_msp_dl_config.o [1]
SYSCFG_DL_scl1_com_idle_init
                             0x2b79   0x30  Code  Wk  ti_msp_dl_config.o [1]
SYSCFG_DL_scl1_time_init
                             0x2b49   0x30  Code  Wk  ti_msp_dl_config.o [1]
SYSCFG_DL_scl2_com_idle_init
                             0x2ba9   0x30  Code  Wk  ti_msp_dl_config.o [1]
Scl1_Data_Pack               0x27b1    0x2  Code  Gb  zscl1_process.o [2]
Scl1_Rx_Delay           0x2020'0a54    0x1  Data  Gb  zscl_delay_main.o [2]
Scl1_Tx_Done            0x2020'08fa    0x2  Data  Gb  zscl_delay_main.o [2]
SysTick_Handler              0x1fb7    0x2  Code  Wk  startup_mspm0g350x_iar.o [3]
TIMA0_IRQHandler             0x1fb7    0x2  Code  Wk  startup_mspm0g350x_iar.o [3]
TIMA1_IRQHandler             0x1fb7    0x2  Code  Wk  startup_mspm0g350x_iar.o [3]
TIMG0_IRQHandler             0x1905   0x12  Code  Gb  zscl_delay_main.o [2]
TIMG12_IRQHandler            0x1fb7    0x2  Code  Wk  startup_mspm0g350x_iar.o [3]
TIMG6_IRQHandler             0x1bad  0x25e  Code  Gb  zscl_delay_main.o [2]
TIMG6_IRQHandler::time_out
                        0x2020'0a5e    0x2  Data  Lc  zscl_delay_main.o [2]
TIMG6_IRQHandler::time_out_100ms
                        0x2020'0a62    0x2  Data  Lc  zscl_delay_main.o [2]
TIMG6_IRQHandler::time_out_1ms
                        0x2020'0a60    0x2  Data  Lc  zscl_delay_main.o [2]
TIMG6_IRQHandler::time_out_1s
                        0x2020'0a66    0x2  Data  Lc  zscl_delay_main.o [2]
TIMG6_IRQHandler::time_out_40ms
                        0x2020'0a64    0x2  Data  Lc  zscl_delay_main.o [2]
TIMG7_IRQHandler             0x1e11    0xa  Code  Gb  zscl_delay_main.o [2]
TIMG8_IRQHandler             0x1fb7    0x2  Code  Wk  startup_mspm0g350x_iar.o [3]
UART0_IRQHandler             0x180d   0x7c  Code  Gb  zscl_delay_main.o [2]
UART1_IRQHandler             0x178d   0x7e  Code  Gb  zscl_delay_main.o [2]
UART2_IRQHandler             0x1fb7    0x2  Code  Wk  startup_mspm0g350x_iar.o [3]
UART3_IRQHandler             0x1895   0x6c  Code  Gb  zscl_delay_main.o [2]
Version                 0x2020'0a55    0x1  Data  Gb  zscl_delay_main.o [2]
_Rand_idx               0x2020'07c8    0x4  Data  Lc  rand.o [4]
_Rand_rv                0x2020'0748   0x80  Data  Lc  rand.o [4]
_Randinit               0x2020'0114    0x1  Data  Gb  rand.o [4]
_Randseed               0x2020'0118    0x4  Data  Gb  rand.o [4]
__NVIC_ClearPendingIRQ       0x1453   0x12  Code  Lc  zscl_delay_main.o [2]
__NVIC_EnableIRQ             0x1441   0x12  Code  Lc  zscl_delay_main.o [2]
__NVIC_SetPriority           0x2dc9   0x44  Code  Lc  ti_msp_dl_config.o [1]
__aeabi_idiv                 0x10ed         Code  Gb  I32DivModFast.o [6]
__aeabi_idiv0                0x1fb9         Code  Gb  IntDivZer.o [6]
__aeabi_idivmod              0x10ed         Code  Gb  I32DivModFast.o [6]
__aeabi_memset               0x1f21         Code  Gb  ABImemset.o [6]
__aeabi_uidiv                0x10f3         Code  Gb  I32DivModFast.o [6]
__aeabi_uidivmod             0x10f3         Code  Gb  I32DivModFast.o [6]
__cmain                      0x36c1         Code  Gb  cmain.o [6]
__exit                       0x3701   0x14  Code  Gb  exit.o [7]
__iar_Memset4_word           0x1f41         Code  Gb  ABImemset.o [6]
__iar_Memset_word            0x1f2d         Code  Gb  ABImemset.o [6]
__iar_data_init3             0x3699   0x28  Code  Gb  data_init.o [6]
__iar_fast_memcpy4           0x27b5         Code  Gb  ABImemcpy_fast.o [6]
__iar_fast_memcpy8           0x27b5         Code  Gb  ABImemcpy_fast.o [6]
__iar_packbits_init_single3
                             0x1f6f   0x3e  Code  Gb  packbits_init_single.o [6]
__iar_program_start          0x3735         Code  Gb  cstartup_M.o [6]
__iar_zero_init3             0x3635   0x3c  Code  Gb  zero_init3.o [6]
__low_level_init             0x36e3    0x4  Code  Gb  low_level_init.o [4]
__vector_table                  0x0   0xc0  Data  Gb  startup_mspm0g350x_iar.o [3]
_call_main                   0x36cd         Code  Gb  cmain.o [6]
_exit                        0x36f1         Code  Gb  cexit.o [6]
_exit_2                      0x36f5         Code  Gb  cexit_2.o [6]
blink_cnt_485B          0x2020'0a86    0x1  Data  Gb  zscl_logic.o [2]
blink_cnt_can           0x2020'0a24    0x1  Data  Gb  zscl_logic.o [2]
blink_cnt_scl           0x2020'0822    0x1  Data  Gb  zscl_logic.o [2]
blink_mode              0x2020'0821    0x1  Data  Gb  zscl_logic.o [2]
board4_err              0x2020'001a    0x2  Data  Gb  zcom485.o [2]
board_err               0x2020'0018    0x2  Data  Gb  zcom485.o [2]
board_test                    0xad5  0x4b6  Code  Gb  zcom485.o [2]
boardtest_loop_process        0x5f5  0x4c0  Code  Gb  zcom485.o [2]
cal_sum_value                  0xff   0x24  Code  Gb  zcom485.o [2]
cal_xor_value                  0xdb   0x24  Code  Gb  zcom485.o [2]
can_cnt_rx              0x2020'0a30    0x4  Data  Gb  zscl_logic.o [2]
can_cnt_tx              0x2020'0868    0x4  Data  Gb  zscl_logic.o [2]
can_master_data         0x2020'0a14    0x8  Data  Gb  zscl_logic.o [2]
can_nodata_cnt          0x2020'0a85    0x1  Data  Gb  zscl_logic.o [2]
can_req_data            0x2020'0a0c    0x8  Data  Gb  zscl_logic.o [2]
can_slave_data          0x2020'0a1c    0x8  Data  Gb  zscl_logic.o [2]
can_txd_start                0x155b   0x66  Code  Gb  zscl_delay_main.o [2]
door_data               0x2020'0820    0x1  Data  Gb  zscl_logic.o [2]
door_length_sf          0x2020'0826    0x2  Data  Gb  zscl_logic.o [2]
exit                         0x36e7    0x8  Code  Gb  exit.o [4]
gDMA_SCL1_TXConfig           0x34f4   0x18  Data  Lc  ti_msp_dl_config.o [1]
gDMA_SCL2_TXConfig           0x350c   0x18  Data  Lc  ti_msp_dl_config.o [1]
gDMA_SCL3_TXConfig           0x3524   0x18  Data  Lc  ti_msp_dl_config.o [1]
gEchoData_rs485         0x2020'08b0    0x1  Data  Gb  zscl_delay_main.o [2]
gEchoData_rs485A        0x2020'08f8    0x1  Data  Gb  zscl_delay_main.o [2]
gInterruptLine1Status   0x2020'0a68    0x4  Data  Gb  zscl_delay_main.o [2]
gMCAN0Backup            0x2020'0294   0x98  Data  Gb  ti_msp_dl_config.o [1]
gMCAN0BitTimes               0x3540   0x20  Data  Lc  ti_msp_dl_config.o [1]
gMCAN0ClockConf              0x353c    0x4  Data  Lc  ti_msp_dl_config.o [1]
gMCAN0InitParams             0x3560   0x34  Data  Lc  ti_msp_dl_config.o [1]
gMCAN0MsgRAMConfigParams
                             0x3594   0x60  Data  Lc  ti_msp_dl_config.o [1]
gSYSPLLConfig                0x3670   0x28  Data  Lc  ti_msp_dl_config.o [1]
gZCLK1Backup            0x2020'011c   0xbc  Data  Gb  ti_msp_dl_config.o [1]
gZCLK1ClockConfig            0x3464    0x4  Data  Lc  ti_msp_dl_config.o [1]
gZCLK1Config                 0x3468    0x8  Data  Lc  ti_msp_dl_config.o [1]
gZCLK2Backup            0x2020'01d8   0xbc  Data  Gb  ti_msp_dl_config.o [1]
gZCLK2ClockConfig            0x3470    0x4  Data  Lc  ti_msp_dl_config.o [1]
gZCLK2Config                 0x3474    0x8  Data  Lc  ti_msp_dl_config.o [1]
gZSCL1Backup            0x2020'041c   0x30  Data  Gb  ti_msp_dl_config.o [1]
gZSCL1ClockConfig            0x34c4    0x2  Data  Lc  ti_msp_dl_config.o [1]
gZSCL1Config                 0x34c8    0xc  Data  Lc  ti_msp_dl_config.o [1]
gZSCL2ClockConfig            0x34d4    0x2  Data  Lc  ti_msp_dl_config.o [1]
gZSCL2Config                 0x34d8    0xc  Data  Lc  ti_msp_dl_config.o [1]
gZSCL3ClockConfig            0x34e4    0x2  Data  Lc  ti_msp_dl_config.o [1]
gZSCL3Config                 0x34e8    0xc  Data  Lc  ti_msp_dl_config.o [1]
g_can_datan_time        0x2020'0a5c    0x1  Data  Gb  zscl_delay_main.o [2]
g_can_rx_flag           0x2020'0a5b    0x1  Data  Gb  zscl_delay_main.o [2]
getRspNd061             0x2020'0009    0x1  Data  Gb  zcom485.o [2]
getRspNd062             0x2020'000a    0x1  Data  Gb  zcom485.o [2]
getRspTFD11             0x2020'000b    0x1  Data  Gb  zcom485.o [2]
getRspTFD12             0x2020'000c    0x1  Data  Gb  zcom485.o [2]
getRspTFD21             0x2020'000d    0x1  Data  Gb  zcom485.o [2]
getRspTFD22             0x2020'000e    0x1  Data  Gb  zcom485.o [2]
get_scla_tdata_can           0x11e7   0x80  Code  Gb  zscl_logic.o [2]
gscl1_com_idleBackup    0x2020'032c   0x78  Data  Gb  ti_msp_dl_config.o [1]
gscl1_com_idleClockConfig
                             0x3494    0x4  Data  Lc  ti_msp_dl_config.o [1]
gscl1_com_idleTimerConfig
                             0x3498   0x14  Data  Lc  ti_msp_dl_config.o [1]
gscl1_timeClockConfig        0x347c    0x4  Data  Lc  ti_msp_dl_config.o [1]
gscl1_timeTimerConfig        0x3480   0x14  Data  Lc  ti_msp_dl_config.o [1]
gscl2_com_idleBackup    0x2020'03a4   0x78  Data  Gb  ti_msp_dl_config.o [1]
gscl2_com_idleClockConfig
                             0x34ac    0x4  Data  Lc  ti_msp_dl_config.o [1]
gscl2_com_idleTimerConfig
                             0x34b0   0x14  Data  Lc  ti_msp_dl_config.o [1]
handTFD1                0x2020'0060    0xc  Data  Gb  zcom485.o [2]
handle_com_data               0x505   0xdc  Code  Gb  zcom485.o [2]
homework_switch1        0x2020'0006    0x1  Data  Gb  zcom485.o [2]
homework_switch2        0x2020'0007    0x1  Data  Gb  zcom485.o [2]
homework_switch3        0x2020'0008    0x1  Data  Gb  zcom485.o [2]
in2_times               0x2020'0020    0x2  Data  Gb  zcom485.o [2]
in_times                0x2020'001e    0x2  Data  Gb  zcom485.o [2]
io4_read                0x2020'002c    0x4  Data  Gb  zcom485.o [2]
io_in_bit               0x2020'0003    0x1  Data  Gb  zcom485.o [2]
io_test_bit             0x2020'0002    0x1  Data  Gb  zcom485.o [2]
m_bk                    0x2020'0000    0x2  Data  Gb  zcom485.o [2]
m_id_code               0x2020'0010    0x8  Data  Gb  zcom485.o [2]
m_pEnd_msg              0x2020'05a4   0x8c  Data  Gb  zcom485.o [2]
m_pResult_msg           0x2020'0630   0x8c  Data  Gb  zcom485.o [2]
m_p_msg                 0x2020'0518   0x8c  Data  Gb  zcom485.o [2]
m_send_message_times1   0x2020'0024    0x2  Data  Gb  zcom485.o [2]
m_send_message_times2   0x2020'0026    0x2  Data  Gb  zcom485.o [2]
m_send_message_times3   0x2020'0028    0x2  Data  Gb  zcom485.o [2]
m_send_times            0x2020'001c    0x2  Data  Gb  zcom485.o [2]
m_test_state            0x2020'0005    0x1  Data  Gb  zcom485.o [2]
main                         0x1635  0x106  Code  Gb  zscl_delay_main.o [2]
mem_copy                     0x11a1   0x14  Code  Gb  zscl_logic.o [2]
mem_set                      0x11b5   0x10  Code  Gb  zscl_logic.o [2]
mtestmsg                0x2020'07cc   0x54  Data  Gb  zcom485.o [2]
nd061_data              0x2020'00fc    0x4  Data  Gb  zscl_delay_main.o [2]
nd062_data              0x2020'0100    0x4  Data  Gb  zscl_delay_main.o [2]
nd_times                0x2020'0022    0x2  Data  Gb  zcom485.o [2]
out_y0_cnt              0x2020'0a25    0x1  Data  Gb  zscl_logic.o [2]
pData                   0x2020'06bc   0x8c  Data  Gb  zcom485.o [2]
poweroff                0x2020'08b1    0x1  Data  Gb  zscl_logic.o [2]
poweroff_delaycnt       0x2020'0a82    0x1  Data  Gb  zscl_logic.o [2]
poweroff_done           0x2020'08b2    0x1  Data  Gb  zscl_logic.o [2]
poweroff_on_cnt         0x2020'0a83    0x1  Data  Gb  zscl_logic.o [2]
poweroff_on_en          0x2020'0a84    0x1  Data  Gb  zscl_logic.o [2]
poweroff_on_en_timer    0x2020'0a80    0x2  Data  Gb  zscl_logic.o [2]
poweron                 0x2020'08b3    0x1  Data  Gb  zscl_logic.o [2]
rand                          0xfc9   0xde  Code  Gb  rand.o [4]
request_set_code              0x459   0x98  Code  Gb  zcom485.o [2]
rxBuffT                 0x2020'0084   0x14  Data  Gb  zscl_delay_main.o [2]
rxND1                   0x2020'0104    0x8  Data  Gb  zscl_delay_main.o [2]
rxND2                   0x2020'010c    0x8  Data  Gb  zscl_delay_main.o [2]
rxTFD1                  0x2020'0098   0x10  Data  Gb  zscl_delay_main.o [2]
rxTFD2                  0x2020'00a8   0x10  Data  Gb  zscl_delay_main.o [2]
rxd_buff_scl            0x2020'0a34   0x20  Data  Gb  zscl_logic.o [2]
rxd_can_timeout         0x2020'0a2c    0x2  Data  Gb  zscl_logic.o [2]
rxd_can_timeout_m       0x2020'0a26    0x2  Data  Gb  zscl_logic.o [2]
rxd_can_timeout_req     0x2020'0a2a    0x2  Data  Gb  zscl_logic.o [2]
rxd_can_timeout_s       0x2020'0a28    0x2  Data  Gb  zscl_logic.o [2]
rxd_flag                0x2020'0a56    0x1  Data  Gb  zscl_delay_main.o [2]
rxd_flag_rs485A         0x2020'0a58    0x1  Data  Gb  zscl_delay_main.o [2]
rxd_flag_rs485B         0x2020'0a59    0x1  Data  Gb  zscl_delay_main.o [2]
rxd_scl_timeout         0x2020'0824    0x2  Data  Gb  zscl_logic.o [2]
rxd_uart0               0x2020'044c   0x44  Data  Gb  zscl_delay_main.o [2]
rxd_uart0_tmp           0x2020'08fc   0x44  Data  Gb  zscl_delay_main.o [2]
rxd_uart1               0x2020'0490   0x44  Data  Gb  zscl_delay_main.o [2]
rxd_uart1_tmp           0x2020'00b8   0x44  Data  Gb  zscl_delay_main.o [2]
rxd_uart2               0x2020'04d4   0x44  Data  Gb  zscl_delay_main.o [2]
rxd_uart2_tmp           0x2020'0984   0x44  Data  Gb  zscl_delay_main.o [2]
selectTFD               0x2020'000f    0x1  Data  Gb  zcom485.o [2]
send_heart_beat               0x1e7   0x8a  Code  Gb  zcom485.o [2]
send_shake_hand               0x125   0xc2  Code  Gb  zcom485.o [2]
send_test_end                 0x271   0xae  Code  Gb  zcom485.o [2]
send_test_result              0x331  0x116  Code  Gb  zcom485.o [2]
testNd061               0x2020'0030    0xc  Data  Gb  zcom485.o [2]
testNd062               0x2020'003c    0xc  Data  Gb  zcom485.o [2]
testTFD11               0x2020'0048    0xc  Data  Gb  zcom485.o [2]
testTFD12               0x2020'0054    0xc  Data  Gb  zcom485.o [2]
testTFD21               0x2020'006c    0xc  Data  Gb  zcom485.o [2]
testTFD22               0x2020'0078    0xc  Data  Gb  zcom485.o [2]
time_100ms              0x2020'0a5a    0x1  Data  Gb  zscl_delay_main.o [2]
time_out_can            0x2020'0828    0x2  Data  Gb  zscl_logic.o [2]
timeout_can                  0x1267   0x8c  Code  Gb  zscl_logic.o [2]
txd_scla                0x2020'09c8   0x44  Data  Gb  zscl_logic.o [2]
txd_uart0               0x2020'0940   0x44  Data  Gb  zscl_delay_main.o [2]
txd_uart1               0x2020'086c   0x44  Data  Gb  zscl_delay_main.o [2]
txd_uart2               0x2020'08b4   0x44  Data  Gb  zscl_delay_main.o [2]
uart0_receive                0x1945   0x50  Code  Gb  zscl_delay_main.o [2]
uart_proc_entry              0x12f3  0x130  Code  Gb  zscl_logic.o [2]
uart_receive_rs485           0x19b9  0x172  Code  Gb  zscl_delay_main.o [2]
uart_receive_rs485A          0x1b31   0x42  Code  Gb  zscl_delay_main.o [2]
uart_sending_flag       0x2020'0a57    0x1  Data  Gb  zscl_delay_main.o [2]
xor_check_sum                0x11c5   0x22  Code  Gb  zscl_logic.o [2]
yo_err_bit              0x2020'0004    0x1  Data  Gb  zcom485.o [2]


[1] = E:\HTC\REPEATER\0925\Debug\Obj\SysConfig Generated Files_5435349133262493662.dir
[2] = E:\HTC\REPEATER\0925\Debug\Obj\gpio_toggle_output_14865278146348279867.dir
[3] = E:\HTC\REPEATER\0925\Debug\Obj\iar_9900922914917184157.dir
[4] = dl6M_tln.a
[5] = driverlib.a
[6] = rt6M_tl.a
[7] = shb_l.a

  13'440 bytes of readonly  code memory
     821 bytes of readonly  data memory
   3'719 bytes of readwrite data memory

Errors: none
Warnings: none
