###############################################################################
#
# IAR ELF Linker V9.70.1.475/W64 for ARM                  03/Nov/2025  19:08:45
# Copyright 2007-2025 IAR Systems AB.
#
#    Output file  =
#        E:\HTC\REPEATER\0925\Debug\Exe\gpio_toggle_output_LP_MSPM0G3507_nortos_iar.out
#    Map file     =
#        E:\HTC\REPEATER\0925\Debug\List\gpio_toggle_output_LP_MSPM0G3507_nortos_iar.map
#    Command line =
#        -f
#        E:\HTC\REPEATER\0925\Debug\Exe\gpio_toggle_output_LP_MSPM0G3507_nortos_iar.out.rsp
#        (E:\HTC\REPEATER\0925\Debug\Obj\iar_9900922914917184157.dir\startup_mspm0g350x_iar.o
#        "E:\HTC\REPEATER\0925\Debug\Obj\SysConfig Generated
#        Files_5435349133262493662.dir\ti_msp_dl_config.o"
#        E:\HTC\REPEATER\0925\Debug\Obj\gpio_toggle_output_14865278146348279867.dir\zcom485.o
#        E:\HTC\REPEATER\0925\Debug\Obj\gpio_toggle_output_14865278146348279867.dir\zscl1_process.o
#        E:\HTC\REPEATER\0925\Debug\Obj\gpio_toggle_output_14865278146348279867.dir\zscl1_variate.o
#        E:\HTC\REPEATER\0925\Debug\Obj\gpio_toggle_output_14865278146348279867.dir\zscl2_process.o
#        E:\HTC\REPEATER\0925\Debug\Obj\gpio_toggle_output_14865278146348279867.dir\zscl2_variate.o
#        E:\HTC\REPEATER\0925\Debug\Obj\gpio_toggle_output_14865278146348279867.dir\zscl_delay_main.o
#        E:\HTC\REPEATER\0925\Debug\Obj\gpio_toggle_output_14865278146348279867.dir\zscl_logic.o
#        --no_out_extension -o
#        E:\HTC\REPEATER\0925\Debug\Exe\gpio_toggle_output_LP_MSPM0G3507_nortos_iar.out
#        --map
#        E:\HTC\REPEATER\0925\Debug\List\gpio_toggle_output_LP_MSPM0G3507_nortos_iar.map
#        --config
#        D:\Software\APP\Code\iar\ewarm-9.70.1\arm/config/linker/TexasInstruments/mspm0g3507.icf
#        --semihosting
#        E:\HTC\REPEATER\0925\source\ti\driverlib\lib\iar\m0p\mspm0g1x0x_g3x0x\driverlib.a
#        --entry __iar_program_start --vfe --text_out locale --cpu=Cortex-M0+
#        --fpu=None) --diagnostics_format=sarif_stdout --dependencies=n
#        E:\HTC\REPEATER\0925\Debug\Exe\gpio_toggle_output_LP_MSPM0G3507_nortos_iar.out.iar_deps
#        --dynamic_output
#        E:\HTC\REPEATER\0925\Debug\Exe\gpio_toggle_output_LP_MSPM0G3507_nortos_iar.out.iar_dynout
#
###############################################################################

*******************************************************************************
*** RUNTIME MODEL ATTRIBUTES
***

CppFlavor       = *
__CPP_Runtime   = 1
__SystemLibrary = DLib
__dlib_version  = 6


*******************************************************************************
*** HEAP SELECTION
***

The basic heap was selected because no calls to memory allocation
functions were found in the application outside of system library
functions, there are calls to deallocation functions in the
application, and the application appears to be primarily
optimized for speed.


*******************************************************************************
*** PLACEMENT SUMMARY
***

"A0":  place at address 0x0 {  ro section .intvec };
"P1":  place in [from 0x0 to 0x1'ffff] {  ro };
define block CSTACK with size = 1K, alignment = 8 { };
define block PROC_STACK with size = 0, alignment = 8 { };
define block HEAP with size = 2K, alignment = 8 { };
"P2":  place in [from 0x2020'0000 to 0x2020'7fff] {
           rw,  block CSTACK,  block PROC_STACK,  block HEAP };
initialize by copy {  rw };

No sections matched the following patterns:

  section .BCRConfig  in "P3"
  section .BSLConfig  in "P4"


  Section            Kind         Address  Alignment    Size  Object
  -------            ----         -------  ---------    ----  ------
"A0":                                                   0xc0
  .intvec            const            0x0          4    0xc0  startup_mspm0g350x_iar.o [3]
                                   - 0xc0               0xc0

"P1":                                                 0x3233
  .text              ro code         0xc0          4   0xb80  zscl_delay_main.o [2]
  .text              ro code        0xc40          4   0x792  dl_mcan.o [5]
  .text              ro code       0x13d2          2    0x3e  packbits_init_single.o [6]
  .text              ro code       0x1410          4    0x60  ti_msp_dl_config.o [1]
  .text              ro code       0x1470          4   0x9a0  zcom485.o [2]
  .text              ro code       0x1e10          4   0x2a0  zscl_logic.o [2]
  .text              ro code       0x20b0          2     0x2  zscl1_process.o [2]
  .text              ro code       0x20b2          2     0x2  startup_mspm0g350x_iar.o [3]
  .text              ro code       0x20b4          4     0xa  dl_common.o [5]
  .text              ro code       0x20c0          4    0x34  ABImemcpy_fast.o [6]
  .text              ro code       0x20f4          4    0xd4  ti_msp_dl_config.o [1]
  .text              ro code       0x21c8          4   0x1ac  ti_msp_dl_config.o [1]
  .text              ro code       0x2374          4    0x38  ti_msp_dl_config.o [1]
  .text              ro code       0x23ac          4    0x54  ti_msp_dl_config.o [1]
  .text              ro code       0x2400          4    0x54  ti_msp_dl_config.o [1]
  .text              ro code       0x2454          4    0x30  ti_msp_dl_config.o [1]
  .text              ro code       0x2484          4    0x30  ti_msp_dl_config.o [1]
  .text              ro code       0x24b4          4    0x30  ti_msp_dl_config.o [1]
  .text              ro code       0x24e4          4    0x54  ti_msp_dl_config.o [1]
  .text              ro code       0x2538          4    0x54  ti_msp_dl_config.o [1]
  .text              ro code       0x258c          4    0x54  ti_msp_dl_config.o [1]
  .text              ro code       0x25e0          2    0x10  ti_msp_dl_config.o [1]
  .text              ro code       0x25f0          4    0x28  ti_msp_dl_config.o [1]
  .text              ro code       0x2618          4    0xbc  ti_msp_dl_config.o [1]
  .text              ro code       0x26d4          4    0xf8  rand.o [4]
  .text              ro code       0x27cc          2    0xe0  I32DivModFast.o [6]
  .text              ro code       0x28ac          4    0x4e  ABImemset.o [6]
  .text              ro code       0x28fc          4   0x278  ti_msp_dl_config.o [1]
  .text              ro code       0x2b74          4    0xfc  dl_sysctl_mspm0g1x0x_g3x0x.o [5]
  .text              ro code       0x2c70          4   0x230  dl_timer.o [5]
  .text              ro code       0x2ea0          4    0x60  dl_uart.o [5]
  .text              ro code       0x2f00          4    0x18  ti_msp_dl_config.o [1]
  .text              ro code       0x2f18          4    0x18  ti_msp_dl_config.o [1]
  .text              ro code       0x2f30          4    0x18  ti_msp_dl_config.o [1]
  .text              ro code       0x2f48          4     0x2  IntDivZer.o [6]
  .text              ro code       0x2f4c          4    0x50  dl_dma.o [5]
  .rodata            const         0x2f9c          4    0xfc  ti_msp_dl_config.o [1]
  .rodata            const         0x3098          4    0x94  ti_msp_dl_config.o [1]
  .rodata            const         0x312c          4    0x40  dl_mcan.o [5]
  .text              ro code       0x316c          2    0x3c  zero_init3.o [6]
  .rodata            const         0x31a8          4    0x28  ti_msp_dl_config.o [1]
  .text              ro code       0x31d0          4    0x28  data_init.o [6]
  .text              ro code       0x31f8          4    0x22  cmain.o [6]
  .text              ro code       0x321a          2     0x4  low_level_init.o [4]
  .text              ro code       0x321e          2     0x8  exit.o [4]
  .text              ro code       0x3228          4     0x4  cexit.o [6]
  .text              ro code       0x322c          4     0xa  cexit_2.o [6]
  .text              ro code       0x3238          4    0x14  exit.o [7]
  .iar.init_table    const         0x324c          4    0x20  - Linker created -
  .text              ro code       0x326c          4    0x1c  cstartup_M.o [6]
  .text              ro code       0x3288          2     0x8  startup_mspm0g350x_iar.o [3]
  .rodata            const         0x3290                0x0  zero_init3.o [6]
  .rodata            const         0x3290                0x0  packbits_init_single.o [6]
  Initializer bytes  const         0x3290               0x63  <for P2-1>
                                 - 0x32f3             0x3233

"P2", part 1 of 3:                                     0x114
  P2-1                        0x2020'0000              0x114  <Init block>
    .data            inited   0x2020'0000          4    0x7c  zcom485.o [2]
    .data            inited   0x2020'007c          4    0x90  zscl_delay_main.o [2]
    .data            inited   0x2020'010c          4     0x8  rand.o [4]
                            - 0x2020'0114              0x114

"P2", part 2 of 3:                                     0x95c
  .bss               zero     0x2020'0114          4   0x330  ti_msp_dl_config.o [1]
  .bss               zero     0x2020'0444          4    0xcc  zscl_delay_main.o [2]
  .bss               zero     0x2020'0510          4    0x8d  zcom485.o [2]
  .bss               zero     0x2020'059d                0x2  zscl_logic.o [2]
  .bss               zero     0x2020'059f                0x1  zscl_logic.o [2]
  .bss               zero     0x2020'05a0          4    0x8c  zcom485.o [2]
  .bss               zero     0x2020'062c          4    0x8c  zcom485.o [2]
  .bss               zero     0x2020'06b8          4    0x8c  zcom485.o [2]
  .bss               zero     0x2020'0744          4    0x84  rand.o [4]
  .bss               zero     0x2020'07c8          4    0x54  zcom485.o [2]
  .bss               zero     0x2020'081c          4    0x4c  zscl_logic.o [2]
  .bss               zero     0x2020'0868          4    0x45  zscl_delay_main.o [2]
  .bss               zero     0x2020'08ae          2     0x2  zscl_delay_main.o [2]
  .bss               zero     0x2020'08b0          4    0x45  zscl_delay_main.o [2]
  .bss               zero     0x2020'08f6          2     0x2  zscl_logic.o [2]
  .bss               zero     0x2020'08f8          4    0x44  zscl_delay_main.o [2]
  .bss               zero     0x2020'093c          4    0x44  zscl_delay_main.o [2]
  .bss               zero     0x2020'0980          4    0x44  zscl_delay_main.o [2]
  .bss               zero     0x2020'09c4          4    0x44  zscl_logic.o [2]
  .bss               zero     0x2020'0a08          4    0x28  zscl_logic.o [2]
  .bss               zero     0x2020'0a30          4    0x20  zscl_logic.o [2]
  .bss               zero     0x2020'0a50          4    0x18  zscl_delay_main.o [2]
  .bss               zero     0x2020'0a68                0x1  zscl_logic.o [2]
  .bss               zero     0x2020'0a69                0x1  zscl_logic.o [2]
  .bss               zero     0x2020'0a6a                0x1  zscl_logic.o [2]
  .bss               zero     0x2020'0a6b                0x1  zscl_logic.o [2]
  .bss               zero     0x2020'0a6c                0x1  zscl_logic.o [2]
                            - 0x2020'0a6d              0x959

"P2", part 3 of 3:                                     0x400
  CSTACK                      0x2020'0a70          8   0x400  <Block>
    CSTACK           uninit   0x2020'0a70              0x400  <Block tail>
                            - 0x2020'0e70              0x400

Unused ranges:

         From           To      Size
         ----           --      ----
       0x32f3     0x1'ffff  0x1'cd0d
  0x2020'0e70  0x2020'7fff    0x7190


*******************************************************************************
*** INIT TABLE
***

          Address      Size
          -------      ----
Zero (__iar_zero_init3)
    1 destination range, total size 0x959:
          0x2020'0114  0x959

Copy/packbits (__iar_packbits_init_single3)
    1 source range, total size 0x63 (35% of destination):
               0x3290   0x63
    1 destination range, total size 0x114:
          0x2020'0000  0x114



*******************************************************************************
*** MODULE SUMMARY
***

    Module                        ro code  ro data  rw data
    ------                        -------  -------  -------
command line/config:
    -------------------------------------------------------
    Total:

E:\HTC\REPEATER\0925\Debug\Obj\SysConfig Generated Files_5435349133262493662.dir: [1]
    ti_msp_dl_config.o              2'304      440      816
    -------------------------------------------------------
    Total:                          2'304      440      816

E:\HTC\REPEATER\0925\Debug\Obj\gpio_toggle_output_14865278146348279867.dir: [2]
    zcom485.o                       2'464       44      769
    zscl1_process.o                     2
    zscl_delay_main.o               2'944       52      716
    zscl_logic.o                      672               226
    -------------------------------------------------------
    Total:                          6'082       96    1'711

E:\HTC\REPEATER\0925\Debug\Obj\iar_9900922914917184157.dir: [3]
    startup_mspm0g350x_iar.o           10      192
    -------------------------------------------------------
    Total:                             10      192

dl6M_tln.a: [4]
    exit.o                              8
    low_level_init.o                    4
    rand.o                            248        3      140
    -------------------------------------------------------
    Total:                            260        3      140

driverlib.a: [5]
    dl_common.o                        10
    dl_dma.o                           80
    dl_mcan.o                       1'938       64
    dl_sysctl_mspm0g1x0x_g3x0x.o      252
    dl_timer.o                        560
    dl_uart.o                          96
    -------------------------------------------------------
    Total:                          2'936       64

rt6M_tl.a: [6]
    ABImemcpy_fast.o                   52
    ABImemset.o                        78
    I32DivModFast.o                   224
    IntDivZer.o                         2
    cexit.o                             4
    cexit_2.o                          10
    cmain.o                            34
    cstartup_M.o                       28
    data_init.o                        40
    packbits_init_single.o             62
    zero_init3.o                       60
    -------------------------------------------------------
    Total:                            594

shb_l.a: [7]
    exit.o                             20
    -------------------------------------------------------
    Total:                             20

    Gaps                               10                 2
    Linker created                              32    1'024
-----------------------------------------------------------
    Grand Total:                   12'216      827    3'693


*******************************************************************************
*** ENTRY LIST
***

Entry                       Address   Size  Type      Object
-----                       -------   ----  ----      ------
.iar.init_table$$Base        0x324c          --   Gb  - Linker created -
.iar.init_table$$Limit       0x326c          --   Gb  - Linker created -
?main                        0x31f9         Code  Gb  cmain.o [6]
ADC0_IRQHandler              0x20b3    0x2  Code  Wk  startup_mspm0g350x_iar.o [3]
ADC1_IRQHandler              0x20b3    0x2  Code  Wk  startup_mspm0g350x_iar.o [3]
AES_IRQHandler               0x20b3    0x2  Code  Wk  startup_mspm0g350x_iar.o [3]
CANFD0_IRQHandler             0x241   0x34  Code  Gb  zscl_delay_main.o [2]
CSTACK$$Base            0x2020'0a70          --   Gb  - Linker created -
CSTACK$$Limit           0x2020'0e70          --   Gb  - Linker created -
Can_tx_master           0x2020'0828   0x14  Data  Gb  zscl_logic.o [2]
Can_tx_object           0x2020'0850   0x14  Data  Gb  zscl_logic.o [2]
Can_tx_slave            0x2020'083c   0x14  Data  Gb  zscl_logic.o [2]
DAC0_IRQHandler              0x20b3    0x2  Code  Wk  startup_mspm0g350x_iar.o [3]
DL_Common_delayCycles        0x20b5    0xa  Code  Gb  dl_common.o [5]
DL_Common_updateReg          0x2941    0xc  Code  Lc  ti_msp_dl_config.o [1]
DL_DMA_enableChannel           0xe5   0x14  Code  Lc  zscl_delay_main.o [2]
DL_DMA_initChannel           0x2f4d   0x50  Code  Gb  dl_dma.o [5]
DL_DMA_setDestAddr            0x103    0xa  Code  Lc  zscl_delay_main.o [2]
DL_DMA_setSrcAddr              0xf9    0xa  Code  Lc  zscl_delay_main.o [2]
DL_DMA_setTransferSize        0x10d    0xa  Code  Lc  zscl_delay_main.o [2]
DL_GPIO_clearPins            0x29ef    0x8  Code  Lc  ti_msp_dl_config.o [1]
DL_GPIO_clearPins            0x1483    0x8  Code  Lc  zcom485.o [2]
DL_GPIO_clearPins             0x11d    0x8  Code  Lc  zscl_delay_main.o [2]
DL_GPIO_enableOutput         0x29f7    0x6  Code  Lc  ti_msp_dl_config.o [1]
DL_GPIO_enablePower          0x2997    0xa  Code  Lc  ti_msp_dl_config.o [1]
DL_GPIO_initDigitalInput
                             0x29b5    0xc  Code  Lc  ti_msp_dl_config.o [1]
DL_GPIO_initDigitalOutput
                             0x29a9    0xc  Code  Lc  ti_msp_dl_config.o [1]
DL_GPIO_initPeripheralAnalogFunction
                             0x29dd    0xc  Code  Lc  ti_msp_dl_config.o [1]
DL_GPIO_initPeripheralInputFunction
                             0x29cf    0xe  Code  Lc  ti_msp_dl_config.o [1]
DL_GPIO_initPeripheralOutputFunction
                             0x29c1    0xe  Code  Lc  ti_msp_dl_config.o [1]
DL_GPIO_readPins             0x1471    0xc  Code  Lc  zcom485.o [2]
DL_GPIO_reset                0x29a1    0x8  Code  Lc  ti_msp_dl_config.o [1]
DL_GPIO_setPins              0x29e9    0x6  Code  Lc  ti_msp_dl_config.o [1]
DL_GPIO_setPins              0x147d    0x6  Code  Lc  zcom485.o [2]
DL_GPIO_setPins               0x117    0x6  Code  Lc  zscl_delay_main.o [2]
DL_GPIO_togglePins            0x125    0x6  Code  Lc  zscl_delay_main.o [2]
DL_MCAN_TXBufAddReq          0x1271   0x2c  Code  Gb  dl_mcan.o [5]
DL_MCAN_TXBufTransIntrEnable
                             0x134f   0x26  Code  Gb  dl_mcan.o [5]
DL_MCAN_clearInterruptStatus
                             0x2a1b    0x6  Code  Lc  ti_msp_dl_config.o [1]
DL_MCAN_clearIntrStatus
                             0x1345    0xa  Code  Gb  dl_mcan.o [5]
DL_MCAN_enableInterrupt
                             0x2a0f    0xc  Code  Lc  ti_msp_dl_config.o [1]
DL_MCAN_enableIntr           0x12f5   0x16  Code  Gb  dl_mcan.o [5]
DL_MCAN_enableIntrLine       0x1323   0x1c  Code  Gb  dl_mcan.o [5]
DL_MCAN_enableModuleClock
                             0x2a21    0xa  Code  Lc  ti_msp_dl_config.o [1]
DL_MCAN_enablePower          0x29fd    0xa  Code  Lc  ti_msp_dl_config.o [1]
DL_MCAN_getIntrStatus        0x133f    0x6  Code  Gb  dl_mcan.o [5]
DL_MCAN_getOpMode             0xc7d    0xa  Code  Gb  dl_mcan.o [5]
DL_MCAN_getPendingInterrupt
                              0x12b    0x8  Code  Lc  zscl_delay_main.o [2]
DL_MCAN_getRevisionId        0x138d   0x46  Code  Gb  dl_mcan.o [5]
DL_MCAN_init                  0xc87   0xf2  Code  Gb  dl_mcan.o [5]
DL_MCAN_isMemInitDone         0xc5f    0xa  Code  Gb  dl_mcan.o [5]
DL_MCAN_msgRAMConfig          0xead  0x232  Code  Gb  dl_mcan.o [5]
DL_MCAN_reset                0x2a07    0x8  Code  Lc  ti_msp_dl_config.o [1]
DL_MCAN_selectIntrLine       0x130d   0x16  Code  Gb  dl_mcan.o [5]
DL_MCAN_setBitTime            0xd95   0xf0  Code  Gb  dl_mcan.o [5]
DL_MCAN_setClockConfig        0xc41   0x1e  Code  Gb  dl_mcan.o [5]
DL_MCAN_setExtIDAndMask
                             0x10e5   0x3a  Code  Gb  dl_mcan.o [5]
DL_MCAN_setOpMode             0xc69   0x14  Code  Gb  dl_mcan.o [5]
DL_MCAN_writeMsgRam          0x1149  0x120  Code  Gb  dl_mcan.o [5]
DL_SYSCTL_configSYSPLL       0x2b75   0xb6  Code  Gb  dl_sysctl_mspm0g1x0x_g3x0x.o [5]
DL_SYSCTL_disableHFXT        0x297b    0xc  Code  Lc  ti_msp_dl_config.o [1]
DL_SYSCTL_disableSYSPLL
                             0x296f    0xc  Code  Lc  ti_msp_dl_config.o [1]
DL_SYSCTL_setBORThreshold
                             0x294d    0x6  Code  Lc  ti_msp_dl_config.o [1]
DL_SYSCTL_setFlashWaitState
                             0x2987   0x10  Code  Lc  ti_msp_dl_config.o [1]
DL_SYSCTL_setSYSOSCFreq
                             0x2953    0xe  Code  Lc  ti_msp_dl_config.o [1]
DL_SYSCTL_setULPCLKDivider
                             0x2961    0xe  Code  Lc  ti_msp_dl_config.o [1]
DL_SYSCTL_switchMCLKfromSYSOSCtoHSCLK
                             0x2c2b   0x24  Code  Gb  dl_sysctl_mspm0g1x0x_g3x0x.o [5]
DL_TimerA_initPWMMode        0x2e0d   0x80  Code  Gb  dl_timer.o [5]
DL_Timer_enableClock         0x2a45    0x8  Code  Lc  ti_msp_dl_config.o [1]
DL_Timer_enableInterrupt
                             0x2a4d    0xc  Code  Lc  ti_msp_dl_config.o [1]
DL_Timer_enablePower         0x2a2b    0xa  Code  Lc  ti_msp_dl_config.o [1]
DL_Timer_getPendingInterrupt
                              0x147    0xa  Code  Lc  zscl_delay_main.o [2]
DL_Timer_initPWMMode         0x2cf9   0xb2  Code  Gb  dl_timer.o [5]
DL_Timer_initTimerMode       0x2c87   0x5c  Code  Gb  dl_timer.o [5]
DL_Timer_reset               0x2a35    0x8  Code  Lc  ti_msp_dl_config.o [1]
DL_Timer_setCCPDirection
                             0x2a3d    0x8  Code  Lc  ti_msp_dl_config.o [1]
DL_Timer_setCaptCompUpdateMethod
                             0x2db9   0x1a  Code  Gb  dl_timer.o [5]
DL_Timer_setCaptureCompareOutCtl
                             0x2dd3   0x14  Code  Gb  dl_timer.o [5]
DL_Timer_setCaptureCompareValue
                             0x2dab    0xa  Code  Gb  dl_timer.o [5]
DL_Timer_setClockConfig
                             0x2c71   0x16  Code  Gb  dl_timer.o [5]
DL_Timer_setLoadValue         0x133    0x6  Code  Lc  zscl_delay_main.o [2]
DL_Timer_startCounter         0x139    0xe  Code  Lc  zscl_delay_main.o [2]
DL_UART_enable               0x2a6b   0x10  Code  Lc  ti_msp_dl_config.o [1]
DL_UART_enableDMATransmitEvent
                             0x2ac9    0xa  Code  Lc  ti_msp_dl_config.o [1]
DL_UART_enableInterrupt
                             0x2abd    0xc  Code  Lc  ti_msp_dl_config.o [1]
DL_UART_enableInterrupt
                              0x161    0xc  Code  Lc  zscl_delay_main.o [2]
DL_UART_enablePower          0x2a59    0xa  Code  Lc  ti_msp_dl_config.o [1]
DL_UART_getPendingInterrupt
                              0x16d    0xa  Code  Lc  zscl_delay_main.o [2]
DL_UART_init                 0x2ea1   0x48  Code  Gb  dl_uart.o [5]
DL_UART_receiveData           0x159    0x8  Code  Lc  zscl_delay_main.o [2]
DL_UART_reset                0x2a63    0x8  Code  Lc  ti_msp_dl_config.o [1]
DL_UART_setBaudRateDivisor
                             0x2a8d   0x30  Code  Lc  ti_msp_dl_config.o [1]
DL_UART_setClockConfig       0x2ee9   0x10  Code  Gb  dl_uart.o [5]
DL_UART_setOversampling
                             0x2a7b   0x12  Code  Lc  ti_msp_dl_config.o [1]
DL_UART_transmitData          0x151    0x8  Code  Lc  zscl_delay_main.o [2]
DL_WWDT_enablePower          0x2af3    0xa  Code  Lc  ti_msp_dl_config.o [1]
DL_WWDT_initWatchdogMode
                             0x2ad3   0x20  Code  Lc  ti_msp_dl_config.o [1]
DL_WWDT_reset                0x2afd    0x8  Code  Lc  ti_msp_dl_config.o [1]
DL_WWDT_restart               0x177    0x8  Code  Lc  zscl_delay_main.o [2]
DL_WWDT_setActiveWindow
                             0x2b05    0xc  Code  Lc  ti_msp_dl_config.o [1]
DMA_IRQHandler               0x20b3    0x2  Code  Wk  startup_mspm0g350x_iar.o [3]
Default_Handler              0x20b3    0x2  Code  Lc  startup_mspm0g350x_iar.o [3]
GROUP0_IRQHandler            0x20b3    0x2  Code  Wk  startup_mspm0g350x_iar.o [3]
GROUP1_IRQHandler            0x20b3    0x2  Code  Wk  startup_mspm0g350x_iar.o [3]
HardFault_Handler            0x20b3    0x2  Code  Wk  startup_mspm0g350x_iar.o [3]
I2C0_IRQHandler              0x20b3    0x2  Code  Wk  startup_mspm0g350x_iar.o [3]
I2C1_IRQHandler              0x20b3    0x2  Code  Wk  startup_mspm0g350x_iar.o [3]
NMI_Handler                  0x20b3    0x2  Code  Wk  startup_mspm0g350x_iar.o [3]
PendSV_Handler               0x20b3    0x2  Code  Wk  startup_mspm0g350x_iar.o [3]
ProjNameBuf                  0x1648    0x8  Data  Lc  zcom485.o [2]
ProjNameBuf_B                0x1650    0x8  Data  Lc  zcom485.o [2]
ROUT                          0x17f   0x1a  Code  Gb  zscl_delay_main.o [2]
RTC_IRQHandler               0x20b3    0x2  Code  Wk  startup_mspm0g350x_iar.o [3]
Region$$Table$$Base          0x324c          --   Gb  - Linker created -
Region$$Table$$Limit         0x326c          --   Gb  - Linker created -
Reset_Handler                0x3289    0x8  Code  Wk  startup_mspm0g350x_iar.o [3]
Rout_init                     0x199   0x42  Code  Gb  zscl_delay_main.o [2]
SCL1_TXEN                     0x3c1   0x42  Code  Gb  zscl_delay_main.o [2]
SCL2_TXEN                     0xb4d   0x40  Code  Gb  zscl_delay_main.o [2]
SCL3_TXEN                     0xb99   0x40  Code  Gb  zscl_delay_main.o [2]
SPI0_IRQHandler              0x20b3    0x2  Code  Wk  startup_mspm0g350x_iar.o [3]
SPI1_IRQHandler              0x20b3    0x2  Code  Wk  startup_mspm0g350x_iar.o [3]
SVC_Handler                  0x20b3    0x2  Code  Wk  startup_mspm0g350x_iar.o [3]
SYSCFG_DL_DMA_SCL1_TX_init
                             0x2f01   0x18  Code  Wk  ti_msp_dl_config.o [1]
SYSCFG_DL_DMA_SCL2_TX_init
                             0x2f19   0x18  Code  Wk  ti_msp_dl_config.o [1]
SYSCFG_DL_DMA_SCL3_TX_init
                             0x2f31   0x18  Code  Wk  ti_msp_dl_config.o [1]
SYSCFG_DL_DMA_init           0x25e1   0x10  Code  Wk  ti_msp_dl_config.o [1]
SYSCFG_DL_GPIO_init          0x21c9  0x1ac  Code  Wk  ti_msp_dl_config.o [1]
SYSCFG_DL_MCAN0_init         0x2619   0xbc  Code  Wk  ti_msp_dl_config.o [1]
SYSCFG_DL_SYSCTL_init        0x2375   0x38  Code  Wk  ti_msp_dl_config.o [1]
SYSCFG_DL_WWDT0_init         0x25f1   0x28  Code  Wk  ti_msp_dl_config.o [1]
SYSCFG_DL_ZCLK1_init         0x23ad   0x54  Code  Wk  ti_msp_dl_config.o [1]
SYSCFG_DL_ZCLK2_init         0x2401   0x54  Code  Wk  ti_msp_dl_config.o [1]
SYSCFG_DL_ZSCL1_init         0x24e5   0x54  Code  Wk  ti_msp_dl_config.o [1]
SYSCFG_DL_ZSCL2_init         0x2539   0x54  Code  Wk  ti_msp_dl_config.o [1]
SYSCFG_DL_ZSCL3_init         0x258d   0x54  Code  Wk  ti_msp_dl_config.o [1]
SYSCFG_DL_init               0x1411   0x60  Code  Wk  ti_msp_dl_config.o [1]
SYSCFG_DL_initPower          0x20f5   0xd4  Code  Wk  ti_msp_dl_config.o [1]
SYSCFG_DL_scl1_com_idle_init
                             0x2485   0x30  Code  Wk  ti_msp_dl_config.o [1]
SYSCFG_DL_scl1_time_init
                             0x2455   0x30  Code  Wk  ti_msp_dl_config.o [1]
SYSCFG_DL_scl2_com_idle_init
                             0x24b5   0x30  Code  Wk  ti_msp_dl_config.o [1]
Scl1_Data_Pack               0x20b1    0x2  Code  Gb  zscl1_process.o [2]
Scl1_Rx_Delay           0x2020'0a50    0x1  Data  Gb  zscl_delay_main.o [2]
Scl1_Tx_Done            0x2020'08ae    0x2  Data  Gb  zscl_delay_main.o [2]
SysTick_Handler              0x20b3    0x2  Code  Wk  startup_mspm0g350x_iar.o [3]
TFD1Pass                0x2020'000e    0x1  Data  Gb  zcom485.o [2]
TFD2Pass                0x2020'000f    0x1  Data  Gb  zcom485.o [2]
TIMA0_IRQHandler             0x20b3    0x2  Code  Wk  startup_mspm0g350x_iar.o [3]
TIMA1_IRQHandler             0x20b3    0x2  Code  Wk  startup_mspm0g350x_iar.o [3]
TIMG0_IRQHandler              0x585   0x12  Code  Gb  zscl_delay_main.o [2]
TIMG12_IRQHandler            0x20b3    0x2  Code  Wk  startup_mspm0g350x_iar.o [3]
TIMG6_IRQHandler              0x8cd  0x25e  Code  Gb  zscl_delay_main.o [2]
TIMG6_IRQHandler::time_out
                        0x2020'0a5a    0x2  Data  Lc  zscl_delay_main.o [2]
TIMG6_IRQHandler::time_out_100ms
                        0x2020'0a5e    0x2  Data  Lc  zscl_delay_main.o [2]
TIMG6_IRQHandler::time_out_1ms
                        0x2020'0a5c    0x2  Data  Lc  zscl_delay_main.o [2]
TIMG6_IRQHandler::time_out_1s
                        0x2020'0a62    0x2  Data  Lc  zscl_delay_main.o [2]
TIMG6_IRQHandler::time_out_40ms
                        0x2020'0a60    0x2  Data  Lc  zscl_delay_main.o [2]
TIMG7_IRQHandler              0xb31    0xa  Code  Gb  zscl_delay_main.o [2]
TIMG8_IRQHandler             0x20b3    0x2  Code  Wk  startup_mspm0g350x_iar.o [3]
UART0_IRQHandler              0x48d   0x7c  Code  Gb  zscl_delay_main.o [2]
UART1_IRQHandler              0x40d   0x7e  Code  Gb  zscl_delay_main.o [2]
UART2_IRQHandler             0x20b3    0x2  Code  Wk  startup_mspm0g350x_iar.o [3]
UART3_IRQHandler              0x515   0x6c  Code  Gb  zscl_delay_main.o [2]
Version                 0x2020'0a51    0x1  Data  Gb  zscl_delay_main.o [2]
_Rand_idx               0x2020'07c4    0x4  Data  Lc  rand.o [4]
_Rand_rv                0x2020'0744   0x80  Data  Lc  rand.o [4]
_Randinit               0x2020'010c    0x1  Data  Gb  rand.o [4]
_Randseed               0x2020'0110    0x4  Data  Gb  rand.o [4]
__NVIC_ClearPendingIRQ         0xd3   0x12  Code  Lc  zscl_delay_main.o [2]
__NVIC_EnableIRQ               0xc1   0x12  Code  Lc  zscl_delay_main.o [2]
__NVIC_SetPriority           0x28fd   0x44  Code  Lc  ti_msp_dl_config.o [1]
__aeabi_idiv                 0x27f9         Code  Gb  I32DivModFast.o [6]
__aeabi_idiv0                0x2f49         Code  Gb  IntDivZer.o [6]
__aeabi_idivmod              0x27f9         Code  Gb  I32DivModFast.o [6]
__aeabi_memset               0x28ad         Code  Gb  ABImemset.o [6]
__aeabi_uidiv                0x27ff         Code  Gb  I32DivModFast.o [6]
__aeabi_uidivmod             0x27ff         Code  Gb  I32DivModFast.o [6]
__cmain                      0x31f9         Code  Gb  cmain.o [6]
__exit                       0x3239   0x14  Code  Gb  exit.o [7]
__iar_Memset4_word           0x28cd         Code  Gb  ABImemset.o [6]
__iar_Memset_word            0x28b9         Code  Gb  ABImemset.o [6]
__iar_data_init3             0x31d1   0x28  Code  Gb  data_init.o [6]
__iar_fast_memcpy4           0x20c1         Code  Gb  ABImemcpy_fast.o [6]
__iar_fast_memcpy8           0x20c1         Code  Gb  ABImemcpy_fast.o [6]
__iar_packbits_init_single3
                             0x13d3   0x3e  Code  Gb  packbits_init_single.o [6]
__iar_program_start          0x326d         Code  Gb  cstartup_M.o [6]
__iar_zero_init3             0x316d   0x3c  Code  Gb  zero_init3.o [6]
__low_level_init             0x321b    0x4  Code  Gb  low_level_init.o [4]
__vector_table                  0x0   0xc0  Data  Gb  startup_mspm0g350x_iar.o [3]
_call_main                   0x3205         Code  Gb  cmain.o [6]
_exit                        0x3229         Code  Gb  cexit.o [6]
_exit_2                      0x322d         Code  Gb  cexit_2.o [6]
blink_cnt_485B          0x2020'0a6c    0x1  Data  Gb  zscl_logic.o [2]
blink_cnt_can           0x2020'0a20    0x1  Data  Gb  zscl_logic.o [2]
blink_cnt_scl           0x2020'081e    0x1  Data  Gb  zscl_logic.o [2]
blink_mode              0x2020'081d    0x1  Data  Gb  zscl_logic.o [2]
board4_err              0x2020'0018    0x2  Data  Gb  zcom485.o [2]
boardtest_loop_process       0x1965  0x488  Code  Gb  zcom485.o [2]
cal_sum_value                0x14af   0x24  Code  Gb  zcom485.o [2]
cal_xor_value                0x148b   0x24  Code  Gb  zcom485.o [2]
can_cnt_rx              0x2020'0a2c    0x4  Data  Gb  zscl_logic.o [2]
can_cnt_tx              0x2020'0864    0x4  Data  Gb  zscl_logic.o [2]
can_master_data         0x2020'0a10    0x8  Data  Gb  zscl_logic.o [2]
can_nodata_cnt          0x2020'0a6b    0x1  Data  Gb  zscl_logic.o [2]
can_req_data            0x2020'0a08    0x8  Data  Gb  zscl_logic.o [2]
can_slave_data          0x2020'0a18    0x8  Data  Gb  zscl_logic.o [2]
can_txd_start                 0x1db   0x66  Code  Gb  zscl_delay_main.o [2]
door_data               0x2020'081c    0x1  Data  Gb  zscl_logic.o [2]
door_length_sf          0x2020'0822    0x2  Data  Gb  zscl_logic.o [2]
exit                         0x321f    0x8  Code  Gb  exit.o [4]
gDMA_SCL1_TXConfig           0x302c   0x18  Data  Lc  ti_msp_dl_config.o [1]
gDMA_SCL2_TXConfig           0x3044   0x18  Data  Lc  ti_msp_dl_config.o [1]
gDMA_SCL3_TXConfig           0x305c   0x18  Data  Lc  ti_msp_dl_config.o [1]
gEchoData_rs485         0x2020'08ac    0x1  Data  Gb  zscl_delay_main.o [2]
gEchoData_rs485A        0x2020'08f4    0x1  Data  Gb  zscl_delay_main.o [2]
gInterruptLine1Status   0x2020'0a64    0x4  Data  Gb  zscl_delay_main.o [2]
gMCAN0Backup            0x2020'028c   0x98  Data  Gb  ti_msp_dl_config.o [1]
gMCAN0BitTimes               0x3078   0x20  Data  Lc  ti_msp_dl_config.o [1]
gMCAN0ClockConf              0x3074    0x4  Data  Lc  ti_msp_dl_config.o [1]
gMCAN0InitParams             0x3098   0x34  Data  Lc  ti_msp_dl_config.o [1]
gMCAN0MsgRAMConfigParams
                             0x30cc   0x60  Data  Lc  ti_msp_dl_config.o [1]
gSYSPLLConfig                0x31a8   0x28  Data  Lc  ti_msp_dl_config.o [1]
gZCLK1Backup            0x2020'0114   0xbc  Data  Gb  ti_msp_dl_config.o [1]
gZCLK1ClockConfig            0x2f9c    0x4  Data  Lc  ti_msp_dl_config.o [1]
gZCLK1Config                 0x2fa0    0x8  Data  Lc  ti_msp_dl_config.o [1]
gZCLK2Backup            0x2020'01d0   0xbc  Data  Gb  ti_msp_dl_config.o [1]
gZCLK2ClockConfig            0x2fa8    0x4  Data  Lc  ti_msp_dl_config.o [1]
gZCLK2Config                 0x2fac    0x8  Data  Lc  ti_msp_dl_config.o [1]
gZSCL1Backup            0x2020'0414   0x30  Data  Gb  ti_msp_dl_config.o [1]
gZSCL1ClockConfig            0x2ffc    0x2  Data  Lc  ti_msp_dl_config.o [1]
gZSCL1Config                 0x3000    0xc  Data  Lc  ti_msp_dl_config.o [1]
gZSCL2ClockConfig            0x300c    0x2  Data  Lc  ti_msp_dl_config.o [1]
gZSCL2Config                 0x3010    0xc  Data  Lc  ti_msp_dl_config.o [1]
gZSCL3ClockConfig            0x301c    0x2  Data  Lc  ti_msp_dl_config.o [1]
gZSCL3Config                 0x3020    0xc  Data  Lc  ti_msp_dl_config.o [1]
g_can_datan_time        0x2020'0a58    0x1  Data  Gb  zscl_delay_main.o [2]
g_can_rx_flag           0x2020'0a57    0x1  Data  Gb  zscl_delay_main.o [2]
getRspHSTFD1            0x2020'0005    0x1  Data  Gb  zcom485.o [2]
getRspHSTFD2            0x2020'0006    0x1  Data  Gb  zcom485.o [2]
getRspNd061             0x2020'0007    0x1  Data  Gb  zcom485.o [2]
getRspNd062             0x2020'0008    0x1  Data  Gb  zcom485.o [2]
getRspTFD11             0x2020'0009    0x1  Data  Gb  zcom485.o [2]
getRspTFD12             0x2020'000a    0x1  Data  Gb  zcom485.o [2]
getRspTFD21             0x2020'000b    0x1  Data  Gb  zcom485.o [2]
getRspTFD22             0x2020'000c    0x1  Data  Gb  zcom485.o [2]
get_scla_tdata_can           0x1e57   0x80  Code  Gb  zscl_logic.o [2]
gscl1_com_idleBackup    0x2020'0324   0x78  Data  Gb  ti_msp_dl_config.o [1]
gscl1_com_idleClockConfig
                             0x2fcc    0x4  Data  Lc  ti_msp_dl_config.o [1]
gscl1_com_idleTimerConfig
                             0x2fd0   0x14  Data  Lc  ti_msp_dl_config.o [1]
gscl1_timeClockConfig        0x2fb4    0x4  Data  Lc  ti_msp_dl_config.o [1]
gscl1_timeTimerConfig        0x2fb8   0x14  Data  Lc  ti_msp_dl_config.o [1]
gscl2_com_idleBackup    0x2020'039c   0x78  Data  Gb  ti_msp_dl_config.o [1]
gscl2_com_idleClockConfig
                             0x2fe4    0x4  Data  Lc  ti_msp_dl_config.o [1]
gscl2_com_idleTimerConfig
                             0x2fe8   0x14  Data  Lc  ti_msp_dl_config.o [1]
handTFD1                0x2020'0058    0xc  Data  Gb  zcom485.o [2]
handle_com_data              0x1829   0xdc  Code  Gb  zcom485.o [2]
homework_switch1        0x2020'0002    0x1  Data  Gb  zcom485.o [2]
homework_switch2        0x2020'0003    0x1  Data  Gb  zcom485.o [2]
homework_switch3        0x2020'0004    0x1  Data  Gb  zcom485.o [2]
in2_times               0x2020'001c    0x2  Data  Gb  zcom485.o [2]
in_times                0x2020'001a    0x2  Data  Gb  zcom485.o [2]
m_bk                    0x2020'0000    0x2  Data  Gb  zcom485.o [2]
m_id_code               0x2020'0010    0x8  Data  Gb  zcom485.o [2]
m_pEnd_msg              0x2020'062c   0x8c  Data  Gb  zcom485.o [2]
m_pResult_msg           0x2020'06b8   0x8c  Data  Gb  zcom485.o [2]
m_p_msg                 0x2020'05a0   0x8c  Data  Gb  zcom485.o [2]
m_send_message_times1   0x2020'0020    0x2  Data  Gb  zcom485.o [2]
m_send_message_times2   0x2020'0022    0x2  Data  Gb  zcom485.o [2]
m_send_message_times3   0x2020'0024    0x2  Data  Gb  zcom485.o [2]
m_test_state            0x2020'059c    0x1  Data  Gb  zcom485.o [2]
main                          0x2b5  0x106  Code  Gb  zscl_delay_main.o [2]
mem_copy                     0x1e11   0x14  Code  Gb  zscl_logic.o [2]
mem_set                      0x1e25   0x10  Code  Gb  zscl_logic.o [2]
mtestmsg                0x2020'07c8   0x54  Data  Gb  zcom485.o [2]
nd061_data              0x2020'00f4    0x4  Data  Gb  zscl_delay_main.o [2]
nd062_data              0x2020'00f8    0x4  Data  Gb  zscl_delay_main.o [2]
nd_times                0x2020'001e    0x2  Data  Gb  zcom485.o [2]
out_y0_cnt              0x2020'0a21    0x1  Data  Gb  zscl_logic.o [2]
pData                   0x2020'0510   0x8c  Data  Gb  zcom485.o [2]
poweroff                0x2020'059d    0x1  Data  Gb  zscl_logic.o [2]
poweroff_delaycnt       0x2020'0a68    0x1  Data  Gb  zscl_logic.o [2]
poweroff_done           0x2020'059e    0x1  Data  Gb  zscl_logic.o [2]
poweroff_on_cnt         0x2020'0a69    0x1  Data  Gb  zscl_logic.o [2]
poweroff_on_en          0x2020'0a6a    0x1  Data  Gb  zscl_logic.o [2]
poweroff_on_en_timer    0x2020'08f6    0x2  Data  Gb  zscl_logic.o [2]
poweron                 0x2020'059f    0x1  Data  Gb  zscl_logic.o [2]
rand                         0x26d5   0xde  Code  Gb  rand.o [4]
request_set_code             0x1781   0x98  Code  Gb  zcom485.o [2]
rxBuffT                 0x2020'007c   0x14  Data  Gb  zscl_delay_main.o [2]
rxND1                   0x2020'00fc    0x8  Data  Gb  zscl_delay_main.o [2]
rxND2                   0x2020'0104    0x8  Data  Gb  zscl_delay_main.o [2]
rxTFD1                  0x2020'0090   0x10  Data  Gb  zscl_delay_main.o [2]
rxTFD2                  0x2020'00a0   0x10  Data  Gb  zscl_delay_main.o [2]
rxd_buff_scl            0x2020'0a30   0x20  Data  Gb  zscl_logic.o [2]
rxd_can_timeout         0x2020'0a28    0x2  Data  Gb  zscl_logic.o [2]
rxd_can_timeout_m       0x2020'0a22    0x2  Data  Gb  zscl_logic.o [2]
rxd_can_timeout_req     0x2020'0a26    0x2  Data  Gb  zscl_logic.o [2]
rxd_can_timeout_s       0x2020'0a24    0x2  Data  Gb  zscl_logic.o [2]
rxd_flag                0x2020'0a52    0x1  Data  Gb  zscl_delay_main.o [2]
rxd_flag_rs485A         0x2020'0a54    0x1  Data  Gb  zscl_delay_main.o [2]
rxd_flag_rs485B         0x2020'0a55    0x1  Data  Gb  zscl_delay_main.o [2]
rxd_scl_timeout         0x2020'0820    0x2  Data  Gb  zscl_logic.o [2]
rxd_uart0               0x2020'0444   0x44  Data  Gb  zscl_delay_main.o [2]
rxd_uart0_tmp           0x2020'08f8   0x44  Data  Gb  zscl_delay_main.o [2]
rxd_uart1               0x2020'0488   0x44  Data  Gb  zscl_delay_main.o [2]
rxd_uart1_tmp           0x2020'00b0   0x44  Data  Gb  zscl_delay_main.o [2]
rxd_uart2               0x2020'04cc   0x44  Data  Gb  zscl_delay_main.o [2]
rxd_uart2_tmp           0x2020'0980   0x44  Data  Gb  zscl_delay_main.o [2]
selectTFD               0x2020'000d    0x1  Data  Gb  zcom485.o [2]
send_shake_hand              0x14d5   0xc2  Code  Gb  zcom485.o [2]
send_test_end                0x1599   0xae  Code  Gb  zcom485.o [2]
send_test_result             0x1659  0x116  Code  Gb  zcom485.o [2]
testNd061               0x2020'0028    0xc  Data  Gb  zcom485.o [2]
testNd062               0x2020'0034    0xc  Data  Gb  zcom485.o [2]
testTFD11               0x2020'0040    0xc  Data  Gb  zcom485.o [2]
testTFD12               0x2020'004c    0xc  Data  Gb  zcom485.o [2]
testTFD21               0x2020'0064    0xc  Data  Gb  zcom485.o [2]
testTFD22               0x2020'0070    0xc  Data  Gb  zcom485.o [2]
testTFDX                     0x193d    0xe  Code  Gb  zcom485.o [2]
time_100ms              0x2020'0a56    0x1  Data  Gb  zscl_delay_main.o [2]
time_out_can            0x2020'0824    0x2  Data  Gb  zscl_logic.o [2]
timeout_can                  0x1ed7   0x8c  Code  Gb  zscl_logic.o [2]
turnOnTFD1                   0x1909   0x1a  Code  Gb  zcom485.o [2]
turnOnTFD2                   0x1923   0x1a  Code  Gb  zcom485.o [2]
txd_scla                0x2020'09c4   0x44  Data  Gb  zscl_logic.o [2]
txd_uart0               0x2020'093c   0x44  Data  Gb  zscl_delay_main.o [2]
txd_uart1               0x2020'0868   0x44  Data  Gb  zscl_delay_main.o [2]
txd_uart2               0x2020'08b0   0x44  Data  Gb  zscl_delay_main.o [2]
uart0_receive                 0x5c5   0x50  Code  Gb  zscl_delay_main.o [2]
uart_proc_entry              0x1f63  0x130  Code  Gb  zscl_logic.o [2]
uart_receive_rs485            0x645  0x1f8  Code  Gb  zscl_delay_main.o [2]
uart_receive_rs485A           0x845   0x42  Code  Gb  zscl_delay_main.o [2]
uart_sending_flag       0x2020'0a53    0x1  Data  Gb  zscl_delay_main.o [2]
xor_check_sum                0x1e35   0x22  Code  Gb  zscl_logic.o [2]


[1] = E:\HTC\REPEATER\0925\Debug\Obj\SysConfig Generated Files_5435349133262493662.dir
[2] = E:\HTC\REPEATER\0925\Debug\Obj\gpio_toggle_output_14865278146348279867.dir
[3] = E:\HTC\REPEATER\0925\Debug\Obj\iar_9900922914917184157.dir
[4] = dl6M_tln.a
[5] = driverlib.a
[6] = rt6M_tl.a
[7] = shb_l.a

  12'216 bytes of readonly  code memory
     827 bytes of readonly  data memory
   3'693 bytes of readwrite data memory

Errors: none
Warnings: none
